Archive member included to satisfy reference by file (symbol)

/root/framework/dpdk/build/lib/librte_metrics.a(rte_metrics.o)
                              main.o (rte_metrics_get_names)
/root/framework/dpdk/build/lib/librte_hash.a(rte_cuckoo_hash.o)
                              (--whole-archive)
/root/framework/dpdk/build/lib/librte_hash.a(rte_fbk_hash.o)
                              (--whole-archive)
/root/framework/dpdk/build/lib/librte_vhost.a(fd_man.o)
                              (--whole-archive)
/root/framework/dpdk/build/lib/librte_vhost.a(socket.o)
                              (--whole-archive)
/root/framework/dpdk/build/lib/librte_vhost.a(vhost.o)
                              (--whole-archive)
/root/framework/dpdk/build/lib/librte_vhost.a(vhost_user.o)
                              (--whole-archive)
/root/framework/dpdk/build/lib/librte_vhost.a(virtio_net.o)
                              (--whole-archive)
/root/framework/dpdk/build/lib/librte_kvargs.a(rte_kvargs.o)
                              (--whole-archive)
/root/framework/dpdk/build/lib/librte_mbuf.a(rte_mbuf.o)
                              (--whole-archive)
/root/framework/dpdk/build/lib/librte_mbuf.a(rte_mbuf_ptype.o)
                              (--whole-archive)
/root/framework/dpdk/build/lib/librte_net.a(rte_net.o)
                              (--whole-archive)
/root/framework/dpdk/build/lib/librte_net.a(rte_net_crc.o)
                              (--whole-archive)
/root/framework/dpdk/build/lib/librte_ethdev.a(rte_ethdev.o)
                              (--whole-archive)
/root/framework/dpdk/build/lib/librte_ethdev.a(rte_flow.o)
                              (--whole-archive)
/root/framework/dpdk/build/lib/librte_ethdev.a(rte_tm.o)
                              (--whole-archive)
/root/framework/dpdk/build/lib/librte_cryptodev.a(rte_cryptodev.o)
                              (--whole-archive)
/root/framework/dpdk/build/lib/librte_cryptodev.a(rte_cryptodev_pmd.o)
                              (--whole-archive)
/root/framework/dpdk/build/lib/librte_eventdev.a(rte_eventdev.o)
                              (--whole-archive)
/root/framework/dpdk/build/lib/librte_eventdev.a(rte_event_ring.o)
                              (--whole-archive)
/root/framework/dpdk/build/lib/librte_mempool.a(rte_mempool.o)
                              (--whole-archive)
/root/framework/dpdk/build/lib/librte_mempool.a(rte_mempool_ops.o)
                              (--whole-archive)
/root/framework/dpdk/build/lib/librte_mempool_ring.a(rte_mempool_ring.o)
                              (--whole-archive)
/root/framework/dpdk/build/lib/librte_ring.a(rte_ring.o)
                              (--whole-archive)
/root/framework/dpdk/build/lib/librte_eal.a(eal.o)
                              (--whole-archive)
/root/framework/dpdk/build/lib/librte_eal.a(eal_hugepage_info.o)
                              (--whole-archive)
/root/framework/dpdk/build/lib/librte_eal.a(eal_memory.o)
                              (--whole-archive)
/root/framework/dpdk/build/lib/librte_eal.a(eal_thread.o)
                              (--whole-archive)
/root/framework/dpdk/build/lib/librte_eal.a(eal_log.o)
                              (--whole-archive)
/root/framework/dpdk/build/lib/librte_eal.a(eal_vfio.o)
                              (--whole-archive)
/root/framework/dpdk/build/lib/librte_eal.a(eal_vfio_mp_sync.o)
                              (--whole-archive)
/root/framework/dpdk/build/lib/librte_eal.a(eal_pci.o)
                              (--whole-archive)
/root/framework/dpdk/build/lib/librte_eal.a(eal_pci_uio.o)
                              (--whole-archive)
/root/framework/dpdk/build/lib/librte_eal.a(eal_pci_vfio.o)
                              (--whole-archive)
/root/framework/dpdk/build/lib/librte_eal.a(eal_debug.o)
                              (--whole-archive)
/root/framework/dpdk/build/lib/librte_eal.a(eal_lcore.o)
                              (--whole-archive)
/root/framework/dpdk/build/lib/librte_eal.a(eal_timer.o)
                              (--whole-archive)
/root/framework/dpdk/build/lib/librte_eal.a(eal_interrupts.o)
                              (--whole-archive)
/root/framework/dpdk/build/lib/librte_eal.a(eal_alarm.o)
                              (--whole-archive)
/root/framework/dpdk/build/lib/librte_eal.a(eal_common_lcore.o)
                              (--whole-archive)
/root/framework/dpdk/build/lib/librte_eal.a(eal_common_timer.o)
                              (--whole-archive)
/root/framework/dpdk/build/lib/librte_eal.a(eal_common_memzone.o)
                              (--whole-archive)
/root/framework/dpdk/build/lib/librte_eal.a(eal_common_log.o)
                              (--whole-archive)
/root/framework/dpdk/build/lib/librte_eal.a(eal_common_launch.o)
                              (--whole-archive)
/root/framework/dpdk/build/lib/librte_eal.a(eal_common_vdev.o)
                              (--whole-archive)
[...]
Memory Configuration

Name             Origin             Length             Attributes
*default*        0x0000000000000000 0xffffffffffffffff

Linker script and memory map

LOAD /usr/lib/gcc/x86_64-linux-gnu/6/../../../x86_64-linux-gnu/Scrt1.o
LOAD /usr/lib/gcc/x86_64-linux-gnu/6/../../../x86_64-linux-gnu/crti.o
LOAD /usr/lib/gcc/x86_64-linux-gnu/6/crtbeginS.o
LOAD main.o
LOAD /root/framework/dpdk/build/lib/librte_port.a
LOAD /root/framework/dpdk/build/lib/librte_pdump.a
LOAD /root/framework/dpdk/build/lib/librte_distributor.a
LOAD /root/framework/dpdk/build/lib/librte_ip_frag.a
LOAD /root/framework/dpdk/build/lib/librte_gro.a
LOAD /root/framework/dpdk/build/lib/librte_meter.a
LOAD /root/framework/dpdk/build/lib/librte_sched.a
LOAD /root/framework/dpdk/build/lib/librte_jobstats.a
LOAD /root/framework/dpdk/build/lib/librte_metrics.a
LOAD /root/framework/dpdk/build/lib/librte_bitratestats.a
LOAD /root/framework/dpdk/build/lib/librte_latencystats.a
LOAD /root/framework/dpdk/build/lib/librte_power.a
LOAD /root/framework/dpdk/build/lib/librte_timer.a
LOAD /root/framework/dpdk/build/lib/librte_efd.a
LOAD /root/framework/dpdk/build/lib/librte_cfgfile.a
LOAD /root/framework/dpdk/build/lib/librte_hash.a
LOAD /root/framework/dpdk/build/lib/librte_vhost.a
LOAD /root/framework/dpdk/build/lib/librte_kvargs.a
LOAD /root/framework/dpdk/build/lib/librte_mbuf.a
LOAD /root/framework/dpdk/build/lib/librte_net.a
LOAD /root/framework/dpdk/build/lib/librte_ethdev.a
LOAD /root/framework/dpdk/build/lib/librte_cryptodev.a
LOAD /root/framework/dpdk/build/lib/librte_eventdev.a
LOAD /root/framework/dpdk/build/lib/librte_mempool.a
LOAD /root/framework/dpdk/build/lib/librte_mempool_ring.a
LOAD /root/framework/dpdk/build/lib/librte_ring.a
LOAD /root/framework/dpdk/build/lib/librte_eal.a
LOAD /root/framework/dpdk/build/lib/librte_cmdline.a
LOAD /root/framework/dpdk/build/lib/librte_reorder.a
LOAD /root/framework/dpdk/build/lib/librte_mempool_stack.a
LOAD /root/framework/dpdk/build/lib/librte_pmd_af_packet.a
LOAD /root/framework/dpdk/build/lib/librte_pmd_avp.a
LOAD /root/framework/dpdk/build/lib/librte_pmd_failsafe.a
LOAD /root/framework/dpdk/build/lib/librte_pmd_nfp.a
LOAD /root/framework/dpdk/build/lib/librte_pmd_tap.a
LOAD /root/framework/dpdk/build/lib/librte_pmd_virtio.a
LOAD /root/framework/dpdk/build/lib/librte_pmd_vhost.a
LOAD /root/framework/dpdk/build/lib/librte_pmd_null_crypto.a
LOAD /root/framework/dpdk/build/lib/librte_pmd_crypto_scheduler.a
LOAD /root/framework/dpdk/build/lib/librte_pmd_skeleton_event.a
LOAD /root/framework/dpdk/build/lib/librte_pmd_sw_event.a
LOAD /root/framework/dpdk/build/lib/librte_pmd_octeontx_ssovf.a
LOAD /usr/lib/gcc/x86_64-linux-gnu/6/../../../x86_64-linux-gnu/librt.so
LOAD /usr/lib/gcc/x86_64-linux-gnu/6/../../../x86_64-linux-gnu/libm.so
START GROUP
LOAD /lib/x86_64-linux-gnu/libm.so.6
LOAD /usr/lib/x86_64-linux-gnu/libmvec_nonshared.a
LOAD /lib/x86_64-linux-gnu/libmvec.so.1
END GROUP
LOAD /usr/lib/gcc/x86_64-linux-gnu/6/../../../x86_64-linux-gnu/libnuma.so
LOAD /usr/lib/gcc/x86_64-linux-gnu/6/../../../x86_64-linux-gnu/libdl.so
LOAD /usr/lib/gcc/x86_64-linux-gnu/6/libgcc.a
LOAD /usr/lib/gcc/x86_64-linux-gnu/6/libgcc_s.so
START GROUP
LOAD /usr/lib/gcc/x86_64-linux-gnu/6/libgcc_s.so.1
LOAD /usr/lib/gcc/x86_64-linux-gnu/6/libgcc.a
END GROUP
LOAD /usr/lib/gcc/x86_64-linux-gnu/6/../../../x86_64-linux-gnu/libpthread.so
START GROUP
LOAD /lib/x86_64-linux-gnu/libpthread.so.0
LOAD /usr/lib/x86_64-linux-gnu/libpthread_nonshared.a
END GROUP
LOAD /usr/lib/gcc/x86_64-linux-gnu/6/../../../x86_64-linux-gnu/libc.so
START GROUP
LOAD /lib/x86_64-linux-gnu/libc.so.6
LOAD /usr/lib/x86_64-linux-gnu/libc_nonshared.a
LOAD /lib/x86_64-linux-gnu/ld-linux-x86-64.so.2
END GROUP
LOAD /usr/lib/gcc/x86_64-linux-gnu/6/libgcc.a
LOAD /usr/lib/gcc/x86_64-linux-gnu/6/libgcc_s.so
START GROUP
LOAD /usr/lib/gcc/x86_64-linux-gnu/6/libgcc_s.so.1
LOAD /usr/lib/gcc/x86_64-linux-gnu/6/libgcc.a
END GROUP
LOAD /usr/lib/gcc/x86_64-linux-gnu/6/crtendS.o
LOAD /usr/lib/gcc/x86_64-linux-gnu/6/../../../x86_64-linux-gnu/crtn.o
                [!provide]                        PROVIDE (__executable_start, SEGMENT_START ("text-segment", 0x0))
                0x0000000000000270                . = (SEGMENT_START ("text-segment", 0x0) + SIZEOF_HEADERS)

.interp         0x0000000000000270       0x1c
 *(.interp)
 .interp        0x0000000000000270       0x1c /usr/lib/gcc/x86_64-linux-gnu/6/../../../x86_64-linux-gnu/Scrt1.o

.note.ABI-tag   0x000000000000028c       0x20
 .note.ABI-tag  0x000000000000028c       0x20 /usr/lib/gcc/x86_64-linux-gnu/6/../../../x86_64-linux-gnu/Scrt1.o

.note.gnu.build-id
                0x00000000000002ac       0x24
 *(.note.gnu.build-id)
 .note.gnu.build-id
                0x00000000000002ac       0x24 /usr/lib/gcc/x86_64-linux-gnu/6/../../../x86_64-linux-gnu/Scrt1.o

.hash
 *(.hash)

.gnu.hash       0x00000000000002d0     0x19fc
 *(.gnu.hash)
 .gnu.hash      0x00000000000002d0     0x19fc /usr/lib/gcc/x86_64-linux-gnu/6/../../../x86_64-linux-gnu/Scrt1.o

.dynsym         0x0000000000001cd0     0x61c8
 *(.dynsym)
 .dynsym        0x0000000000001cd0     0x61c8 /usr/lib/gcc/x86_64-linux-gnu/6/../../../x86_64-linux-gnu/Scrt1.o

.dynstr         0x0000000000007e98     0x5153
 *(.dynstr)
 .dynstr        0x0000000000007e98     0x5153 /usr/lib/gcc/x86_64-linux-gnu/6/../../../x86_64-linux-gnu/Scrt1.o

.gnu.version    0x000000000000cfec      0x826
 *(.gnu.version)
 .gnu.version   0x000000000000cfec      0x826 /usr/lib/gcc/x86_64-linux-gnu/6/../../../x86_64-linux-gnu/Scrt1.o

.gnu.version_d  0x000000000000d818        0x0
 *(.gnu.version_d)
 .gnu.version_d
                0x000000000000d818        0x0 /usr/lib/gcc/x86_64-linux-gnu/6/../../../x86_64-linux-gnu/Scrt1.o

.gnu.version_r  0x000000000000d818      0x130
 *(.gnu.version_r)
 .gnu.version_r
                0x000000000000d818      0x130 /usr/lib/gcc/x86_64-linux-gnu/6/../../../x86_64-linux-gnu/Scrt1.o

.rela.dyn       0x000000000000d948     0x5088
 *(.rela.init)
 *(.rela.text .rela.text.* .rela.gnu.linkonce.t.*)
 .rela.text     0x000000000000d948        0x0 /usr/lib/gcc/x86_64-linux-gnu/6/../../../x86_64-linux-gnu/Scrt1.o
 .rela.text.startup
                0x000000000000d948        0x0 /usr/lib/gcc/x86_64-linux-gnu/6/../../../x86_64-linux-gnu/Scrt1.o
 *(.rela.fini)
 *(.rela.rodata .rela.rodata.* .rela.gnu.linkonce.r.*)
 *(.rela.data .rela.data.* .rela.gnu.linkonce.d.*)
 .rela.data.rel.ro
                0x000000000000d948      0x780 /usr/lib/gcc/x86_64-linux-gnu/6/../../../x86_64-linux-gnu/Scrt1.o
 .rela.data.rel.local
                0x000000000000e0c8     0x1a88 /usr/lib/gcc/x86_64-linux-gnu/6/../../../x86_64-linux-gnu/Scrt1.o
 .rela.data.rel.ro.local
                0x000000000000fb50     0x27a8 /usr/lib/gcc/x86_64-linux-gnu/6/../../../x86_64-linux-gnu/Scrt1.o
 .rela.data     0x00000000000122f8       0xc0 /usr/lib/gcc/x86_64-linux-gnu/6/../../../x86_64-linux-gnu/Scrt1.o
 .rela.data.rel
                0x00000000000123b8       0xc0 /usr/lib/gcc/x86_64-linux-gnu/6/../../../x86_64-linux-gnu/Scrt1.o
 *(.rela.tdata .rela.tdata.* .rela.gnu.linkonce.td.*)
 *(.rela.tbss .rela.tbss.* .rela.gnu.linkonce.tb.*)
 *(.rela.ctors)
 *(.rela.dtors)
 *(.rela.got)
 .rela.got      0x0000000000012478       0xf0 /usr/lib/gcc/x86_64-linux-gnu/6/../../../x86_64-linux-gnu/Scrt1.o
 *(.rela.bss .rela.bss.* .rela.gnu.linkonce.b.*)
 .rela.bss      0x0000000000012568       0x90 /usr/lib/gcc/x86_64-linux-gnu/6/../../../x86_64-linux-gnu/Scrt1.o
 *(.rela.ldata .rela.ldata.* .rela.gnu.linkonce.l.*)
 *(.rela.lbss .rela.lbss.* .rela.gnu.linkonce.lb.*)
 *(.rela.lrodata .rela.lrodata.* .rela.gnu.linkonce.lr.*)
 *(.rela.ifunc)
 .rela.fini_array
                0x00000000000125f8       0x18 /usr/lib/gcc/x86_64-linux-gnu/6/../../../x86_64-linux-gnu/Scrt1.o
 .rela.init_array
                0x0000000000012610      0x390 /usr/lib/gcc/x86_64-linux-gnu/6/../../../x86_64-linux-gnu/Scrt1.o
 .rela.init_array.00101
                0x00000000000129a0       0x30 /usr/lib/gcc/x86_64-linux-gnu/6/../../../x86_64-linux-gnu/Scrt1.o

.rela.plt       0x00000000000129d0      0xe70
 *(.rela.plt)
 .rela.plt      0x00000000000129d0      0xe70 /usr/lib/gcc/x86_64-linux-gnu/6/../../../x86_64-linux-gnu/Scrt1.o
                [!provide]                        PROVIDE (__rela_iplt_start, .)
 *(.rela.iplt)
                [!provide]                        PROVIDE (__rela_iplt_end, .)

.init           0x0000000000013840       0x17
 *(SORT(.init))
 .init          0x0000000000013840       0x12 /usr/lib/gcc/x86_64-linux-gnu/6/../../../x86_64-linux-gnu/crti.o
                0x0000000000013840                _init
 .init          0x0000000000013852        0x5 /usr/lib/gcc/x86_64-linux-gnu/6/../../../x86_64-linux-gnu/crtn.o

.plt            0x0000000000013860      0x9b0
 *(.plt)
 .plt           0x0000000000013860      0x9b0 /usr/lib/gcc/x86_64-linux-gnu/6/../../../x86_64-linux-gnu/Scrt1.o
 *(.iplt)

.plt.got        0x0000000000014210        0x8
 *(.plt.got)
 .plt.got       0x0000000000014210        0x8 /usr/lib/gcc/x86_64-linux-gnu/6/../../../x86_64-linux-gnu/Scrt1.o

.plt.bnd
 *(.plt.bnd)

.text           0x0000000000014220    0x97412
 *(.text.unlikely .text.*_unlikely .text.unlikely.*)
 .text.unlikely
                0x0000000000014220      0x20a /root/framework/dpdk/build/lib/librte_vhost.a(vhost_user.o)
 .text.unlikely
                0x000000000001442a       0x3a /root/framework/dpdk/build/lib/librte_cryptodev.a(rte_cryptodev.o)
 .text.unlikely
                0x0000000000014464       0xbf /root/framework/dpdk/build/lib/librte_eal.a(eal_debug.o)
                0x0000000000014464                __rte_panic
 .text.unlikely
                0x0000000000014523       0x92 /root/framework/dpdk/build/lib/librte_eal.a(eal_common_log.o)
                0x0000000000014523                rte_log
 .text.unlikely
                0x00000000000145b5       0x4f /root/framework/dpdk/build/lib/librte_pmd_af_packet.a(rte_eth_af_packet.o)
 .text.unlikely
                0x0000000000014604       0x7d /root/framework/dpdk/build/lib/librte_pmd_avp.a(avp_ethdev.o)
 .text.unlikely
                0x0000000000014681      0x2c6 /root/framework/dpdk/build/lib/librte_pmd_tap.a(rte_eth_tap.o)
 .text.unlikely
                0x0000000000014947       0xd8 /root/framework/dpdk/build/lib/librte_pmd_virtio.a(virtio_rxtx_simple.o)
                0x0000000000014947                virtqueue_enqueue_recv_refill_simple
                0x00000000000149b0                virtio_rxq_vec_setup
 *(.text.exit .text.exit.*)
 *(.text.startup .text.startup.*)
 *fill*         0x0000000000014a1f        0x1 
 .text.startup  0x0000000000014a20       0x6c /root/framework/dpdk/build/lib/librte_hash.a(rte_cuckoo_hash.o)
 *fill*         0x0000000000014a8c        0x4 
 .text.startup  0x0000000000014a90       0x6c /root/framework/dpdk/build/lib/librte_hash.a(rte_fbk_hash.o)
 *fill*         0x0000000000014afc        0x4 
 .text.startup  0x0000000000014b00      0x193 /root/framework/dpdk/build/lib/librte_net.a(rte_net_crc.o)
 *fill*         0x0000000000014c93        0xd 
 .text.startup  0x0000000000014ca0       0x3c /root/framework/dpdk/build/lib/librte_eventdev.a(rte_event_ring.o)
 *fill*         0x0000000000014cdc        0x4 
 .text.startup  0x0000000000014ce0       0x3c /root/framework/dpdk/build/lib/librte_mempool.a(rte_mempool.o)
 *fill*         0x0000000000014d1c        0x4 
 .text.startup  0x0000000000014d20       0x3c /root/framework/dpdk/build/lib/librte_mempool_ring.a(rte_mempool_ring.o)
                0x0000000000014d20                mp_hdlr_init_ops_mp_mc
                0x0000000000014d30                mp_hdlr_init_ops_sp_sc
                0x0000000000014d40                mp_hdlr_init_ops_mp_sc
                0x0000000000014d50                mp_hdlr_init_ops_sp_mc
 *fill*         0x0000000000014d5c        0x4 
 .text.startup  0x0000000000014d60       0x3c /root/framework/dpdk/build/lib/librte_ring.a(rte_ring.o)
 *fill*         0x0000000000014d9c        0x4 
 .text.startup  0x0000000000014da0        0xf /root/framework/dpdk/build/lib/librte_eal.a(eal_common_timer.o)
 *fill*         0x0000000000014daf        0x1 
 .text.startup  0x0000000000014db0       0x83 /root/framework/dpdk/build/lib/librte_eal.a(eal_common_log.o)
 *fill*         0x0000000000014e33        0xd 
 .text.startup  0x0000000000014e40       0x1a /root/framework/dpdk/build/lib/librte_eal.a(eal_common_vdev.o)
 *fill*         0x0000000000014e5a        0x6 
 .text.startup  0x0000000000014e60       0x1a /root/framework/dpdk/build/lib/librte_eal.a(eal_common_pci.o)
 *fill*         0x0000000000014e7a        0x6 
 .text.startup  0x0000000000014e80       0x3c /root/framework/dpdk/build/lib/librte_eal.a(eal_common_pci_uio.o)
 *fill*         0x0000000000014ebc        0x4 
 .text.startup  0x0000000000014ec0       0x19 /root/framework/dpdk/build/lib/librte_eal.a(rte_spinlock.o)
 *fill*         0x0000000000014ed9        0x7 
 .text.startup  0x0000000000014ee0       0x3c /root/framework/dpdk/build/lib/librte_reorder.a(rte_reorder.o)
 *fill*         0x0000000000014f1c        0x4 
 .text.startup  0x0000000000014f20        0xc /root/framework/dpdk/build/lib/librte_mempool_stack.a(rte_mempool_stack.o)
                0x0000000000014f20                mp_hdlr_init_ops_stack
 *fill*         0x0000000000014f2c        0x4 
 .text.startup  0x0000000000014f30       0x28 /root/framework/dpdk/build/lib/librte_pmd_af_packet.a(rte_eth_af_packet.o)
 *fill*         0x0000000000014f58        0x8 
 .text.startup  0x0000000000014f60       0x1a /root/framework/dpdk/build/lib/librte_pmd_avp.a(avp_ethdev.o)
 *fill*         0x0000000000014f7a        0x6 
 .text.startup  0x0000000000014f80       0x25 /root/framework/dpdk/build/lib/librte_pmd_failsafe.a(failsafe.o)
 *fill*         0x0000000000014fa5        0xb 
 .text.startup  0x0000000000014fb0       0x1a /root/framework/dpdk/build/lib/librte_pmd_nfp.a(nfp_net.o)
 *fill*         0x0000000000014fca        0x6 
 .text.startup  0x0000000000014fd0       0x28 /root/framework/dpdk/build/lib/librte_pmd_tap.a(rte_eth_tap.o)
 *fill*         0x0000000000014ff8        0x8 
 .text.startup  0x0000000000015000       0x1c /root/framework/dpdk/build/lib/librte_pmd_virtio.a(virtio_ethdev.o)
 *fill*         0x000000000001501c        0x4 
 .text.startup  0x0000000000015020       0x28 /root/framework/dpdk/build/lib/librte_pmd_virtio.a(virtio_user_ethdev.o)
 *fill*         0x0000000000015048        0x8 
 .text.startup  0x0000000000015050       0x28 /root/framework/dpdk/build/lib/librte_pmd_vhost.a(rte_eth_vhost.o)
 *fill*         0x0000000000015078        0x8 
 .text.startup  0x0000000000015080       0x4b /root/framework/dpdk/build/lib/librte_pmd_null_crypto.a(null_crypto_pmd.o)
 *fill*         0x00000000000150cb        0x5 
 .text.startup  0x00000000000150d0       0x4b /root/framework/dpdk/build/lib/librte_pmd_crypto_scheduler.a(scheduler_pmd.o)
 *fill*         0x000000000001511b        0x5 
 .text.startup  0x0000000000015120       0x25 /root/framework/dpdk/build/lib/librte_pmd_sw_event.a(sw_evdev.o)
 *fill*         0x0000000000015145        0xb 
 .text.startup  0x0000000000015150        0xa /root/framework/dpdk/build/lib/librte_pmd_sw_event.a(sw_evdev_scheduler.o)
 *(.text.hot .text.hot.*)
 *fill*         0x000000000001515a        0x6 
 .text.hot      0x0000000000015160      0x76b /root/framework/dpdk/build/lib/librte_pmd_octeontx_ssovf.a(ssovf_worker.o)
                0x0000000000015160                ssows_deq
                0x00000000000151e0                ssows_deq_timeout
                0x00000000000152c0                ssows_deq_burst
                0x0000000000015340                ssows_deq_timeout_burst
                0x0000000000015420                ssows_enq
                0x00000000000155c0                ssows_enq_burst
                0x0000000000015760                ssows_enq_new_burst
                0x00000000000157c0                ssows_enq_fwd_burst
 *(.text .stub .text.* .gnu.linkonce.t.*)
 *fill*         0x00000000000158cb        0x5 
 .text          0x00000000000158d0       0x2b /usr/lib/gcc/x86_64-linux-gnu/6/../../../x86_64-linux-gnu/Scrt1.o
                0x00000000000158d0                _start
 .text          0x00000000000158fb        0x0 /usr/lib/gcc/x86_64-linux-gnu/6/../../../x86_64-linux-gnu/crti.o
 *fill*         0x00000000000158fb        0x5 
 .text          0x0000000000015900      0x100 /usr/lib/gcc/x86_64-linux-gnu/6/crtbeginS.o
 .text          0x0000000000015a00     0x173e main.o
                0x0000000000016dcb                main
 *fill*         0x000000000001713e        0x2 
 .text          0x0000000000017140      0x643 /root/framework/dpdk/build/lib/librte_metrics.a(rte_metrics.o)
                0x0000000000017140                rte_metrics_init
                0x00000000000171b0                rte_metrics_reg_name
                0x00000000000172b0                rte_metrics_reg_names
                0x0000000000017430                rte_metrics_update_values
                0x00000000000175d0                rte_metrics_update_value
                0x00000000000175f0                rte_metrics_get_names
                0x00000000000176a0                rte_metrics_get_values
 *fill*         0x0000000000017783        0xd 
 .text          0x0000000000017790     0xbc86 /root/framework/dpdk/build/lib/librte_hash.a(rte_cuckoo_hash.o)
                0x000000000001da00                rte_hash_find_existing
                0x000000000001daa0                rte_hash_set_cmp_func
                0x000000000001dac0                rte_hash_create
                0x000000000001e0f0                rte_hash_free
                0x000000000001e230                rte_hash_hash
                0x000000000001e250                rte_hash_reset
                0x000000000001e3c0                rte_hash_add_key_with_hash
                0x000000000001e3d0                rte_hash_add_key
                0x000000000001e410                rte_hash_add_key_with_hash_data
                0x000000000001e430                rte_hash_add_key_data
                0x000000000001e480                rte_hash_lookup_with_hash
                0x000000000001ebf0                rte_hash_lookup
                0x000000000001f370                rte_hash_lookup_with_hash_data
                0x000000000001fc10                rte_hash_lookup_data
                0x00000000000204d0                rte_hash_del_key_with_hash
                0x0000000000021760                rte_hash_del_key
                0x0000000000022a10                rte_hash_get_key_with_position
                0x0000000000023340                rte_hash_lookup_bulk
                0x0000000000023350                rte_hash_lookup_bulk_data
                0x0000000000023390                rte_hash_iterate
 *fill*         0x0000000000023416        0xa 
 .text          0x0000000000023420      0x41b /root/framework/dpdk/build/lib/librte_hash.a(rte_fbk_hash.o)
                0x0000000000023480                rte_fbk_hash_find_existing
                0x0000000000023520                rte_fbk_hash_create
                0x0000000000023770                rte_fbk_hash_free
 *fill*         0x000000000002383b        0x5 
 .text          0x0000000000023840      0x6b6 /root/framework/dpdk/build/lib/librte_vhost.a(fd_man.o)
                0x0000000000023840                fdset_init
                0x0000000000023880                fdset_add
                0x0000000000023ac0                fdset_del
                0x0000000000023bb0                fdset_event_dispatch
 *fill*         0x0000000000023ef6        0xa 
 .text          0x0000000000023f00     0x159f /root/framework/dpdk/build/lib/librte_vhost.a(socket.o)
                0x0000000000024700                read_fd_message
                0x0000000000024870                send_fd_message
                0x0000000000024980                rte_vhost_driver_disable_features
                0x0000000000024a30                rte_vhost_driver_enable_features
                0x0000000000024ae0                rte_vhost_driver_set_features
                0x0000000000024b90                rte_vhost_driver_get_features
                0x0000000000024c50                rte_vhost_driver_register
                0x0000000000024f00                rte_vhost_driver_unregister
                0x00000000000251a0                rte_vhost_driver_callback_register
                0x0000000000025240                vhost_driver_callback_get
                0x00000000000252e0                rte_vhost_driver_start
 *fill*         0x000000000002549f        0x1 
 .text          0x00000000000254a0      0xaef /root/framework/dpdk/build/lib/librte_vhost.a(vhost.o)
                0x00000000000254a0                get_device
                0x00000000000254e0                cleanup_device
                0x0000000000025550                alloc_vring_queue
                0x00000000000255d0                reset_device
                0x0000000000025650                vhost_new_device
                0x00000000000256f0                vhost_destroy_device
                0x0000000000025800                vhost_set_ifname
                0x0000000000025860                vhost_enable_dequeue_zero_copy
                0x00000000000258a0                rte_vhost_get_mtu
                0x0000000000025920                rte_vhost_get_numa_node
                0x00000000000259c0                rte_vhost_get_queue_num
                0x0000000000025a10                rte_vhost_get_vring_num
                0x0000000000025a60                rte_vhost_get_ifname
                0x0000000000025ae0                rte_vhost_get_negotiated_features
                0x0000000000025b30                rte_vhost_get_mem_table
                0x0000000000025be0                rte_vhost_get_vhost_vring
                0x0000000000025c80                rte_vhost_avail_entries
                0x0000000000025cf0                rte_vhost_enable_guest_notification
                0x0000000000025d70                rte_vhost_log_write
                0x0000000000025e20                rte_vhost_log_used_vring
                0x0000000000025ef0                rte_vhost_rx_queue_count
 *fill*         0x0000000000025f8f        0x1 
 .text          0x0000000000025f90     0x1379 /root/framework/dpdk/build/lib/librte_vhost.a(vhost_user.o)
                0x0000000000026000                vhost_backend_cleanup
                0x00000000000260c0                vhost_user_msg_handler
 *fill*         0x0000000000027309        0x7 
 .text          0x0000000000027310     0x57d7 /root/framework/dpdk/build/lib/librte_vhost.a(virtio_net.o)
                0x0000000000029510                rte_vhost_enqueue_burst
                0x000000000002ac50                rte_vhost_dequeue_burst
 *fill*         0x000000000002cae7        0x9 
 .text          0x000000000002caf0      0x428 /root/framework/dpdk/build/lib/librte_kvargs.a(rte_kvargs.o)
                0x000000000002caf0                rte_kvargs_count
                0x000000000002cb80                rte_kvargs_process
                0x000000000002cc50                rte_kvargs_free
                0x000000000002cc80                rte_kvargs_parse
 *fill*         0x000000000002cf18        0x8 
 .text          0x000000000002cf20     0x2bbc /root/framework/dpdk/build/lib/librte_mbuf.a(rte_mbuf.o)
                0x000000000002cf20                rte_pktmbuf_init
                0x000000000002cfc0                rte_ctrlmbuf_init
                0x000000000002d070                rte_pktmbuf_pool_init
                0x000000000002d0c0                rte_pktmbuf_pool_create
                0x000000000002d1f0                rte_mbuf_sanity_check
                0x000000000002d300                rte_pktmbuf_dump
                0x000000000002d3f0                __rte_pktmbuf_read
                0x000000000002f220                rte_get_rx_ol_flag_name
                0x000000000002f370                rte_get_rx_ol_flag_list
                0x000000000002f5a0                rte_get_tx_ol_flag_name
                0x000000000002f7c0                rte_get_tx_ol_flag_list
 *fill*         0x000000000002fadc        0x4 
 .text          0x000000000002fae0      0x80e /root/framework/dpdk/build/lib/librte_mbuf.a(rte_mbuf_ptype.o)
                0x000000000002fae0                rte_get_ptype_l2_name
                0x000000000002fb80                rte_get_ptype_l3_name
                0x000000000002fbf0                rte_get_ptype_l4_name
                0x000000000002fc60                rte_get_ptype_tunnel_name
                0x000000000002fcd0                rte_get_ptype_inner_l2_name
                0x000000000002fd10                rte_get_ptype_inner_l3_name
                0x000000000002fd80                rte_get_ptype_inner_l4_name
                0x000000000002fdf0                rte_get_ptype_name
 *fill*         0x00000000000302ee        0x2 
 .text          0x00000000000302f0      0xb8d /root/framework/dpdk/build/lib/librte_net.a(rte_net.o)
                0x0000000000030620                rte_net_get_ptype
 *fill*         0x0000000000030e7d        0x3 
 .text          0x0000000000030e80      0x4cc /root/framework/dpdk/build/lib/librte_net.a(rte_net_crc.o)
                0x0000000000031320                rte_net_crc_set_alg
                0x0000000000031340                rte_net_crc_calc
 *fill*         0x000000000003134c        0x4 
 .text          0x0000000000031350     0x7d9a /root/framework/dpdk/build/lib/librte_ethdev.a(rte_ethdev.o)
                0x0000000000031a30                rte_eth_tx_buffer_drop_callback
                0x0000000000031f90                rte_eth_find_next
                0x0000000000032010                rte_eth_dev_allocated
                0x0000000000032080                rte_eth_dev_allocate
                0x0000000000032250                rte_eth_dev_attach_secondary
                0x0000000000032390                rte_eth_dev_release_port
                0x00000000000323b0                rte_eth_dev_is_valid_port
                0x00000000000323f0                rte_eth_dev_socket_id
                0x0000000000032440                rte_eth_dev_count
                0x00000000000324a0                rte_eth_dev_get_name_by_port
                0x0000000000032500                rte_eth_dev_get_port_by_name
                0x00000000000325e0                rte_eth_dev_attach
                0x0000000000032780                rte_eth_dev_detach
                0x0000000000032820                rte_eth_dev_rx_queue_start
                0x00000000000328b0                rte_eth_dev_rx_queue_stop
                0x0000000000032940                rte_eth_dev_tx_queue_start
                0x00000000000329d0                rte_eth_dev_tx_queue_stop
                0x0000000000032a60                rte_eth_speed_bitflag
                0x0000000000032b60                rte_eth_dev_configure
                0x0000000000032da0                _rte_eth_dev_reset
                0x0000000000032de0                rte_eth_dev_start
                0x0000000000033220                rte_eth_dev_stop
                0x00000000000332a0                rte_eth_dev_set_link_up
                0x0000000000033320                rte_eth_dev_set_link_down
                0x00000000000333a0                rte_eth_dev_close
                0x0000000000033450                rte_eth_rx_queue_setup
                0x0000000000033710                rte_eth_tx_queue_setup
                0x0000000000033940                rte_eth_tx_buffer_count_callback
                0x0000000000033ec0                rte_eth_tx_buffer_set_err_callback
                0x0000000000033ed0                rte_eth_tx_buffer_init
                0x0000000000033f10                rte_eth_tx_done_cleanup
                0x0000000000033f90                rte_eth_promiscuous_enable
                0x0000000000034000                rte_eth_promiscuous_disable
                0x0000000000034070                rte_eth_promiscuous_get
                0x00000000000340c0                rte_eth_allmulticast_enable
                0x0000000000034130                rte_eth_allmulticast_disable
                0x00000000000341a0                rte_eth_allmulticast_get
                0x0000000000034200                rte_eth_link_get
                0x00000000000342c0                rte_eth_link_get_nowait
                0x0000000000034370                rte_eth_stats_get
                0x0000000000034420                rte_eth_stats_reset
                0x00000000000344a0                rte_eth_xstats_get_id_by_name
                0x00000000000345b0                rte_eth_xstats_get_names_by_id
                0x00000000000348f0                rte_eth_xstats_get_names
                0x0000000000034b40                rte_eth_xstats_get_by_id
                0x0000000000035550                rte_eth_xstats_get
                0x0000000000035860                rte_eth_xstats_reset
                0x00000000000358f0                rte_eth_dev_set_tx_queue_stats_mapping
                0x0000000000035980                rte_eth_dev_set_rx_queue_stats_mapping
                0x0000000000035a10                rte_eth_dev_fw_version_get
                0x0000000000035aa0                rte_eth_dev_info_get
                0x0000000000035b70                rte_eth_dev_get_supported_ptypes
                0x0000000000035c40                rte_eth_macaddr_get
                0x0000000000035c90                rte_eth_dev_get_mtu
                0x0000000000035cf0                rte_eth_dev_set_mtu
                0x0000000000035d90                rte_eth_dev_vlan_filter
                0x0000000000035eb0                rte_eth_dev_set_vlan_strip_on_queue
                0x0000000000035f50                rte_eth_dev_set_vlan_ether_type
                0x0000000000035fe0                rte_eth_dev_set_vlan_offload
                0x0000000000036170                rte_eth_dev_get_vlan_offload
                0x00000000000361e0                rte_eth_dev_set_vlan_pvid
                0x0000000000036260                rte_eth_dev_flow_ctrl_get
                0x0000000000036300                rte_eth_dev_flow_ctrl_set
                0x00000000000363a0                rte_eth_dev_priority_flow_ctrl_set
                0x0000000000036440                rte_eth_dev_rss_reta_update
                0x0000000000036590                rte_eth_dev_rss_reta_query
                0x0000000000036680                rte_eth_dev_rss_hash_update
                0x0000000000036730                rte_eth_dev_rss_hash_conf_get
                0x00000000000367c0                rte_eth_dev_udp_tunnel_port_add
                0x0000000000036860                rte_eth_dev_udp_tunnel_port_delete
                0x0000000000036900                rte_eth_led_on
                0x0000000000036990                rte_eth_led_off
                0x0000000000036a20                rte_eth_dev_mac_addr_add
                0x0000000000036d90                rte_eth_dev_mac_addr_remove
                0x0000000000036f60                rte_eth_dev_default_mac_addr_set
                0x0000000000037030                rte_eth_dev_uc_hash_table_set
                0x00000000000373e0                rte_eth_dev_uc_all_hash_table_set
                0x0000000000037470                rte_eth_set_queue_rate_limit
                0x00000000000375d0                rte_eth_mirror_rule_set
                0x00000000000376a0                rte_eth_mirror_rule_reset
                0x0000000000037730                rte_eth_dev_callback_register
                0x0000000000037850                rte_eth_dev_callback_unregister
                0x0000000000037970                _rte_eth_dev_callback_process
                0x0000000000037ba0                rte_eth_dev_rx_intr_ctl
                0x0000000000037c90                rte_eth_dma_zone_reserve
                0x0000000000037d20                rte_eth_dev_rx_intr_ctl_q
                0x0000000000037dd0                rte_eth_dev_rx_intr_enable
                0x0000000000037e60                rte_eth_dev_rx_intr_disable
                0x0000000000037ef0                rte_eth_dev_filter_supported
                0x0000000000037f80                rte_eth_dev_filter_ctrl
                0x0000000000038010                rte_eth_add_rx_callback
                0x0000000000038120                rte_eth_add_first_rx_callback
                0x0000000000038220                rte_eth_add_tx_callback
                0x0000000000038330                rte_eth_remove_rx_callback
                0x0000000000038410                rte_eth_remove_tx_callback
                0x0000000000038500                rte_eth_rx_queue_info_get
                0x00000000000385c0                rte_eth_tx_queue_info_get
                0x0000000000038680                rte_eth_dev_set_mc_addr_list
                0x0000000000038700                rte_eth_timesync_enable
                0x0000000000038790                rte_eth_timesync_disable
                0x0000000000038820                rte_eth_timesync_read_rx_timestamp
                0x00000000000388b0                rte_eth_timesync_read_tx_timestamp
                0x0000000000038940                rte_eth_timesync_adjust_time
                0x00000000000389d0                rte_eth_timesync_read_time
                0x0000000000038a60                rte_eth_timesync_write_time
                0x0000000000038af0                rte_eth_dev_get_reg_info
                0x0000000000038b80                rte_eth_dev_get_eeprom_length
                0x0000000000038c10                rte_eth_dev_get_eeprom
                0x0000000000038ca0                rte_eth_dev_set_eeprom
                0x0000000000038d30                rte_eth_dev_get_dcb_info
                0x0000000000038de0                rte_eth_dev_l2_tunnel_eth_type_conf
                0x0000000000038e80                rte_eth_dev_l2_tunnel_offload_set
                0x0000000000038f30                rte_eth_dev_adjust_nb_rx_tx_desc
 *fill*         0x00000000000390ea        0x6 
 .text          0x00000000000390f0      0xc5b /root/framework/dpdk/build/lib/librte_ethdev.a(rte_flow.o)
                0x00000000000390f0                rte_flow_ops_get
                0x00000000000391d0                rte_flow_validate
                0x0000000000039320                rte_flow_create
                0x0000000000039470                rte_flow_destroy
                0x00000000000395c0                rte_flow_flush
                0x0000000000039700                rte_flow_query
                0x0000000000039850                rte_flow_isolate
                0x00000000000399a0                rte_flow_copy
 *fill*         0x0000000000039d4b        0x5 
 .text          0x0000000000039d50     0x25e2 /root/framework/dpdk/build/lib/librte_ethdev.a(rte_tm.o)
                0x0000000000039d50                rte_tm_ops_get
                0x0000000000039e50                rte_tm_get_number_of_leaf_nodes
                0x0000000000039fc0                rte_tm_node_type_get
                0x000000000003a0f0                rte_tm_capabilities_get
                0x000000000003a220                rte_tm_level_capabilities_get
                0x000000000003a350                rte_tm_node_capabilities_get
                0x000000000003a480                rte_tm_wred_profile_add
                0x000000000003a5b0                rte_tm_wred_profile_delete
                0x000000000003a6e0                rte_tm_shared_wred_context_add_update
                0x000000000003a810                rte_tm_shared_wred_context_delete
                0x000000000003a940                rte_tm_shaper_profile_add
                0x000000000003aa70                rte_tm_shaper_profile_delete
                0x000000000003aba0                rte_tm_shared_shaper_add_update
                0x000000000003acd0                rte_tm_shared_shaper_delete
                0x000000000003ae00                rte_tm_node_add
                0x000000000003af60                rte_tm_node_delete
                0x000000000003b090                rte_tm_node_suspend
                0x000000000003b1c0                rte_tm_node_resume
                0x000000000003b2f0                rte_tm_hierarchy_commit
                0x000000000003b420                rte_tm_node_parent_update
                0x000000000003b570                rte_tm_node_shaper_update
                0x000000000003b6b0                rte_tm_node_shared_shaper_update
                0x000000000003b7f0                rte_tm_node_stats_update
                0x000000000003b930                rte_tm_node_wfq_weight_mode_update
                0x000000000003ba70                rte_tm_node_cman_update
                0x000000000003bbb0                rte_tm_node_wred_context_update
                0x000000000003bcf0                rte_tm_node_shared_wred_context_update
                0x000000000003be30                rte_tm_node_stats_read
                0x000000000003bf80                rte_tm_mark_vlan_dei
                0x000000000003c0c0                rte_tm_mark_ip_ecn
                0x000000000003c200                rte_tm_mark_ip_dscp
 *fill*         0x000000000003c332        0xe 
 .text          0x000000000003c340     0x25f6 /root/framework/dpdk/build/lib/librte_cryptodev.a(rte_cryptodev.o)
                0x000000000003c3a0                rte_cryptodev_get_cipher_algo_enum
                0x000000000003c630                rte_cryptodev_get_auth_algo_enum
                0x000000000003c690                rte_cryptodev_get_aead_algo_enum
                0x000000000003c6f0                rte_cryptodev_sym_capability_get
                0x000000000003c7b0                rte_cryptodev_sym_capability_check_cipher
                0x000000000003c820                rte_cryptodev_sym_capability_check_auth
                0x000000000003c8b0                rte_cryptodev_sym_capability_check_aead
                0x000000000003c980                rte_cryptodev_get_feature_name
                0x000000000003ca50                rte_cryptodev_create_vdev
                0x000000000003ca60                rte_cryptodev_pmd_get_dev
                0x000000000003ca80                rte_cryptodev_pmd_get_named_dev
                0x000000000003caf0                rte_cryptodev_pmd_is_valid_dev
                0x000000000003cb20                rte_cryptodev_get_dev_id
                0x000000000003cbb0                rte_cryptodev_count
                0x000000000003cbc0                rte_cryptodev_device_count_by_driver
                0x000000000003cc20                rte_cryptodev_devices_get
                0x000000000003cce0                rte_cryptodev_socket_id
                0x000000000003cd20                rte_cryptodev_pmd_allocate
                0x000000000003cf20                rte_cryptodev_pmd_release_device
                0x000000000003d0b0                rte_cryptodev_queue_pair_count
                0x000000000003d0d0                rte_cryptodev_queue_pair_start
                0x000000000003d1b0                rte_cryptodev_queue_pair_stop
                0x000000000003d290                rte_cryptodev_configure
                0x000000000003d690                rte_cryptodev_start
                0x000000000003d770                rte_cryptodev_stop
                0x000000000003d830                rte_cryptodev_close
                0x000000000003d990                rte_cryptodev_queue_pair_setup
                0x000000000003dab0                rte_cryptodev_stats_get
                0x000000000003dbb0                rte_cryptodev_stats_reset
                0x000000000003dc40                rte_cryptodev_info_get
                0x000000000003dcb0                rte_cryptodev_callback_register
                0x000000000003de00                rte_cryptodev_callback_unregister
                0x000000000003df80                rte_cryptodev_pmd_callback_process
                0x000000000003e040                rte_cryptodev_sym_session_init
                0x000000000003e0f0                rte_cryptodev_sym_session_create
                0x000000000003e230                rte_cryptodev_queue_pair_attach_sym_session
                0x000000000003e320                rte_cryptodev_queue_pair_detach_sym_session
                0x000000000003e410                rte_cryptodev_sym_session_clear
                0x000000000003e450                rte_cryptodev_sym_session_free
                0x000000000003e580                rte_cryptodev_get_header_session_size
                0x000000000003e590                rte_cryptodev_get_private_session_size
                0x000000000003e5f0                rte_crypto_op_pool_create
                0x000000000003e750                rte_cryptodev_pmd_create_dev_name
                0x000000000003e820                rte_cryptodev_driver_id_get
                0x000000000003e8b0                rte_cryptodev_driver_name_get
                0x000000000003e8f0                rte_cryptodev_allocate_driver
 *fill*         0x000000000003e936        0xa 
 .text          0x000000000003e940      0x4e5 /root/framework/dpdk/build/lib/librte_cryptodev.a(rte_cryptodev_pmd.o)
                0x000000000003ea00                rte_cryptodev_vdev_pmd_init
                0x000000000003eaa0                rte_cryptodev_vdev_parse_init_params
                0x000000000003eb90                rte_cryptodev_pci_generic_probe
                0x000000000003ed50                rte_cryptodev_pci_generic_remove
 *fill*         0x000000000003ee25        0xb 
 .text          0x000000000003ee30     0x2c24 /root/framework/dpdk/build/lib/librte_eventdev.a(rte_eventdev.o)
                0x000000000003f060                rte_event_dev_count
                0x000000000003f070                rte_event_dev_get_dev_id
                0x000000000003f0f0                rte_event_dev_socket_id
                0x000000000003f160                rte_event_dev_info_get
                0x000000000003f220                rte_event_dev_configure
                0x0000000000040100                rte_event_queue_default_conf_get
                0x00000000000401f0                rte_event_queue_setup
                0x0000000000040420                rte_event_queue_count
                0x0000000000040440                rte_event_queue_priority
                0x0000000000040470                rte_event_port_default_conf_get
                0x0000000000040550                rte_event_port_dequeue_depth
                0x0000000000040570                rte_event_port_enqueue_depth
                0x0000000000040590                rte_event_port_count
                0x00000000000405b0                rte_event_port_link
                0x0000000000040910                rte_event_port_unlink
                0x0000000000040bf0                rte_event_port_setup
                0x0000000000040e90                rte_event_port_links_get
                0x0000000000040f90                rte_event_dequeue_timeout_ticks
                0x0000000000041020                rte_event_dev_dump
                0x00000000000410b0                rte_event_dev_xstats_names_get
                0x00000000000411d0                rte_event_dev_xstats_get
                0x0000000000041260                rte_event_dev_xstats_by_name_get
                0x0000000000041310                rte_event_dev_xstats_reset
                0x00000000000413a0                rte_event_dev_start
                0x0000000000041470                rte_event_dev_stop
                0x0000000000041520                rte_event_dev_close
                0x00000000000415f0                rte_event_pmd_allocate
                0x00000000000419b0                rte_event_pmd_release
 *fill*         0x0000000000041a54        0xc 
 .text          0x0000000000041a60      0x3c8 /root/framework/dpdk/build/lib/librte_eventdev.a(rte_event_ring.o)
                0x0000000000041a60                rte_event_ring_init
                0x0000000000041a70                rte_event_ring_create
                0x0000000000041c80                rte_event_ring_lookup
                0x0000000000041d20                rte_event_ring_free
 *fill*         0x0000000000041e28        0x8 
 .text          0x0000000000041e30     0x1e34 /root/framework/dpdk/build/lib/librte_mempool.a(rte_mempool.o)
                0x0000000000041fe0                rte_mempool_obj_iter
                0x0000000000042030                rte_mempool_mem_iter
                0x0000000000042080                rte_mempool_calc_obj_size
                0x00000000000421a0                rte_mempool_xmem_size
                0x0000000000042210                rte_mempool_xmem_usage
                0x00000000000422c0                rte_mempool_populate_phys
                0x0000000000042550                rte_mempool_populate_phys_tab
                0x0000000000042750                rte_mempool_populate_virt
                0x0000000000042910                rte_mempool_populate_default
                0x0000000000042d80                rte_mempool_populate_anon
                0x0000000000042ef0                rte_mempool_free
                0x0000000000042fd0                rte_mempool_cache_create
                0x0000000000043080                rte_mempool_cache_free
                0x0000000000043090                rte_mempool_create_empty
                0x00000000000433d0                rte_mempool_create
                0x0000000000043500                rte_mempool_xmem_create
                0x0000000000043650                rte_mempool_avail_count
                0x00000000000436e0                rte_mempool_in_use_count
                0x0000000000043780                rte_mempool_check_cookies
                0x0000000000043790                rte_mempool_audit
                0x0000000000043800                rte_mempool_dump
                0x0000000000043ad0                rte_mempool_list_dump
                0x0000000000043b40                rte_mempool_lookup
                0x0000000000043be0                rte_mempool_walk
 *fill*         0x0000000000043c64        0xc 
 .text          0x0000000000043c70      0x302 /root/framework/dpdk/build/lib/librte_mempool.a(rte_mempool_ops.o)
                0x0000000000043c70                rte_mempool_register_ops
                0x0000000000043df0                rte_mempool_ops_alloc
                0x0000000000043e40                rte_mempool_ops_free
                0x0000000000043e90                rte_mempool_ops_get_count
                0x0000000000043ee0                rte_mempool_set_ops_byname
 *fill*         0x0000000000043f72        0xe 
 .text          0x0000000000043f80     0x12f5 /root/framework/dpdk/build/lib/librte_mempool_ring.a(rte_mempool_ring.o)
 *fill*         0x0000000000045275        0xb 
 .text          0x0000000000045280      0x7ec /root/framework/dpdk/build/lib/librte_ring.a(rte_ring.o)
                0x0000000000045280                rte_ring_get_memsize
                0x00000000000452d0                rte_ring_init
                0x00000000000453f0                rte_ring_create
                0x0000000000045610                rte_ring_free
                0x0000000000045720                rte_ring_dump
                0x0000000000045840                rte_ring_list_dump
                0x00000000000459d0                rte_ring_lookup
 *fill*         0x0000000000045a6c        0x4 
 .text          0x0000000000045a70     0x1719 /root/framework/dpdk/build/lib/librte_eal.a(eal.o)
                0x0000000000045b20                rte_eal_get_configuration
                0x0000000000045b30                eal_parse_sysfs_value
                0x0000000000045c40                eal_proc_type_detect
                0x0000000000045d00                rte_set_application_usage_hook
                0x0000000000045d10                rte_eal_iopl_init
                0x0000000000045d30                rte_eal_init
                0x0000000000047050                rte_eal_lcore_role
                0x0000000000047060                rte_eal_process_type
                0x0000000000047070                rte_eal_has_hugepages
                0x0000000000047080                rte_eal_check_module
 *fill*         0x0000000000047189        0x7 
 .text          0x0000000000047190      0xa43 /root/framework/dpdk/build/lib/librte_eal.a(eal_hugepage_info.o)
                0x0000000000047730                eal_hugepage_info_init
 *fill*         0x0000000000047bd3        0xd 
 .text          0x0000000000047be0     0x2dd8 /root/framework/dpdk/build/lib/librte_eal.a(eal_memory.o)
                0x0000000000048050                rte_mem_virt2phy
                0x00000000000481e0                rte_eal_hugepage_init
                0x000000000004a2c0                rte_eal_hugepage_attach
                0x000000000004a9b0                rte_eal_using_phys_addrs
 *fill*         0x000000000004a9b8        0x8 
 .text          0x000000000004a9c0      0x415 /root/framework/dpdk/build/lib/librte_eal.a(eal_thread.o)
                0x000000000004a9c0                rte_eal_remote_launch
                0x000000000004aaa0                eal_thread_init_master
                0x000000000004ab20                eal_thread_loop
                0x000000000004adb0                rte_sys_gettid
                0x000000000004add0                rte_thread_setname
 *fill*         0x000000000004add5        0xb 
 .text          0x000000000004ade0       0xf7 /root/framework/dpdk/build/lib/librte_eal.a(eal_log.o)
                0x000000000004ae70                rte_eal_log_init
 .text          0x000000000004aed7        0x0 /root/framework/dpdk/build/lib/librte_eal.a(eal_vfio.o)
 .text          0x000000000004aed7        0x0 /root/framework/dpdk/build/lib/librte_eal.a(eal_vfio_mp_sync.o)
 *fill*         0x000000000004aed7        0x9 
 .text          0x000000000004aee0      0xe6d /root/framework/dpdk/build/lib/librte_eal.a(eal_pci.o)
                0x000000000004b7d0                rte_pci_map_device
                0x000000000004b840                rte_pci_unmap_device
                0x000000000004b880                pci_find_max_end_va
                0x000000000004b8d0                pci_parse_one_sysfs_resource
                0x000000000004b980                pci_update_device
                0x000000000004b9f0                rte_pci_scan
                0x000000000004bbe0                rte_pci_read_config
                0x000000000004bc20                rte_pci_write_config
                0x000000000004bc60                rte_pci_ioport_map
                0x000000000004bcc0                rte_pci_ioport_read
                0x000000000004bcf0                rte_pci_ioport_write
                0x000000000004bd20                rte_pci_ioport_unmap
 *fill*         0x000000000004bd4d        0x3 
 .text          0x000000000004bd50      0xaa3 /root/framework/dpdk/build/lib/librte_eal.a(eal_pci_uio.o)
                0x000000000004c0e0                pci_uio_read_config
                0x000000000004c0f0                pci_uio_write_config
                0x000000000004c100                pci_uio_free_resource
                0x000000000004c150                pci_uio_alloc_resource
                0x000000000004c3c0                pci_uio_map_resource_by_index
                0x000000000004c5e0                pci_uio_ioport_map
                0x000000000004c740                pci_uio_ioport_read
                0x000000000004c790                pci_uio_ioport_write
                0x000000000004c7f0                pci_uio_ioport_unmap
 .text          0x000000000004c7f3        0x0 /root/framework/dpdk/build/lib/librte_eal.a(eal_pci_vfio.o)
 *fill*         0x000000000004c7f3        0xd 
 .text          0x000000000004c800      0x144 /root/framework/dpdk/build/lib/librte_eal.a(eal_debug.o)
                0x000000000004c800                rte_dump_stack
                0x000000000004c870                rte_dump_registers
                0x000000000004c880                rte_exit
 *fill*         0x000000000004c944        0xc 
 .text          0x000000000004c950      0x13b /root/framework/dpdk/build/lib/librte_eal.a(eal_lcore.o)
                0x000000000004c950                eal_cpu_detected
                0x000000000004c9a0                eal_cpu_socket_id
                0x000000000004ca10                eal_cpu_core_id
 *fill*         0x000000000004ca8b        0x5 
 .text          0x000000000004ca90      0x2bf /root/framework/dpdk/build/lib/librte_eal.a(eal_timer.o)
                0x000000000004cb70                get_tsc_freq
                0x000000000004cd30                rte_eal_timer_init
 *fill*         0x000000000004cd4f        0x1 
 .text          0x000000000004cd50     0x17e5 /root/framework/dpdk/build/lib/librte_eal.a(eal_interrupts.o)
                0x000000000004d380                rte_intr_callback_register
                0x000000000004d580                rte_intr_callback_unregister
                0x000000000004d770                rte_intr_enable
                0x000000000004d8b0                rte_intr_disable
                0x000000000004d9f0                rte_eal_intr_init
                0x000000000004dad0                rte_intr_tls_epfd
                0x000000000004db20                rte_epoll_wait
                0x000000000004dce0                rte_epoll_ctl
                0x000000000004dee0                rte_intr_rx_ctl
                0x000000000004e170                rte_intr_free_epoll_fd
                0x000000000004e290                rte_intr_efd_enable
                0x000000000004e390                rte_intr_efd_disable
                0x000000000004e4f0                rte_intr_dp_is_en
                0x000000000004e500                rte_intr_allow_others
                0x000000000004e520                rte_intr_cap_multiple
 *fill*         0x000000000004e535        0xb 
 .text          0x000000000004e540      0x6ea /root/framework/dpdk/build/lib/librte_eal.a(eal_alarm.o)
                0x000000000004e6a0                rte_eal_alarm_init
                0x000000000004e6f0                rte_eal_alarm_set
                0x000000000004e920                rte_eal_alarm_cancel
 *fill*         0x000000000004ec2a        0x6 
 .text          0x000000000004ec30      0x14a /root/framework/dpdk/build/lib/librte_eal.a(eal_common_lcore.o)
                0x000000000004ec30                rte_eal_cpu_init
 *fill*         0x000000000004ed7a        0x6 
 .text          0x000000000004ed80      0x1f8 /root/framework/dpdk/build/lib/librte_eal.a(eal_common_timer.o)
                0x000000000004ed80                rte_delay_us_block
                0x000000000004ee80                rte_get_tsc_hz
                0x000000000004ee90                set_tsc_freq
                0x000000000004ef70                rte_delay_us_callback_register
 *fill*         0x000000000004ef78        0x8 
 .text          0x000000000004ef80      0xb74 /root/framework/dpdk/build/lib/librte_eal.a(eal_common_memzone.o)
                0x000000000004f770                rte_memzone_reserve_bounded
                0x000000000004f780                rte_memzone_reserve_aligned
                0x000000000004f790                rte_memzone_reserve
                0x000000000004f7a0                rte_memzone_free
                0x000000000004f890                rte_memzone_lookup
                0x000000000004f930                rte_memzone_dump
                0x000000000004f9e0                rte_eal_memzone_init
                0x000000000004fa80                rte_memzone_walk
 *fill*         0x000000000004faf4        0xc 
 .text          0x000000000004fb00      0x5a8 /root/framework/dpdk/build/lib/librte_eal.a(eal_common_log.o)
                0x000000000004fb00                rte_openlog_stream
                0x000000000004fb10                rte_log_set_global_level
                0x000000000004fb20                rte_set_log_level
                0x000000000004fb30                rte_log_get_global_level
                0x000000000004fb40                rte_get_log_level
                0x000000000004fb50                rte_log_get_level
                0x000000000004fb80                rte_set_log_type
                0x000000000004fc10                rte_get_log_type
                0x000000000004fc20                rte_log_set_level
                0x000000000004fc50                rte_log_set_level_regexp
                0x000000000004fd10                rte_log_cur_msg_loglevel
                0x000000000004fd20                rte_log_cur_msg_logtype
                0x000000000004fd30                rte_log_register
                0x000000000004fe10                rte_log_dump
                0x000000000004fff0                rte_vlog
                0x00000000000500a0                eal_log_set_default
 *fill*         0x00000000000500a8        0x8 
 .text          0x00000000000500b0      0x301 /root/framework/dpdk/build/lib/librte_eal.a(eal_common_launch.o)
                0x00000000000500b0                rte_eal_wait_lcore
                0x0000000000050130                rte_eal_mp_remote_launch
                0x00000000000502c0                rte_eal_get_lcore_state
                0x00000000000502e0                rte_eal_mp_wait_lcore
 *fill*         0x00000000000503b1        0xf 
 .text          0x00000000000503c0      0x6c9 /root/framework/dpdk/build/lib/librte_eal.a(eal_common_vdev.o)
                0x0000000000050720                rte_vdev_register
                0x0000000000050740                rte_vdev_unregister
                0x0000000000050770                rte_vdev_init
                0x0000000000050960                rte_vdev_uninit
 *fill*         0x0000000000050a89        0x7 
 .text          0x0000000000050a90      0xd7b /root/framework/dpdk/build/lib/librte_eal.a(eal_common_pci.o)
                0x0000000000050ef0                rte_pci_probe
                0x0000000000051170                pci_get_sysfs_path
                0x00000000000511a0                pci_name_set
                0x00000000000512e0                pci_map_resource
                0x0000000000051390                pci_unmap_resource
                0x0000000000051410                rte_pci_probe_one
                0x00000000000514f0                rte_pci_detach
                0x0000000000051690                rte_pci_dump
                0x0000000000051730                rte_pci_register
                0x0000000000051760                rte_pci_unregister
                0x00000000000517a0                rte_pci_add_device
                0x00000000000517c0                rte_pci_insert_device
                0x00000000000517e0                rte_pci_remove_device
 *fill*         0x000000000005180b        0x5 
 .text          0x0000000000051810      0x5bf /root/framework/dpdk/build/lib/librte_eal.a(eal_common_pci_uio.o)
                0x0000000000051810                pci_uio_map_resource
                0x0000000000051c10                pci_uio_unmap_resource
 *fill*         0x0000000000051dcf        0x1 
 .text          0x0000000000051dd0      0x1c7 /root/framework/dpdk/build/lib/librte_eal.a(eal_common_memory.o)
                0x0000000000051dd0                rte_eal_get_physmem_layout
                0x0000000000051df0                rte_eal_get_physmem_size
                0x0000000000051e30                rte_dump_physmem_layout
                0x0000000000051eb0                rte_memory_get_nchannel
                0x0000000000051ed0                rte_memory_get_nrank
                0x0000000000051ef0                rte_mem_lock_page
                0x0000000000051f10                rte_eal_memory_init
 *fill*         0x0000000000051f97        0x9 
 .text          0x0000000000051fa0      0x4f9 /root/framework/dpdk/build/lib/librte_eal.a(eal_common_tailqs.o)
                0x0000000000051fa0                rte_eal_tailq_lookup
                0x0000000000052000                rte_dump_tailq
                0x0000000000052090                rte_eal_tailq_register
                0x00000000000522a0                rte_eal_tailqs_init
 *fill*         0x0000000000052499        0x7 
 .text          0x00000000000524a0       0x85 /root/framework/dpdk/build/lib/librte_eal.a(eal_common_errno.o)
                0x00000000000524a0                rte_strerror
 *fill*         0x0000000000052525        0xb 
 .text          0x0000000000052530      0x13d /root/framework/dpdk/build/lib/librte_eal.a(eal_common_cpuflags.o)
                0x0000000000052530                rte_cpu_check_supported
                0x00000000000525c0                rte_cpu_is_supported
 *fill*         0x000000000005266d        0x3 
 .text          0x0000000000052670       0x8d /root/framework/dpdk/build/lib/librte_eal.a(eal_common_string_fns.o)
                0x0000000000052670                rte_strsplit
 *fill*         0x00000000000526fd        0x3 
 .text          0x0000000000052700      0x2d2 /root/framework/dpdk/build/lib/librte_eal.a(eal_common_hexdump.o)
                0x0000000000052700                rte_hexdump
                0x00000000000528e0                rte_memdump
 *fill*         0x00000000000529d2        0xe 
 .text          0x00000000000529e0      0x51e /root/framework/dpdk/build/lib/librte_eal.a(eal_common_devargs.o)
                0x0000000000052a10                rte_eal_parse_devargs_str
                0x0000000000052aa0                rte_eal_devargs_parse
                0x0000000000052c30                rte_eal_devargs_insert
                0x0000000000052ce0                rte_eal_devargs_add
                0x0000000000052db0                rte_eal_devargs_remove
                0x0000000000052e60                rte_eal_devargs_type_count
                0x0000000000052e90                rte_eal_devargs_dump
 *fill*         0x0000000000052efe        0x2 
 .text          0x0000000000052f00      0x4cc /root/framework/dpdk/build/lib/librte_eal.a(eal_common_bus.o)
                0x0000000000052f10                rte_bus_register
                0x0000000000053090                rte_bus_unregister
                0x00000000000530d0                rte_bus_scan
                0x0000000000053120                rte_bus_probe
                0x00000000000531d0                rte_bus_dump
                0x0000000000053240                rte_bus_find
                0x00000000000532b0                rte_bus_find_by_device
                0x0000000000053300                rte_bus_find_by_name
                0x0000000000053350                rte_bus_find_by_device_name
 *fill*         0x00000000000533cc        0x4 
 .text          0x00000000000533d0      0x4af /root/framework/dpdk/build/lib/librte_eal.a(eal_common_dev.o)
                0x0000000000053400                rte_eal_dev_detach
                0x00000000000534b0                rte_eal_hotplug_add
                0x00000000000536a0                rte_eal_dev_attach
                0x00000000000537a0                rte_eal_hotplug_remove
 *fill*         0x000000000005387f        0x1 
 .text          0x0000000000053880     0x1eb3 /root/framework/dpdk/build/lib/librte_eal.a(eal_common_options.o)
                0x0000000000053dc0                eal_option_device_parse
                0x0000000000053e70                eal_reset_internal_config
                0x0000000000053f40                eal_plugins_init
                0x0000000000054020                eal_parse_common_option
                0x00000000000554b0                eal_adjust_config
                0x0000000000055650                eal_check_common_options
                0x0000000000055720                eal_common_usage
 *fill*         0x0000000000055733        0xd 
 .text          0x0000000000055740      0x344 /root/framework/dpdk/build/lib/librte_eal.a(eal_common_thread.o)
                0x0000000000055740                rte_socket_id
                0x0000000000055750                eal_cpuset_socket_id
                0x00000000000557e0                rte_thread_set_affinity
                0x00000000000558f0                rte_thread_get_affinity
                0x0000000000055940                eal_thread_dump_affinity
 *fill*         0x0000000000055a84        0xc 
 .text          0x0000000000055a90       0xa9 /root/framework/dpdk/build/lib/librte_eal.a(eal_common_proc.o)
                0x0000000000055a90                rte_eal_primary_proc_alive
 *fill*         0x0000000000055b39        0x7 
 .text          0x0000000000055b40     0x26cf /root/framework/dpdk/build/lib/librte_eal.a(rte_malloc.o)
                0x0000000000055b40                rte_free
                0x0000000000055ba0                rte_malloc_socket
                0x0000000000055cc0                rte_malloc
                0x0000000000055de0                rte_zmalloc_socket
                0x0000000000055f00                rte_zmalloc
                0x0000000000056020                rte_calloc_socket
                0x0000000000056140                rte_calloc
                0x0000000000056260                rte_realloc
                0x0000000000058000                rte_malloc_validate
                0x0000000000058060                rte_malloc_get_socket_stats
                0x00000000000580b0                rte_malloc_dump_stats
                0x00000000000581b0                rte_malloc_set_limit
                0x00000000000581c0                rte_malloc_virt2phy
 *fill*         0x000000000005820f        0x1 
 .text          0x0000000000058210      0x73a /root/framework/dpdk/build/lib/librte_eal.a(malloc_elem.o)
                0x0000000000058210                malloc_elem_init
                0x0000000000058250                malloc_elem_mkend
                0x00000000000582a0                malloc_elem_can_hold
                0x0000000000058300                malloc_elem_free_list_index
                0x0000000000058340                malloc_elem_free_list_insert
                0x00000000000583d0                malloc_elem_alloc
                0x0000000000058660                malloc_elem_free
                0x00000000000587e0                malloc_elem_resize
 *fill*         0x000000000005894a        0x6 
 .text          0x0000000000058950      0x3e7 /root/framework/dpdk/build/lib/librte_eal.a(malloc_heap.o)
                0x0000000000058950                malloc_heap_alloc
                0x0000000000058bf0                malloc_heap_get_stats
                0x0000000000058c80                rte_eal_malloc_heap_init
 *fill*         0x0000000000058d37        0x9 
 .text          0x0000000000058d40      0x342 /root/framework/dpdk/build/lib/librte_eal.a(rte_keepalive.o)
                0x0000000000058d40                rte_keepalive_dispatch_pings
                0x0000000000058f50                rte_keepalive_create
                0x0000000000058ff0                rte_keepalive_register_relay_callback
                0x0000000000059000                rte_keepalive_register_core
                0x0000000000059050                rte_keepalive_mark_alive
                0x0000000000059070                rte_keepalive_mark_sleep
 *fill*         0x0000000000059082        0xe 
 .text          0x0000000000059090     0x10da /root/framework/dpdk/build/lib/librte_eal.a(rte_service.o)
                0x0000000000059260                rte_service_init
                0x00000000000593a0                rte_service_set_stats_enable
                0x00000000000593c0                rte_service_get_count
                0x00000000000593d0                rte_service_get_by_id
                0x0000000000059400                rte_service_get_by_name
                0x0000000000059460                rte_service_get_name
                0x0000000000059470                rte_service_probe_capability
                0x0000000000059480                rte_service_is_running
                0x00000000000594b0                rte_service_register
                0x0000000000059540                rte_service_unregister
                0x00000000000595d0                rte_service_start
                0x00000000000595e0                rte_service_stop
                0x00000000000595f0                rte_service_lcore_count
                0x0000000000059740                rte_service_lcore_list
                0x00000000000598d0                rte_service_start_with_defaults
                0x0000000000059be0                rte_service_get_enabled_on_lcore
                0x0000000000059c40                rte_service_enable_on_lcore
                0x0000000000059cb0                rte_service_disable_on_lcore
                0x0000000000059d20                rte_service_lcore_reset_all
                0x0000000000059d80                rte_service_lcore_add
                0x0000000000059e00                rte_service_lcore_del
                0x0000000000059e90                rte_service_lcore_start
                0x0000000000059ef0                rte_service_lcore_stop
                0x0000000000059f80                rte_service_dump
 *fill*         0x000000000005a16a        0x6 
 .text          0x000000000005a170       0xb3 /root/framework/dpdk/build/lib/librte_eal.a(rte_cpuflags.o)
                0x000000000005a170                rte_cpu_get_flag_enabled
                0x000000000005a200                rte_cpu_get_flag_name
 .text          0x000000000005a223        0x0 /root/framework/dpdk/build/lib/librte_eal.a(rte_spinlock.o)
 *fill*         0x000000000005a223        0xd 
 .text          0x000000000005a230      0x64a /root/framework/dpdk/build/lib/librte_cmdline.a(cmdline.o)
                0x000000000005a230                cmdline_write_char
                0x000000000005a380                cmdline_set_prompt
                0x000000000005a3c0                cmdline_new
                0x000000000005a490                cmdline_free
                0x000000000005a4f0                cmdline_printf
                0x000000000005a620                cmdline_in
                0x000000000005a760                cmdline_quit
                0x000000000005a780                cmdline_poll
                0x000000000005a830                cmdline_interact
 *fill*         0x000000000005a87a        0x6 
 .text          0x000000000005a880      0x88c /root/framework/dpdk/build/lib/librte_cmdline.a(cmdline_cirbuf.o)
                0x000000000005a880                cirbuf_init
                0x000000000005a8b0                cirbuf_add_buf_head
                0x000000000005a990                cirbuf_add_buf_tail
                0x000000000005aa60                cirbuf_add_head_safe
                0x000000000005aab0                cirbuf_add_head
                0x000000000005ab00                cirbuf_add_tail_safe
                0x000000000005ab50                cirbuf_add_tail
                0x000000000005ab90                cirbuf_align_left
                0x000000000005acd0                cirbuf_align_right
                0x000000000005ae20                cirbuf_del_buf_head
                0x000000000005ae70                cirbuf_del_buf_tail
                0x000000000005aed0                cirbuf_del_head_safe
                0x000000000005af10                cirbuf_del_head
                0x000000000005af30                cirbuf_del_tail_safe
                0x000000000005af70                cirbuf_del_tail
                0x000000000005afa0                cirbuf_get_buf_head
                0x000000000005b040                cirbuf_get_buf_tail
                0x000000000005b0f0                cirbuf_get_head
                0x000000000005b100                cirbuf_get_tail
 *fill*         0x000000000005b10c        0x4 
 .text          0x000000000005b110      0xd86 /root/framework/dpdk/build/lib/librte_cmdline.a(cmdline_parse.o)
                0x000000000005b290                cmdline_isendoftoken
                0x000000000005b2c0                cmdline_isendofcommand
                0x000000000005b2f0                cmdline_parse
                0x000000000005b710                cmdline_complete
 *fill*         0x000000000005be96        0xa 
 .text          0x000000000005bea0      0x266 /root/framework/dpdk/build/lib/librte_cmdline.a(cmdline_parse_etheraddr.o)
                0x000000000005bea0                cmdline_get_help_etheraddr
                0x000000000005bec0                cmdline_parse_etheraddr
 *fill*         0x000000000005c106        0xa 
 .text          0x000000000005c110      0x9b9 /root/framework/dpdk/build/lib/librte_cmdline.a(cmdline_parse_ipaddr.o)
                0x000000000005c110                cmdline_get_help_ipaddr
                0x000000000005c200                cmdline_parse_ipaddr
 *fill*         0x000000000005cac9        0x7 
 .text          0x000000000005cad0      0x6c3 /root/framework/dpdk/build/lib/librte_cmdline.a(cmdline_parse_num.o)
                0x000000000005cad0                cmdline_parse_num
                0x000000000005d140                cmdline_get_help_num
 *fill*         0x000000000005d193        0xd 
 .text          0x000000000005d1a0      0x428 /root/framework/dpdk/build/lib/librte_cmdline.a(cmdline_parse_string.o)
                0x000000000005d1a0                cmdline_complete_get_nb_string
                0x000000000005d210                cmdline_parse_string
                0x000000000005d400                cmdline_get_help_string
                0x000000000005d4e0                cmdline_complete_get_elt_string
 *fill*         0x000000000005d5c8        0x8 
 .text          0x000000000005d5d0     0x1641 /root/framework/dpdk/build/lib/librte_cmdline.a(cmdline_rdline.o)
                0x000000000005d750                rdline_init
                0x000000000005d7d0                rdline_newline
                0x000000000005d8a0                rdline_stop
                0x000000000005d8b0                rdline_quit
                0x000000000005d8c0                rdline_restart
                0x000000000005d8d0                rdline_reset
                0x000000000005d930                rdline_get_buffer
                0x000000000005d9a0                rdline_redisplay
                0x000000000005da60                rdline_char_in
                0x000000000005e9f0                rdline_get_history_item
                0x000000000005eaf0                rdline_add_history
                0x000000000005ebf0                rdline_clear_history
 *fill*         0x000000000005ec11        0xf 
 .text          0x000000000005ec20      0x148 /root/framework/dpdk/build/lib/librte_cmdline.a(cmdline_vt100.o)
                0x000000000005ec20                vt100_init
                0x000000000005ec30                vt100_parser
 *fill*         0x000000000005ed68        0x8 
 .text          0x000000000005ed70      0x1a1 /root/framework/dpdk/build/lib/librte_cmdline.a(cmdline_socket.o)
                0x000000000005ed70                cmdline_file_new
                0x000000000005edd0                cmdline_stdin_new
                0x000000000005eee0                cmdline_stdin_exit
 *fill*         0x000000000005ef11        0xf 
 .text          0x000000000005ef20      0x230 /root/framework/dpdk/build/lib/librte_cmdline.a(cmdline_parse_portlist.o)
                0x000000000005ef20                cmdline_get_help_portlist
                0x000000000005ef40                cmdline_parse_portlist
 .text          0x000000000005f150     0x1c85 /root/framework/dpdk/build/lib/librte_reorder.a(rte_reorder.o)
                0x000000000005f150                rte_reorder_init
                0x000000000005f270                rte_reorder_create
                0x000000000005f460                rte_reorder_reset
                0x000000000005ff10                rte_reorder_free
                0x0000000000060a60                rte_reorder_find_existing
                0x0000000000060b00                rte_reorder_insert
                0x0000000000060d00                rte_reorder_drain
 *fill*         0x0000000000060dd5        0xb 
 .text          0x0000000000060de0      0x2d5 /root/framework/dpdk/build/lib/librte_mempool_stack.a(rte_mempool_stack.o)
 *fill*         0x00000000000610b5        0xb 
 .text          0x00000000000610c0     0x59ac /root/framework/dpdk/build/lib/librte_pmd_af_packet.a(rte_eth_af_packet.o)
 *fill*         0x0000000000066a6c        0x4 
 .text          0x0000000000066a70     0x6b69 /root/framework/dpdk/build/lib/librte_pmd_avp.a(avp_ethdev.o)
 *fill*         0x000000000006d5d9        0x7 
 .text          0x000000000006d5e0      0x8ed /root/framework/dpdk/build/lib/librte_pmd_failsafe.a(failsafe.o)
                0x000000000006dda0                failsafe_hotplug_alarm_install
                0x000000000006de40                failsafe_hotplug_alarm_cancel
 *fill*         0x000000000006decd        0x3 
 .text          0x000000000006ded0      0xd3a /root/framework/dpdk/build/lib/librte_pmd_failsafe.a(failsafe_args.o)
                0x000000000006e2c0                failsafe_args_parse
                0x000000000006e930                failsafe_args_free
                0x000000000006e9b0                failsafe_args_count_subdevice
                0x000000000006eb80                failsafe_args_parse_subs
 *fill*         0x000000000006ec0a        0x6 
 .text          0x000000000006ec10      0x3f9 /root/framework/dpdk/build/lib/librte_pmd_failsafe.a(failsafe_eal.o)
                0x000000000006ec10                failsafe_eal_init
                0x000000000006eec0                failsafe_eal_uninit
 *fill*         0x000000000006f009        0x7 
 .text          0x000000000006f010     0x2725 /root/framework/dpdk/build/lib/librte_pmd_failsafe.a(failsafe_ops.o)
 *fill*         0x0000000000071735        0xb 
 .text          0x0000000000071740      0x53b /root/framework/dpdk/build/lib/librte_pmd_failsafe.a(failsafe_rxtx.o)
                0x0000000000071740                failsafe_rx_burst_fast
                0x0000000000071830                failsafe_tx_burst_fast
                0x00000000000718c0                failsafe_rx_burst
                0x00000000000719c0                failsafe_tx_burst
                0x0000000000071a60                set_burst_fn
 *fill*         0x0000000000071c7b        0x5 
 .text          0x0000000000071c80      0xf72 /root/framework/dpdk/build/lib/librte_pmd_failsafe.a(failsafe_ether.o)
                0x0000000000071c80                failsafe_dev_remove
                0x0000000000071ed0                failsafe_eth_dev_state_sync
                0x0000000000072a30                failsafe_eth_rmv_event_callback
                0x0000000000072bc0                failsafe_eth_lsc_event_callback
 *fill*         0x0000000000072bf2        0xe 
 .text          0x0000000000072c00      0x9cb /root/framework/dpdk/build/lib/librte_pmd_failsafe.a(failsafe_flow.o)
 *fill*         0x00000000000735cb        0x5 
 .text          0x00000000000735d0     0x4a0f /root/framework/dpdk/build/lib/librte_pmd_nfp.a(nfp_net.o)
 *fill*         0x0000000000077fdf        0x1 
 .text          0x0000000000077fe0     0x786f /root/framework/dpdk/build/lib/librte_pmd_tap.a(rte_eth_tap.o)
 *fill*         0x000000000007f84f        0x1 
 .text          0x000000000007f850     0x25b5 /root/framework/dpdk/build/lib/librte_pmd_tap.a(tap_flow.o)
                0x0000000000080f10                tap_flow_flush
                0x00000000000813b0                tap_flow_implicit_create
                0x00000000000819c0                tap_flow_implicit_destroy
                0x0000000000081b90                tap_flow_implicit_flush
                0x0000000000081dc0                tap_dev_filter_ctrl
 *fill*         0x0000000000081e05        0xb 
 .text          0x0000000000081e10      0x6a3 /root/framework/dpdk/build/lib/librte_pmd_tap.a(tap_netlink.o)
                0x0000000000081f50                nl_init
                0x0000000000082030                nl_final
                0x0000000000082070                nl_send
                0x0000000000082140                nl_recv_ack
                0x0000000000082150                nl_recv
                0x0000000000082320                nlattr_add
                0x0000000000082370                nlattr_add8
                0x00000000000823a0                nlattr_add16
                0x00000000000823d0                nlattr_add32
                0x0000000000082400                nlattr_nested_start
                0x0000000000082480                nlattr_nested_finish
 *fill*         0x00000000000824b3        0xd 
 .text          0x00000000000824c0      0x3a7 /root/framework/dpdk/build/lib/librte_pmd_tap.a(tap_tcmsgs.o)
                0x0000000000082630                tc_init_msg
                0x0000000000082660                qdisc_add_multiq
                0x0000000000082710                qdisc_add_ingress
                0x00000000000827a0                qdisc_flush
                0x00000000000827b0                qdisc_create_multiq
                0x0000000000082810                qdisc_create_ingress
 *fill*         0x0000000000082867        0x9 
 .text          0x0000000000082870       0x65 /root/framework/dpdk/build/lib/librte_pmd_virtio.a(virtqueue.o)
                0x0000000000082870                virtqueue_detatch_unused
 *fill*         0x00000000000828d5        0xb 
 .text          0x00000000000828e0      0xc21 /root/framework/dpdk/build/lib/librte_pmd_virtio.a(virtio_pci.o)
                0x0000000000083040                vtpci_read_dev_config
                0x0000000000083060                vtpci_write_dev_config
                0x0000000000083080                vtpci_negotiate_features
                0x00000000000830b0                vtpci_reset
                0x00000000000830f0                vtpci_reinit_complete
                0x0000000000083140                vtpci_set_status
                0x0000000000083190                vtpci_get_status
                0x00000000000831b0                vtpci_isr
                0x00000000000831d0                vtpci_init
 *fill*         0x0000000000083501        0xf 
 .text          0x0000000000083510     0x72a8 /root/framework/dpdk/build/lib/librte_pmd_virtio.a(virtio_rxtx.o)
                0x00000000000846a0                virtio_dev_rx_queue_done
                0x00000000000846c0                virtio_dev_cq_start
                0x00000000000846d0                virtio_dev_rx_queue_setup
                0x0000000000085370                virtio_dev_tx_queue_setup
                0x0000000000085770                virtio_recv_pkts
                0x0000000000086f80                virtio_recv_mergeable_pkts
                0x00000000000881c0                virtio_xmit_pkts
 *fill*         0x000000000008a7b8        0x8 
 .text          0x000000000008a7c0     0x341d /root/framework/dpdk/build/lib/librte_pmd_virtio.a(virtio_ethdev.o)
                0x000000000008c770                eth_virtio_dev_init
                0x000000000008db00                virtio_interrupt_handler
 *fill*         0x000000000008dbdd        0x3 
 .text          0x000000000008dbe0     0x2d60 /root/framework/dpdk/build/lib/librte_pmd_virtio.a(virtio_rxtx_simple.o)
                0x0000000000090710                virtio_xmit_pkts_simple
 .text          0x0000000000090940      0x4e7 /root/framework/dpdk/build/lib/librte_pmd_virtio.a(virtio_rxtx_simple_sse.o)
                0x0000000000090940                virtio_recv_pkts_vec
 *fill*         0x0000000000090e27        0x9 
 .text          0x0000000000090e30      0x931 /root/framework/dpdk/build/lib/librte_pmd_virtio.a(vhost_user.o)
 *fill*         0x0000000000091761        0xf 
 .text          0x0000000000091770      0x567 /root/framework/dpdk/build/lib/librte_pmd_virtio.a(vhost_kernel.o)
 *fill*         0x0000000000091cd7        0x9 
 .text          0x0000000000091ce0      0x1c7 /root/framework/dpdk/build/lib/librte_pmd_virtio.a(vhost_kernel_tap.o)
                0x0000000000091ce0                vhost_kernel_open_tap
 *fill*         0x0000000000091ea7        0x9 
 .text          0x0000000000091eb0      0xdf7 /root/framework/dpdk/build/lib/librte_pmd_virtio.a(virtio_user_dev.o)
                0x0000000000091eb0                virtio_user_start_device
                0x00000000000921c0                virtio_user_stop_device
                0x0000000000092210                is_vhost_user_by_type
                0x0000000000092260                virtio_user_dev_init
                0x00000000000929a0                virtio_user_dev_uninit
                0x0000000000092a70                virtio_user_handle_cq
 *fill*         0x0000000000092ca7        0x9 
 .text          0x0000000000092cb0      0x8ff /root/framework/dpdk/build/lib/librte_pmd_virtio.a(virtio_user_ethdev.o)
 *fill*         0x00000000000935af        0x1 
 .text          0x00000000000935b0     0x3e4b /root/framework/dpdk/build/lib/librte_pmd_vhost.a(rte_eth_vhost.o)
                0x0000000000097240                rte_eth_vhost_get_queue_event
                0x0000000000097350                rte_eth_vhost_get_vid_from_port_id
 *fill*         0x00000000000973fb        0x5 
 .text          0x0000000000097400      0xe7e /root/framework/dpdk/build/lib/librte_pmd_null_crypto.a(null_crypto_pmd.o)
                0x0000000000098200                null_crypto_set_session_parameters
 *fill*         0x000000000009827e        0x2 
 .text          0x0000000000098280      0x771 /root/framework/dpdk/build/lib/librte_pmd_null_crypto.a(null_crypto_pmd_ops.o)
 *fill*         0x00000000000989f1        0xf 
 .text          0x0000000000098a00      0x95c /root/framework/dpdk/build/lib/librte_pmd_crypto_scheduler.a(scheduler_pmd.o)
 *fill*         0x000000000009935c        0x4 
 .text          0x0000000000099360      0xc8a /root/framework/dpdk/build/lib/librte_pmd_crypto_scheduler.a(scheduler_pmd_ops.o)
 *fill*         0x0000000000099fea        0x6 
 .text          0x0000000000099ff0     0x2e5e /root/framework/dpdk/build/lib/librte_pmd_crypto_scheduler.a(rte_cryptodev_scheduler.o)
                0x000000000009bf40                rte_cryptodev_scheduler_slave_attach
                0x000000000009c1d0                rte_cryptodev_scheduler_slave_detach
                0x000000000009c540                rte_cryptodev_scheduler_mode_get
                0x000000000009c5e0                rte_cryptodev_scheduler_ordering_set
                0x000000000009c6b0                rte_cryptodev_scheduler_ordering_get
                0x000000000009c750                rte_cryptodev_scheduler_load_user_scheduler
                0x000000000009c990                rte_cryptodev_scheduler_mode_set
                0x000000000009cb80                rte_cryptodev_scheduler_slaves_get
                0x000000000009cc80                rte_cryptodev_scheduler_option_set
                0x000000000009cd50                rte_cryptodev_scheduler_option_get
 *fill*         0x000000000009ce4e        0x2 
 .text          0x000000000009ce50      0xdfe /root/framework/dpdk/build/lib/librte_pmd_crypto_scheduler.a(scheduler_roundrobin.o)
 *fill*         0x000000000009dc4e        0x2 
 .text          0x000000000009dc50     0x1233 /root/framework/dpdk/build/lib/librte_pmd_crypto_scheduler.a(scheduler_pkt_size_distr.o)
 *fill*         0x000000000009ee83        0xd 
 .text          0x000000000009ee90      0xd94 /root/framework/dpdk/build/lib/librte_pmd_crypto_scheduler.a(scheduler_failover.o)
 *fill*         0x000000000009fc24        0xc 
 .text          0x000000000009fc30     0x2d93 /root/framework/dpdk/build/lib/librte_pmd_crypto_scheduler.a(scheduler_multicore.o)
 .text          0x00000000000a29c3      0xc6f /root/framework/dpdk/build/lib/librte_pmd_skeleton_event.a(skeleton_eventdev.o)
 *fill*         0x00000000000a3632        0xe 
 .text          0x00000000000a3640     0x1d67 /root/framework/dpdk/build/lib/librte_pmd_sw_event.a(sw_evdev.o)
 *fill*         0x00000000000a53a7        0x9 
 .text          0x00000000000a53b0      0xa2d /root/framework/dpdk/build/lib/librte_pmd_sw_event.a(sw_evdev_worker.o)
                0x00000000000a56b0                sw_event_enqueue_burst
                0x00000000000a58f0                sw_event_enqueue
                0x00000000000a5900                sw_event_dequeue_burst
                0x00000000000a5dd0                sw_event_dequeue
 *fill*         0x00000000000a5ddd        0x3 
 .text          0x00000000000a5de0     0x1e8f /root/framework/dpdk/build/lib/librte_pmd_sw_event.a(sw_evdev_scheduler.o)
                0x00000000000a63c0                sw_event_schedule
 *fill*         0x00000000000a7c6f        0x1 
 .text          0x00000000000a7c70     0x179a /root/framework/dpdk/build/lib/librte_pmd_sw_event.a(sw_evdev_xstats.o)
                0x00000000000a8460                sw_xstats_init
                0x00000000000a89c0                sw_xstats_uninit
                0x00000000000a89e0                sw_xstats_get_names
                0x00000000000a8c30                sw_xstats_get
                0x00000000000a8f50                sw_xstats_get_by_name
                0x00000000000a8ff0                sw_xstats_reset
 *fill*         0x00000000000a940a        0x6 
 .text          0x00000000000a9410       0xd8 /root/framework/dpdk/build/lib/librte_pmd_octeontx_ssovf.a(ssovf_worker.o)
                0x00000000000a9410                ssows_flush_events
                0x00000000000a9490                ssows_reset
 .text          0x00000000000a94e8     0x12ba /root/framework/dpdk/build/lib/librte_pmd_octeontx_ssovf.a(ssovf_evdev.o)
 .text          0x00000000000aa7a2      0x841 /root/framework/dpdk/build/lib/librte_pmd_octeontx_ssovf.a(ssovf_probe.o)
                0x00000000000aa7a2                octeontx_ssovf_info
                0x00000000000aaaa0                octeontx_ssovf_bar
 .text          0x00000000000aafe3      0x5da /root/framework/dpdk/build/lib/librte_pmd_octeontx_ssovf.a(ssovf_mbox.o)
                0x00000000000ab548                octeontx_ssovf_mbox_send
 *fill*         0x00000000000ab5bd        0x3 
 .text          0x00000000000ab5c0       0x72 /usr/lib/x86_64-linux-gnu/libc_nonshared.a(elf-init.oS)
                0x00000000000ab5c0                __libc_csu_init
                0x00000000000ab630                __libc_csu_fini
 .text          0x00000000000ab632        0x0 /usr/lib/gcc/x86_64-linux-gnu/6/crtendS.o
 .text          0x00000000000ab632        0x0 /usr/lib/gcc/x86_64-linux-gnu/6/../../../x86_64-linux-gnu/crtn.o
 *(.gnu.warning)

.fini           0x00000000000ab634        0x9
 *(SORT(.fini))
 .fini          0x00000000000ab634        0x4 /usr/lib/gcc/x86_64-linux-gnu/6/../../../x86_64-linux-gnu/crti.o
                0x00000000000ab634                _fini
 .fini          0x00000000000ab638        0x5 /usr/lib/gcc/x86_64-linux-gnu/6/../../../x86_64-linux-gnu/crtn.o
                [!provide]                        PROVIDE (__etext, .)
                [!provide]                        PROVIDE (_etext, .)
                [!provide]                        PROVIDE (etext, .)

.rodata         0x00000000000ab640    0x1b9b3
 *(.rodata .rodata.* .gnu.linkonce.r.*)
 .rodata.cst4   0x00000000000ab640        0x4 /usr/lib/gcc/x86_64-linux-gnu/6/../../../x86_64-linux-gnu/Scrt1.o
                0x00000000000ab640                _IO_stdin_used
 *fill*         0x00000000000ab644        0x4 
 .rodata        0x00000000000ab648      0xb7d main.o
 .rodata.str1.1
                0x00000000000ac1c5        0xc /root/framework/dpdk/build/lib/librte_metrics.a(rte_metrics.o)
 *fill*         0x00000000000ac1d1        0x7 
 .rodata.str1.8
                0x00000000000ac1d8       0x22 /root/framework/dpdk/build/lib/librte_metrics.a(rte_metrics.o)
 *fill*         0x00000000000ac1fa        0x6 
 .rodata        0x00000000000ac200     0x2060 /root/framework/dpdk/build/lib/librte_hash.a(rte_cuckoo_hash.o)
 .rodata.str1.1
                0x00000000000ae260        0xc /root/framework/dpdk/build/lib/librte_hash.a(rte_cuckoo_hash.o)
                                         0x20 (size before relaxing)
 *fill*         0x00000000000ae26c        0x4 
 .rodata.str1.8
                0x00000000000ae270       0xcd /root/framework/dpdk/build/lib/librte_hash.a(rte_cuckoo_hash.o)
 .rodata.str1.1
                0x00000000000ae33d       0x1c /root/framework/dpdk/build/lib/librte_hash.a(rte_fbk_hash.o)
                                         0x25 (size before relaxing)
 *fill*         0x00000000000ae359        0x7 
 .rodata.str1.8
                0x00000000000ae360       0x51 /root/framework/dpdk/build/lib/librte_hash.a(rte_fbk_hash.o)
                                         0x79 (size before relaxing)
 *fill*         0x00000000000ae3b1        0xf 
 .rodata        0x00000000000ae3c0     0x2020 /root/framework/dpdk/build/lib/librte_hash.a(rte_fbk_hash.o)
 .rodata.str1.8
                0x00000000000b03e0      0x4f8 /root/framework/dpdk/build/lib/librte_vhost.a(socket.o)
 .rodata.str1.1
                0x00000000000b08d8       0x9c /root/framework/dpdk/build/lib/librte_vhost.a(socket.o)
 *fill*         0x00000000000b0974        0x4 
 .rodata.str1.8
                0x00000000000b0978      0x178 /root/framework/dpdk/build/lib/librte_vhost.a(vhost.o)
 .rodata        0x00000000000b0af0       0x19 /root/framework/dpdk/build/lib/librte_vhost.a(vhost.o)
 *fill*         0x00000000000b0b09        0x7 
 .rodata.cst16  0x00000000000b0b10       0x10 /root/framework/dpdk/build/lib/librte_vhost.a(vhost.o)
 .rodata.str1.1
                0x00000000000b0b20      0x1d8 /root/framework/dpdk/build/lib/librte_vhost.a(vhost_user.o)
                                        0x1de (size before relaxing)
 .rodata.str1.8
                0x00000000000b0cf8      0x951 /root/framework/dpdk/build/lib/librte_vhost.a(vhost_user.o)
 *fill*         0x00000000000b1649        0x7 
 .rodata        0x00000000000b1650       0x64 /root/framework/dpdk/build/lib/librte_vhost.a(vhost_user.o)
 .rodata.str1.1
                0x00000000000b16b4        0x6 /root/framework/dpdk/build/lib/librte_vhost.a(virtio_net.o)
 *fill*         0x00000000000b16b4        0x4 
 .rodata.str1.8
                0x00000000000b16b8       0x99 /root/framework/dpdk/build/lib/librte_vhost.a(virtio_net.o)
                                        0x121 (size before relaxing)
 *fill*         0x00000000000b1751        0xf 
 .rodata        0x00000000000b1760       0xa4 /root/framework/dpdk/build/lib/librte_vhost.a(virtio_net.o)