Determining if the pthread_create exist failed with the following output:
Change Dir: /root/framework/CMakeFiles/CMakeTmp

Run Build Command:"/usr/bin/make" "cmTC_4db4a/fast"
/usr/bin/make -f CMakeFiles/cmTC_4db4a.dir/build.make CMakeFiles/cmTC_4db4a.dir/build
make[1]: Entering directory '/root/framework/CMakeFiles/CMakeTmp'
Building C object CMakeFiles/cmTC_4db4a.dir/CheckSymbolExists.c.o
/usr/bin/cc    -Wall -Wextra -Wno-unused-parameter -g -O3 -std=gnu11 -march=native    -o CMakeFiles/cmTC_4db4a.dir/CheckSymbolExists.c.o   -c /root/framework/CMakeFiles/CMakeTmp/CheckSymbolExists.c
Linking C executable cmTC_4db4a
/usr/bin/cmake -E cmake_link_script CMakeFiles/cmTC_4db4a.dir/link.txt --verbose=1
/usr/bin/cc  -Wall -Wextra -Wno-unused-parameter -g -O3 -std=gnu11 -march=native     CMakeFiles/cmTC_4db4a.dir/CheckSymbolExists.c.o  -o cmTC_4db4a -rdynamic 
CMakeFiles/cmTC_4db4a.dir/CheckSymbolExists.c.o: In function `main':
/root/framework/CMakeFiles/CMakeTmp/CheckSymbolExists.c:8: undefined reference to `pthread_create'
collect2: error: ld returned 1 exit status
CMakeFiles/cmTC_4db4a.dir/build.make:97: recipe for target 'cmTC_4db4a' failed
make[1]: *** [cmTC_4db4a] Error 1
make[1]: Leaving directory '/root/framework/CMakeFiles/CMakeTmp'
Makefile:126: recipe for target 'cmTC_4db4a/fast' failed
make: *** [cmTC_4db4a/fast] Error 2

File /root/framework/CMakeFiles/CMakeTmp/CheckSymbolExists.c:
/* */
#include <pthread.h>

int main(int argc, char** argv)
{
  (void)argv;
#ifndef pthread_create
  return ((int*)(&pthread_create))[argc];
#else
  (void)argc;
  return 0;
#endif
}

Determining if the function pthread_create exists in the pthreads failed with the following output:
Change Dir: /root/framework/CMakeFiles/CMakeTmp

Run Build Command:"/usr/bin/make" "cmTC_9e8e8/fast"
/usr/bin/make -f CMakeFiles/cmTC_9e8e8.dir/build.make CMakeFiles/cmTC_9e8e8.dir/build
make[1]: Entering directory '/root/framework/CMakeFiles/CMakeTmp'
Building C object CMakeFiles/cmTC_9e8e8.dir/CheckFunctionExists.c.o
/usr/bin/cc    -Wall -Wextra -Wno-unused-parameter -g -O3 -std=gnu11 -march=native -DCHECK_FUNCTION_EXISTS=pthread_create   -o CMakeFiles/cmTC_9e8e8.dir/CheckFunctionExists.c.o   -c /usr/share/cmake-3.7/Modules/CheckFunctionExists.c
Linking C executable cmTC_9e8e8
/usr/bin/cmake -E cmake_link_script CMakeFiles/cmTC_9e8e8.dir/link.txt --verbose=1
/usr/bin/cc  -Wall -Wextra -Wno-unused-parameter -g -O3 -std=gnu11 -march=native -DCHECK_FUNCTION_EXISTS=pthread_create    CMakeFiles/cmTC_9e8e8.dir/CheckFunctionExists.c.o  -o cmTC_9e8e8 -rdynamic -lpthreads 
/usr/bin/ld: cannot find -lpthreads
collect2: error: ld returned 1 exit status
CMakeFiles/cmTC_9e8e8.dir/build.make:97: recipe for target 'cmTC_9e8e8' failed
make[1]: *** [cmTC_9e8e8] Error 1
make[1]: Leaving directory '/root/framework/CMakeFiles/CMakeTmp'
Makefile:126: recipe for target 'cmTC_9e8e8/fast' failed
make: *** [cmTC_9e8e8/fast] Error 2


