Archive member included to satisfy reference by file (symbol)

/root/framework/dpdk/build/lib/librte_pdump.a(rte_pdump.o)
                              main.o (rte_pdump_enable)
/root/framework/dpdk/build/lib/librte_hash.a(rte_cuckoo_hash.o)
                              (--whole-archive)
/root/framework/dpdk/build/lib/librte_hash.a(rte_fbk_hash.o)
                              (--whole-archive)
/root/framework/dpdk/build/lib/librte_vhost.a(fd_man.o)
                              (--whole-archive)
/root/framework/dpdk/build/lib/librte_vhost.a(socket.o)
                              (--whole-archive)
/root/framework/dpdk/build/lib/librte_vhost.a(vhost.o)
                              (--whole-archive)
/root/framework/dpdk/build/lib/librte_vhost.a(vhost_user.o)
                              (--whole-archive)
/root/framework/dpdk/build/lib/librte_vhost.a(virtio_net.o)
                              (--whole-archive)
/root/framework/dpdk/build/lib/librte_kvargs.a(rte_kvargs.o)
                              (--whole-archive)
/root/framework/dpdk/build/lib/librte_mbuf.a(rte_mbuf.o)
                              (--whole-archive)
/root/framework/dpdk/build/lib/librte_mbuf.a(rte_mbuf_ptype.o)
                              (--whole-archive)
/root/framework/dpdk/build/lib/librte_net.a(rte_net.o)
                              (--whole-archive)
/root/framework/dpdk/build/lib/librte_net.a(rte_net_crc.o)
                              (--whole-archive)
/root/framework/dpdk/build/lib/librte_ethdev.a(rte_ethdev.o)
                              (--whole-archive)
/root/framework/dpdk/build/lib/librte_ethdev.a(rte_flow.o)
                              (--whole-archive)
/root/framework/dpdk/build/lib/librte_ethdev.a(rte_tm.o)
                              (--whole-archive)
/root/framework/dpdk/build/lib/librte_cryptodev.a(rte_cryptodev.o)
                              (--whole-archive)
/root/framework/dpdk/build/lib/librte_cryptodev.a(rte_cryptodev_pmd.o)
                              (--whole-archive)
/root/framework/dpdk/build/lib/librte_eventdev.a(rte_eventdev.o)
                              (--whole-archive)
/root/framework/dpdk/build/lib/librte_eventdev.a(rte_event_ring.o)
                              (--whole-archive)
/root/framework/dpdk/build/lib/librte_mempool.a(rte_mempool.o)
                              (--whole-archive)
/root/framework/dpdk/build/lib/librte_mempool.a(rte_mempool_ops.o)
                              (--whole-archive)
/root/framework/dpdk/build/lib/librte_mempool_ring.a(rte_mempool_ring.o)
                              (--whole-archive)
/root/framework/dpdk/build/lib/librte_ring.a(rte_ring.o)
                              (--whole-archive)
/root/framework/dpdk/build/lib/librte_eal.a(eal.o)
                              (--whole-archive)
/root/framework/dpdk/build/lib/librte_eal.a(eal_hugepage_info.o)
                              (--whole-archive)
/root/framework/dpdk/build/lib/librte_eal.a(eal_memory.o)
                              (--whole-archive)
/root/framework/dpdk/build/lib/librte_eal.a(eal_thread.o)
                              (--whole-archive)
/root/framework/dpdk/build/lib/librte_eal.a(eal_log.o)
                              (--whole-archive)
/root/framework/dpdk/build/lib/librte_eal.a(eal_vfio.o)
                              (--whole-archive)
/root/framework/dpdk/build/lib/librte_eal.a(eal_vfio_mp_sync.o)
                              (--whole-archive)
/root/framework/dpdk/build/lib/librte_eal.a(eal_pci.o)
                              (--whole-archive)
/root/framework/dpdk/build/lib/librte_eal.a(eal_pci_uio.o)
                              (--whole-archive)
/root/framework/dpdk/build/lib/librte_eal.a(eal_pci_vfio.o)
                              (--whole-archive)
/root/framework/dpdk/build/lib/librte_eal.a(eal_debug.o)
                              (--whole-archive)
/root/framework/dpdk/build/lib/librte_eal.a(eal_lcore.o)
                              (--whole-archive)
/root/framework/dpdk/build/lib/librte_eal.a(eal_timer.o)
                              (--whole-archive)
/root/framework/dpdk/build/lib/librte_eal.a(eal_interrupts.o)
                              (--whole-archive)
/root/framework/dpdk/build/lib/librte_eal.a(eal_alarm.o)
                              (--whole-archive)
/root/framework/dpdk/build/lib/librte_eal.a(eal_common_lcore.o)
                              (--whole-archive)
/root/framework/dpdk/build/lib/librte_eal.a(eal_common_timer.o)
                              (--whole-archive)
/root/framework/dpdk/build/lib/librte_eal.a(eal_common_memzone.o)
                              (--whole-archive)
/root/framework/dpdk/build/lib/librte_eal.a(eal_common_log.o)
                              (--whole-archive)
/root/framework/dpdk/build/lib/librte_eal.a(eal_common_launch.o)
                              (--whole-archive)
/root/framework/dpdk/build/lib/librte_eal.a(eal_common_vdev.o)
                              (--whole-archive)
[...]
Memory Configuration

Name             Origin             Length             Attributes
*default*        0x0000000000000000 0xffffffffffffffff

Linker script and memory map

LOAD /usr/lib/gcc/x86_64-linux-gnu/6/../../../x86_64-linux-gnu/Scrt1.o
LOAD /usr/lib/gcc/x86_64-linux-gnu/6/../../../x86_64-linux-gnu/crti.o
LOAD /usr/lib/gcc/x86_64-linux-gnu/6/crtbeginS.o
LOAD main.o
LOAD /root/framework/dpdk/build/lib/librte_port.a
LOAD /root/framework/dpdk/build/lib/librte_pdump.a
LOAD /root/framework/dpdk/build/lib/librte_distributor.a
LOAD /root/framework/dpdk/build/lib/librte_ip_frag.a
LOAD /root/framework/dpdk/build/lib/librte_gro.a
LOAD /root/framework/dpdk/build/lib/librte_meter.a
LOAD /root/framework/dpdk/build/lib/librte_sched.a
LOAD /root/framework/dpdk/build/lib/librte_jobstats.a
LOAD /root/framework/dpdk/build/lib/librte_metrics.a
LOAD /root/framework/dpdk/build/lib/librte_bitratestats.a
LOAD /root/framework/dpdk/build/lib/librte_latencystats.a
LOAD /root/framework/dpdk/build/lib/librte_power.a
LOAD /root/framework/dpdk/build/lib/librte_timer.a
LOAD /root/framework/dpdk/build/lib/librte_efd.a
LOAD /root/framework/dpdk/build/lib/librte_cfgfile.a
LOAD /root/framework/dpdk/build/lib/librte_hash.a
LOAD /root/framework/dpdk/build/lib/librte_vhost.a
LOAD /root/framework/dpdk/build/lib/librte_kvargs.a
LOAD /root/framework/dpdk/build/lib/librte_mbuf.a
LOAD /root/framework/dpdk/build/lib/librte_net.a
LOAD /root/framework/dpdk/build/lib/librte_ethdev.a
LOAD /root/framework/dpdk/build/lib/librte_cryptodev.a
LOAD /root/framework/dpdk/build/lib/librte_eventdev.a
LOAD /root/framework/dpdk/build/lib/librte_mempool.a
LOAD /root/framework/dpdk/build/lib/librte_mempool_ring.a
LOAD /root/framework/dpdk/build/lib/librte_ring.a
LOAD /root/framework/dpdk/build/lib/librte_eal.a
LOAD /root/framework/dpdk/build/lib/librte_cmdline.a
LOAD /root/framework/dpdk/build/lib/librte_reorder.a
LOAD /root/framework/dpdk/build/lib/librte_mempool_stack.a
LOAD /root/framework/dpdk/build/lib/librte_pmd_af_packet.a
LOAD /root/framework/dpdk/build/lib/librte_pmd_avp.a
LOAD /root/framework/dpdk/build/lib/librte_pmd_failsafe.a
LOAD /root/framework/dpdk/build/lib/librte_pmd_nfp.a
LOAD /root/framework/dpdk/build/lib/librte_pmd_tap.a
LOAD /root/framework/dpdk/build/lib/librte_pmd_virtio.a
LOAD /root/framework/dpdk/build/lib/librte_pmd_vhost.a
LOAD /root/framework/dpdk/build/lib/librte_pmd_null_crypto.a
LOAD /root/framework/dpdk/build/lib/librte_pmd_crypto_scheduler.a
LOAD /root/framework/dpdk/build/lib/librte_pmd_skeleton_event.a
LOAD /root/framework/dpdk/build/lib/librte_pmd_sw_event.a
LOAD /root/framework/dpdk/build/lib/librte_pmd_octeontx_ssovf.a
LOAD /usr/lib/gcc/x86_64-linux-gnu/6/../../../x86_64-linux-gnu/librt.so
LOAD /usr/lib/gcc/x86_64-linux-gnu/6/../../../x86_64-linux-gnu/libm.so
START GROUP
LOAD /lib/x86_64-linux-gnu/libm.so.6
LOAD /usr/lib/x86_64-linux-gnu/libmvec_nonshared.a
LOAD /lib/x86_64-linux-gnu/libmvec.so.1
END GROUP
LOAD /usr/lib/gcc/x86_64-linux-gnu/6/../../../x86_64-linux-gnu/libnuma.so
LOAD /usr/lib/gcc/x86_64-linux-gnu/6/../../../x86_64-linux-gnu/libdl.so
LOAD /usr/lib/gcc/x86_64-linux-gnu/6/libgcc.a
LOAD /usr/lib/gcc/x86_64-linux-gnu/6/libgcc_s.so
START GROUP
LOAD /usr/lib/gcc/x86_64-linux-gnu/6/libgcc_s.so.1
LOAD /usr/lib/gcc/x86_64-linux-gnu/6/libgcc.a
END GROUP
LOAD /usr/lib/gcc/x86_64-linux-gnu/6/../../../x86_64-linux-gnu/libpthread.so
START GROUP
LOAD /lib/x86_64-linux-gnu/libpthread.so.0
LOAD /usr/lib/x86_64-linux-gnu/libpthread_nonshared.a
END GROUP
LOAD /usr/lib/gcc/x86_64-linux-gnu/6/../../../x86_64-linux-gnu/libc.so
START GROUP
LOAD /lib/x86_64-linux-gnu/libc.so.6
LOAD /usr/lib/x86_64-linux-gnu/libc_nonshared.a
LOAD /lib/x86_64-linux-gnu/ld-linux-x86-64.so.2
END GROUP
LOAD /usr/lib/gcc/x86_64-linux-gnu/6/libgcc.a
LOAD /usr/lib/gcc/x86_64-linux-gnu/6/libgcc_s.so
START GROUP
LOAD /usr/lib/gcc/x86_64-linux-gnu/6/libgcc_s.so.1
LOAD /usr/lib/gcc/x86_64-linux-gnu/6/libgcc.a
END GROUP
LOAD /usr/lib/gcc/x86_64-linux-gnu/6/crtendS.o
LOAD /usr/lib/gcc/x86_64-linux-gnu/6/../../../x86_64-linux-gnu/crtn.o
                [!provide]                        PROVIDE (__executable_start, SEGMENT_START ("text-segment", 0x0))
                0x0000000000000270                . = (SEGMENT_START ("text-segment", 0x0) + SIZEOF_HEADERS)

.interp         0x0000000000000270       0x1c
 *(.interp)
 .interp        0x0000000000000270       0x1c /usr/lib/gcc/x86_64-linux-gnu/6/../../../x86_64-linux-gnu/Scrt1.o

.note.ABI-tag   0x000000000000028c       0x20
 .note.ABI-tag  0x000000000000028c       0x20 /usr/lib/gcc/x86_64-linux-gnu/6/../../../x86_64-linux-gnu/Scrt1.o

.note.gnu.build-id
                0x00000000000002ac       0x24
 *(.note.gnu.build-id)
 .note.gnu.build-id
                0x00000000000002ac       0x24 /usr/lib/gcc/x86_64-linux-gnu/6/../../../x86_64-linux-gnu/Scrt1.o

.hash
 *(.hash)

.gnu.hash       0x00000000000002d0     0x1a08
 *(.gnu.hash)
 .gnu.hash      0x00000000000002d0     0x1a08 /usr/lib/gcc/x86_64-linux-gnu/6/../../../x86_64-linux-gnu/Scrt1.o

.dynsym         0x0000000000001cd8     0x6210
 *(.dynsym)
 .dynsym        0x0000000000001cd8     0x6210 /usr/lib/gcc/x86_64-linux-gnu/6/../../../x86_64-linux-gnu/Scrt1.o

.dynstr         0x0000000000007ee8     0x5174
 *(.dynstr)
 .dynstr        0x0000000000007ee8     0x5174 /usr/lib/gcc/x86_64-linux-gnu/6/../../../x86_64-linux-gnu/Scrt1.o

.gnu.version    0x000000000000d05c      0x82c
 *(.gnu.version)
 .gnu.version   0x000000000000d05c      0x82c /usr/lib/gcc/x86_64-linux-gnu/6/../../../x86_64-linux-gnu/Scrt1.o

.gnu.version_d  0x000000000000d888        0x0
 *(.gnu.version_d)
 .gnu.version_d
                0x000000000000d888        0x0 /usr/lib/gcc/x86_64-linux-gnu/6/../../../x86_64-linux-gnu/Scrt1.o

.gnu.version_r  0x000000000000d888      0x130
 *(.gnu.version_r)
 .gnu.version_r
                0x000000000000d888      0x130 /usr/lib/gcc/x86_64-linux-gnu/6/../../../x86_64-linux-gnu/Scrt1.o

.rela.dyn       0x000000000000d9b8     0x5070
 *(.rela.init)
 *(.rela.text .rela.text.* .rela.gnu.linkonce.t.*)
 .rela.text     0x000000000000d9b8        0x0 /usr/lib/gcc/x86_64-linux-gnu/6/../../../x86_64-linux-gnu/Scrt1.o
 .rela.text.startup
                0x000000000000d9b8        0x0 /usr/lib/gcc/x86_64-linux-gnu/6/../../../x86_64-linux-gnu/Scrt1.o
 *(.rela.fini)
 *(.rela.rodata .rela.rodata.* .rela.gnu.linkonce.r.*)
 *(.rela.data .rela.data.* .rela.gnu.linkonce.d.*)
 .rela.data.rel.ro
                0x000000000000d9b8      0x780 /usr/lib/gcc/x86_64-linux-gnu/6/../../../x86_64-linux-gnu/Scrt1.o
 .rela.data.rel.local
                0x000000000000e138     0x1a70 /usr/lib/gcc/x86_64-linux-gnu/6/../../../x86_64-linux-gnu/Scrt1.o
 .rela.data.rel.ro.local
                0x000000000000fba8     0x27a8 /usr/lib/gcc/x86_64-linux-gnu/6/../../../x86_64-linux-gnu/Scrt1.o
 .rela.data     0x0000000000012350       0xc0 /usr/lib/gcc/x86_64-linux-gnu/6/../../../x86_64-linux-gnu/Scrt1.o
 .rela.data.rel
                0x0000000000012410       0xc0 /usr/lib/gcc/x86_64-linux-gnu/6/../../../x86_64-linux-gnu/Scrt1.o
 *(.rela.tdata .rela.tdata.* .rela.gnu.linkonce.td.*)
 *(.rela.tbss .rela.tbss.* .rela.gnu.linkonce.tb.*)
 *(.rela.ctors)
 *(.rela.dtors)
 *(.rela.got)
 .rela.got      0x00000000000124d0       0xf0 /usr/lib/gcc/x86_64-linux-gnu/6/../../../x86_64-linux-gnu/Scrt1.o
 *(.rela.bss .rela.bss.* .rela.gnu.linkonce.b.*)
 .rela.bss      0x00000000000125c0       0x90 /usr/lib/gcc/x86_64-linux-gnu/6/../../../x86_64-linux-gnu/Scrt1.o
 *(.rela.ldata .rela.ldata.* .rela.gnu.linkonce.l.*)
 *(.rela.lbss .rela.lbss.* .rela.gnu.linkonce.lb.*)
 *(.rela.lrodata .rela.lrodata.* .rela.gnu.linkonce.lr.*)
 *(.rela.ifunc)
 .rela.fini_array
                0x0000000000012650       0x18 /usr/lib/gcc/x86_64-linux-gnu/6/../../../x86_64-linux-gnu/Scrt1.o
 .rela.init_array
                0x0000000000012668      0x390 /usr/lib/gcc/x86_64-linux-gnu/6/../../../x86_64-linux-gnu/Scrt1.o
 .rela.init_array.00101
                0x00000000000129f8       0x30 /usr/lib/gcc/x86_64-linux-gnu/6/../../../x86_64-linux-gnu/Scrt1.o

.rela.plt       0x0000000000012a28      0xe70
 *(.rela.plt)
 .rela.plt      0x0000000000012a28      0xe70 /usr/lib/gcc/x86_64-linux-gnu/6/../../../x86_64-linux-gnu/Scrt1.o
                [!provide]                        PROVIDE (__rela_iplt_start, .)
 *(.rela.iplt)
                [!provide]                        PROVIDE (__rela_iplt_end, .)

.init           0x0000000000013898       0x17
 *(SORT(.init))
 .init          0x0000000000013898       0x12 /usr/lib/gcc/x86_64-linux-gnu/6/../../../x86_64-linux-gnu/crti.o
                0x0000000000013898                _init
 .init          0x00000000000138aa        0x5 /usr/lib/gcc/x86_64-linux-gnu/6/../../../x86_64-linux-gnu/crtn.o

.plt            0x00000000000138b0      0x9b0
 *(.plt)
 .plt           0x00000000000138b0      0x9b0 /usr/lib/gcc/x86_64-linux-gnu/6/../../../x86_64-linux-gnu/Scrt1.o
 *(.iplt)

.plt.got        0x0000000000014260        0x8
 *(.plt.got)
 .plt.got       0x0000000000014260        0x8 /usr/lib/gcc/x86_64-linux-gnu/6/../../../x86_64-linux-gnu/Scrt1.o

.plt.bnd
 *(.plt.bnd)

.text           0x0000000000014270    0xa25b2
 *(.text.unlikely .text.*_unlikely .text.unlikely.*)
 .text.unlikely
                0x0000000000014270      0x20a /root/framework/dpdk/build/lib/librte_vhost.a(vhost_user.o)
 .text.unlikely
                0x000000000001447a       0x3a /root/framework/dpdk/build/lib/librte_cryptodev.a(rte_cryptodev.o)
 .text.unlikely
                0x00000000000144b4       0xbf /root/framework/dpdk/build/lib/librte_eal.a(eal_debug.o)
                0x00000000000144b4                __rte_panic
 .text.unlikely
                0x0000000000014573       0x92 /root/framework/dpdk/build/lib/librte_eal.a(eal_common_log.o)
                0x0000000000014573                rte_log
 .text.unlikely
                0x0000000000014605       0x4f /root/framework/dpdk/build/lib/librte_pmd_af_packet.a(rte_eth_af_packet.o)
 .text.unlikely
                0x0000000000014654       0x7d /root/framework/dpdk/build/lib/librte_pmd_avp.a(avp_ethdev.o)
 .text.unlikely
                0x00000000000146d1      0x2c6 /root/framework/dpdk/build/lib/librte_pmd_tap.a(rte_eth_tap.o)
 .text.unlikely
                0x0000000000014997       0xd8 /root/framework/dpdk/build/lib/librte_pmd_virtio.a(virtio_rxtx_simple.o)
                0x0000000000014997                virtqueue_enqueue_recv_refill_simple
                0x0000000000014a00                virtio_rxq_vec_setup
 *(.text.exit .text.exit.*)
 *(.text.startup .text.startup.*)
 *fill*         0x0000000000014a6f        0x1 
 .text.startup  0x0000000000014a70       0x6c /root/framework/dpdk/build/lib/librte_hash.a(rte_cuckoo_hash.o)
 *fill*         0x0000000000014adc        0x4 
 .text.startup  0x0000000000014ae0       0x6c /root/framework/dpdk/build/lib/librte_hash.a(rte_fbk_hash.o)
 *fill*         0x0000000000014b4c        0x4 
 .text.startup  0x0000000000014b50      0x193 /root/framework/dpdk/build/lib/librte_net.a(rte_net_crc.o)
 *fill*         0x0000000000014ce3        0xd 
 .text.startup  0x0000000000014cf0       0x3c /root/framework/dpdk/build/lib/librte_eventdev.a(rte_event_ring.o)
 *fill*         0x0000000000014d2c        0x4 
 .text.startup  0x0000000000014d30       0x3c /root/framework/dpdk/build/lib/librte_mempool.a(rte_mempool.o)
 *fill*         0x0000000000014d6c        0x4 
 .text.startup  0x0000000000014d70       0x3c /root/framework/dpdk/build/lib/librte_mempool_ring.a(rte_mempool_ring.o)
                0x0000000000014d70                mp_hdlr_init_ops_mp_mc
                0x0000000000014d80                mp_hdlr_init_ops_sp_sc
                0x0000000000014d90                mp_hdlr_init_ops_mp_sc
                0x0000000000014da0                mp_hdlr_init_ops_sp_mc
 *fill*         0x0000000000014dac        0x4 
 .text.startup  0x0000000000014db0       0x3c /root/framework/dpdk/build/lib/librte_ring.a(rte_ring.o)
 *fill*         0x0000000000014dec        0x4 
 .text.startup  0x0000000000014df0        0xf /root/framework/dpdk/build/lib/librte_eal.a(eal_common_timer.o)
 *fill*         0x0000000000014dff        0x1 
 .text.startup  0x0000000000014e00       0x83 /root/framework/dpdk/build/lib/librte_eal.a(eal_common_log.o)
 *fill*         0x0000000000014e83        0xd 
 .text.startup  0x0000000000014e90       0x1a /root/framework/dpdk/build/lib/librte_eal.a(eal_common_vdev.o)
 *fill*         0x0000000000014eaa        0x6 
 .text.startup  0x0000000000014eb0       0x1a /root/framework/dpdk/build/lib/librte_eal.a(eal_common_pci.o)
 *fill*         0x0000000000014eca        0x6 
 .text.startup  0x0000000000014ed0       0x3c /root/framework/dpdk/build/lib/librte_eal.a(eal_common_pci_uio.o)
 *fill*         0x0000000000014f0c        0x4 
 .text.startup  0x0000000000014f10       0x19 /root/framework/dpdk/build/lib/librte_eal.a(rte_spinlock.o)
 *fill*         0x0000000000014f29        0x7 
 .text.startup  0x0000000000014f30       0x3c /root/framework/dpdk/build/lib/librte_reorder.a(rte_reorder.o)
 *fill*         0x0000000000014f6c        0x4 
 .text.startup  0x0000000000014f70        0xc /root/framework/dpdk/build/lib/librte_mempool_stack.a(rte_mempool_stack.o)
                0x0000000000014f70                mp_hdlr_init_ops_stack
 *fill*         0x0000000000014f7c        0x4 
 .text.startup  0x0000000000014f80       0x28 /root/framework/dpdk/build/lib/librte_pmd_af_packet.a(rte_eth_af_packet.o)
 *fill*         0x0000000000014fa8        0x8 
 .text.startup  0x0000000000014fb0       0x1a /root/framework/dpdk/build/lib/librte_pmd_avp.a(avp_ethdev.o)
 *fill*         0x0000000000014fca        0x6 
 .text.startup  0x0000000000014fd0       0x25 /root/framework/dpdk/build/lib/librte_pmd_failsafe.a(failsafe.o)
 *fill*         0x0000000000014ff5        0xb 
 .text.startup  0x0000000000015000       0x1a /root/framework/dpdk/build/lib/librte_pmd_nfp.a(nfp_net.o)
 *fill*         0x000000000001501a        0x6 
 .text.startup  0x0000000000015020       0x28 /root/framework/dpdk/build/lib/librte_pmd_tap.a(rte_eth_tap.o)
 *fill*         0x0000000000015048        0x8 
 .text.startup  0x0000000000015050       0x1c /root/framework/dpdk/build/lib/librte_pmd_virtio.a(virtio_ethdev.o)
 *fill*         0x000000000001506c        0x4 
 .text.startup  0x0000000000015070       0x28 /root/framework/dpdk/build/lib/librte_pmd_virtio.a(virtio_user_ethdev.o)
 *fill*         0x0000000000015098        0x8 
 .text.startup  0x00000000000150a0       0x28 /root/framework/dpdk/build/lib/librte_pmd_vhost.a(rte_eth_vhost.o)
 *fill*         0x00000000000150c8        0x8 
 .text.startup  0x00000000000150d0       0x4b /root/framework/dpdk/build/lib/librte_pmd_null_crypto.a(null_crypto_pmd.o)
 *fill*         0x000000000001511b        0x5 
 .text.startup  0x0000000000015120       0x4b /root/framework/dpdk/build/lib/librte_pmd_crypto_scheduler.a(scheduler_pmd.o)
 *fill*         0x000000000001516b        0x5 
 .text.startup  0x0000000000015170       0x25 /root/framework/dpdk/build/lib/librte_pmd_sw_event.a(sw_evdev.o)
 *fill*         0x0000000000015195        0xb 
 .text.startup  0x00000000000151a0        0xa /root/framework/dpdk/build/lib/librte_pmd_sw_event.a(sw_evdev_scheduler.o)
 *(.text.hot .text.hot.*)
 *fill*         0x00000000000151aa        0x6 
 .text.hot      0x00000000000151b0      0x76b /root/framework/dpdk/build/lib/librte_pmd_octeontx_ssovf.a(ssovf_worker.o)
                0x00000000000151b0                ssows_deq
                0x0000000000015230                ssows_deq_timeout
                0x0000000000015310                ssows_deq_burst
                0x0000000000015390                ssows_deq_timeout_burst
                0x0000000000015470                ssows_enq
                0x0000000000015610                ssows_enq_burst
                0x00000000000157b0                ssows_enq_new_burst
                0x0000000000015810                ssows_enq_fwd_burst
 *(.text .stub .text.* .gnu.linkonce.t.*)
 *fill*         0x000000000001591b        0x5 
 .text          0x0000000000015920       0x2b /usr/lib/gcc/x86_64-linux-gnu/6/../../../x86_64-linux-gnu/Scrt1.o
                0x0000000000015920                _start
 .text          0x000000000001594b        0x0 /usr/lib/gcc/x86_64-linux-gnu/6/../../../x86_64-linux-gnu/crti.o
 *fill*         0x000000000001594b        0x5 
 .text          0x0000000000015950      0x100 /usr/lib/gcc/x86_64-linux-gnu/6/crtbeginS.o
 .text          0x0000000000015a50     0x85a7 main.o
                0x000000000001de0c                main
 *fill*         0x000000000001dff7        0x9 
 .text          0x000000000001e000     0x4979 /root/framework/dpdk/build/lib/librte_pdump.a(rte_pdump.o)
                0x0000000000022190                rte_pdump_init
                0x00000000000223d0                rte_pdump_uninit
                0x00000000000224d0                rte_pdump_enable
                0x0000000000022670                rte_pdump_enable_by_deviceid
                0x0000000000022750                rte_pdump_disable
                0x0000000000022850                rte_pdump_disable_by_deviceid
                0x00000000000228b0                rte_pdump_set_socket_dir
 *fill*         0x0000000000022979        0x7 
 .text          0x0000000000022980     0xbc86 /root/framework/dpdk/build/lib/librte_hash.a(rte_cuckoo_hash.o)
                0x0000000000028bf0                rte_hash_find_existing
                0x0000000000028c90                rte_hash_set_cmp_func
                0x0000000000028cb0                rte_hash_create
                0x00000000000292e0                rte_hash_free
                0x0000000000029420                rte_hash_hash
                0x0000000000029440                rte_hash_reset
                0x00000000000295b0                rte_hash_add_key_with_hash
                0x00000000000295c0                rte_hash_add_key
                0x0000000000029600                rte_hash_add_key_with_hash_data
                0x0000000000029620                rte_hash_add_key_data
                0x0000000000029670                rte_hash_lookup_with_hash
                0x0000000000029de0                rte_hash_lookup
                0x000000000002a560                rte_hash_lookup_with_hash_data
                0x000000000002ae00                rte_hash_lookup_data
                0x000000000002b6c0                rte_hash_del_key_with_hash
                0x000000000002c950                rte_hash_del_key
                0x000000000002dc00                rte_hash_get_key_with_position
                0x000000000002e530                rte_hash_lookup_bulk
                0x000000000002e540                rte_hash_lookup_bulk_data
                0x000000000002e580                rte_hash_iterate
 *fill*         0x000000000002e606        0xa 
 .text          0x000000000002e610      0x41b /root/framework/dpdk/build/lib/librte_hash.a(rte_fbk_hash.o)
                0x000000000002e670                rte_fbk_hash_find_existing
                0x000000000002e710                rte_fbk_hash_create
                0x000000000002e960                rte_fbk_hash_free
 *fill*         0x000000000002ea2b        0x5 
 .text          0x000000000002ea30      0x6b6 /root/framework/dpdk/build/lib/librte_vhost.a(fd_man.o)
                0x000000000002ea30                fdset_init
                0x000000000002ea70                fdset_add
                0x000000000002ecb0                fdset_del
                0x000000000002eda0                fdset_event_dispatch
 *fill*         0x000000000002f0e6        0xa 
 .text          0x000000000002f0f0     0x159f /root/framework/dpdk/build/lib/librte_vhost.a(socket.o)
                0x000000000002f8f0                read_fd_message
                0x000000000002fa60                send_fd_message
                0x000000000002fb70                rte_vhost_driver_disable_features
                0x000000000002fc20                rte_vhost_driver_enable_features
                0x000000000002fcd0                rte_vhost_driver_set_features
                0x000000000002fd80                rte_vhost_driver_get_features
                0x000000000002fe40                rte_vhost_driver_register
                0x00000000000300f0                rte_vhost_driver_unregister
                0x0000000000030390                rte_vhost_driver_callback_register
                0x0000000000030430                vhost_driver_callback_get
                0x00000000000304d0                rte_vhost_driver_start
 *fill*         0x000000000003068f        0x1 
 .text          0x0000000000030690      0xaef /root/framework/dpdk/build/lib/librte_vhost.a(vhost.o)
                0x0000000000030690                get_device
                0x00000000000306d0                cleanup_device
                0x0000000000030740                alloc_vring_queue
                0x00000000000307c0                reset_device
                0x0000000000030840                vhost_new_device
                0x00000000000308e0                vhost_destroy_device
                0x00000000000309f0                vhost_set_ifname
                0x0000000000030a50                vhost_enable_dequeue_zero_copy
                0x0000000000030a90                rte_vhost_get_mtu
                0x0000000000030b10                rte_vhost_get_numa_node
                0x0000000000030bb0                rte_vhost_get_queue_num
                0x0000000000030c00                rte_vhost_get_vring_num
                0x0000000000030c50                rte_vhost_get_ifname
                0x0000000000030cd0                rte_vhost_get_negotiated_features
                0x0000000000030d20                rte_vhost_get_mem_table
                0x0000000000030dd0                rte_vhost_get_vhost_vring
                0x0000000000030e70                rte_vhost_avail_entries
                0x0000000000030ee0                rte_vhost_enable_guest_notification
                0x0000000000030f60                rte_vhost_log_write
                0x0000000000031010                rte_vhost_log_used_vring
                0x00000000000310e0                rte_vhost_rx_queue_count
 *fill*         0x000000000003117f        0x1 
 .text          0x0000000000031180     0x1379 /root/framework/dpdk/build/lib/librte_vhost.a(vhost_user.o)
                0x00000000000311f0                vhost_backend_cleanup
                0x00000000000312b0                vhost_user_msg_handler
 *fill*         0x00000000000324f9        0x7 
 .text          0x0000000000032500     0x57d7 /root/framework/dpdk/build/lib/librte_vhost.a(virtio_net.o)
                0x0000000000034700                rte_vhost_enqueue_burst
                0x0000000000035e40                rte_vhost_dequeue_burst
 *fill*         0x0000000000037cd7        0x9 
 .text          0x0000000000037ce0      0x428 /root/framework/dpdk/build/lib/librte_kvargs.a(rte_kvargs.o)
                0x0000000000037ce0                rte_kvargs_count
                0x0000000000037d70                rte_kvargs_process
                0x0000000000037e40                rte_kvargs_free
                0x0000000000037e70                rte_kvargs_parse
 *fill*         0x0000000000038108        0x8 
 .text          0x0000000000038110     0x2bbc /root/framework/dpdk/build/lib/librte_mbuf.a(rte_mbuf.o)
                0x0000000000038110                rte_pktmbuf_init
                0x00000000000381b0                rte_ctrlmbuf_init
                0x0000000000038260                rte_pktmbuf_pool_init
                0x00000000000382b0                rte_pktmbuf_pool_create
                0x00000000000383e0                rte_mbuf_sanity_check
                0x00000000000384f0                rte_pktmbuf_dump
                0x00000000000385e0                __rte_pktmbuf_read
                0x000000000003a410                rte_get_rx_ol_flag_name
                0x000000000003a560                rte_get_rx_ol_flag_list
                0x000000000003a790                rte_get_tx_ol_flag_name
                0x000000000003a9b0                rte_get_tx_ol_flag_list
 *fill*         0x000000000003accc        0x4 
 .text          0x000000000003acd0      0x80e /root/framework/dpdk/build/lib/librte_mbuf.a(rte_mbuf_ptype.o)
                0x000000000003acd0                rte_get_ptype_l2_name
                0x000000000003ad70                rte_get_ptype_l3_name
                0x000000000003ade0                rte_get_ptype_l4_name
                0x000000000003ae50                rte_get_ptype_tunnel_name
                0x000000000003aec0                rte_get_ptype_inner_l2_name
                0x000000000003af00                rte_get_ptype_inner_l3_name
                0x000000000003af70                rte_get_ptype_inner_l4_name
                0x000000000003afe0                rte_get_ptype_name
 *fill*         0x000000000003b4de        0x2 
 .text          0x000000000003b4e0      0xb8d /root/framework/dpdk/build/lib/librte_net.a(rte_net.o)
                0x000000000003b810                rte_net_get_ptype
 *fill*         0x000000000003c06d        0x3 
 .text          0x000000000003c070      0x4cc /root/framework/dpdk/build/lib/librte_net.a(rte_net_crc.o)
                0x000000000003c510                rte_net_crc_set_alg
                0x000000000003c530                rte_net_crc_calc
 *fill*         0x000000000003c53c        0x4 
 .text          0x000000000003c540     0x7d9a /root/framework/dpdk/build/lib/librte_ethdev.a(rte_ethdev.o)
                0x000000000003cc20                rte_eth_tx_buffer_drop_callback
                0x000000000003d180                rte_eth_find_next
                0x000000000003d200                rte_eth_dev_allocated
                0x000000000003d270                rte_eth_dev_allocate
                0x000000000003d440                rte_eth_dev_attach_secondary
                0x000000000003d580                rte_eth_dev_release_port
                0x000000000003d5a0                rte_eth_dev_is_valid_port
                0x000000000003d5e0                rte_eth_dev_socket_id
                0x000000000003d630                rte_eth_dev_count
                0x000000000003d690                rte_eth_dev_get_name_by_port
                0x000000000003d6f0                rte_eth_dev_get_port_by_name
                0x000000000003d7d0                rte_eth_dev_attach
                0x000000000003d970                rte_eth_dev_detach
                0x000000000003da10                rte_eth_dev_rx_queue_start
                0x000000000003daa0                rte_eth_dev_rx_queue_stop
                0x000000000003db30                rte_eth_dev_tx_queue_start
                0x000000000003dbc0                rte_eth_dev_tx_queue_stop
                0x000000000003dc50                rte_eth_speed_bitflag
                0x000000000003dd50                rte_eth_dev_configure
                0x000000000003df90                _rte_eth_dev_reset
                0x000000000003dfd0                rte_eth_dev_start
                0x000000000003e410                rte_eth_dev_stop
                0x000000000003e490                rte_eth_dev_set_link_up
                0x000000000003e510                rte_eth_dev_set_link_down
                0x000000000003e590                rte_eth_dev_close
                0x000000000003e640                rte_eth_rx_queue_setup
                0x000000000003e900                rte_eth_tx_queue_setup
                0x000000000003eb30                rte_eth_tx_buffer_count_callback
                0x000000000003f0b0                rte_eth_tx_buffer_set_err_callback
                0x000000000003f0c0                rte_eth_tx_buffer_init
                0x000000000003f100                rte_eth_tx_done_cleanup
                0x000000000003f180                rte_eth_promiscuous_enable
                0x000000000003f1f0                rte_eth_promiscuous_disable
                0x000000000003f260                rte_eth_promiscuous_get
                0x000000000003f2b0                rte_eth_allmulticast_enable
                0x000000000003f320                rte_eth_allmulticast_disable
                0x000000000003f390                rte_eth_allmulticast_get
                0x000000000003f3f0                rte_eth_link_get
                0x000000000003f4b0                rte_eth_link_get_nowait
                0x000000000003f560                rte_eth_stats_get
                0x000000000003f610                rte_eth_stats_reset
                0x000000000003f690                rte_eth_xstats_get_id_by_name
                0x000000000003f7a0                rte_eth_xstats_get_names_by_id
                0x000000000003fae0                rte_eth_xstats_get_names
                0x000000000003fd30                rte_eth_xstats_get_by_id
                0x0000000000040740                rte_eth_xstats_get
                0x0000000000040a50                rte_eth_xstats_reset
                0x0000000000040ae0                rte_eth_dev_set_tx_queue_stats_mapping
                0x0000000000040b70                rte_eth_dev_set_rx_queue_stats_mapping
                0x0000000000040c00                rte_eth_dev_fw_version_get
                0x0000000000040c90                rte_eth_dev_info_get
                0x0000000000040d60                rte_eth_dev_get_supported_ptypes
                0x0000000000040e30                rte_eth_macaddr_get
                0x0000000000040e80                rte_eth_dev_get_mtu
                0x0000000000040ee0                rte_eth_dev_set_mtu
                0x0000000000040f80                rte_eth_dev_vlan_filter
                0x00000000000410a0                rte_eth_dev_set_vlan_strip_on_queue
                0x0000000000041140                rte_eth_dev_set_vlan_ether_type
                0x00000000000411d0                rte_eth_dev_set_vlan_offload
                0x0000000000041360                rte_eth_dev_get_vlan_offload
                0x00000000000413d0                rte_eth_dev_set_vlan_pvid
                0x0000000000041450                rte_eth_dev_flow_ctrl_get
                0x00000000000414f0                rte_eth_dev_flow_ctrl_set
                0x0000000000041590                rte_eth_dev_priority_flow_ctrl_set
                0x0000000000041630                rte_eth_dev_rss_reta_update
                0x0000000000041780                rte_eth_dev_rss_reta_query
                0x0000000000041870                rte_eth_dev_rss_hash_update
                0x0000000000041920                rte_eth_dev_rss_hash_conf_get
                0x00000000000419b0                rte_eth_dev_udp_tunnel_port_add
                0x0000000000041a50                rte_eth_dev_udp_tunnel_port_delete
                0x0000000000041af0                rte_eth_led_on
                0x0000000000041b80                rte_eth_led_off
                0x0000000000041c10                rte_eth_dev_mac_addr_add
                0x0000000000041f80                rte_eth_dev_mac_addr_remove
                0x0000000000042150                rte_eth_dev_default_mac_addr_set
                0x0000000000042220                rte_eth_dev_uc_hash_table_set
                0x00000000000425d0                rte_eth_dev_uc_all_hash_table_set
                0x0000000000042660                rte_eth_set_queue_rate_limit
                0x00000000000427c0                rte_eth_mirror_rule_set
                0x0000000000042890                rte_eth_mirror_rule_reset
                0x0000000000042920                rte_eth_dev_callback_register
                0x0000000000042a40                rte_eth_dev_callback_unregister
                0x0000000000042b60                _rte_eth_dev_callback_process
                0x0000000000042d90                rte_eth_dev_rx_intr_ctl
                0x0000000000042e80                rte_eth_dma_zone_reserve
                0x0000000000042f10                rte_eth_dev_rx_intr_ctl_q
                0x0000000000042fc0                rte_eth_dev_rx_intr_enable
                0x0000000000043050                rte_eth_dev_rx_intr_disable
                0x00000000000430e0                rte_eth_dev_filter_supported
                0x0000000000043170                rte_eth_dev_filter_ctrl
                0x0000000000043200                rte_eth_add_rx_callback
                0x0000000000043310                rte_eth_add_first_rx_callback
                0x0000000000043410                rte_eth_add_tx_callback
                0x0000000000043520                rte_eth_remove_rx_callback
                0x0000000000043600                rte_eth_remove_tx_callback
                0x00000000000436f0                rte_eth_rx_queue_info_get
                0x00000000000437b0                rte_eth_tx_queue_info_get
                0x0000000000043870                rte_eth_dev_set_mc_addr_list
                0x00000000000438f0                rte_eth_timesync_enable
                0x0000000000043980                rte_eth_timesync_disable
                0x0000000000043a10                rte_eth_timesync_read_rx_timestamp
                0x0000000000043aa0                rte_eth_timesync_read_tx_timestamp
                0x0000000000043b30                rte_eth_timesync_adjust_time
                0x0000000000043bc0                rte_eth_timesync_read_time
                0x0000000000043c50                rte_eth_timesync_write_time
                0x0000000000043ce0                rte_eth_dev_get_reg_info
                0x0000000000043d70                rte_eth_dev_get_eeprom_length
                0x0000000000043e00                rte_eth_dev_get_eeprom
                0x0000000000043e90                rte_eth_dev_set_eeprom
                0x0000000000043f20                rte_eth_dev_get_dcb_info
                0x0000000000043fd0                rte_eth_dev_l2_tunnel_eth_type_conf
                0x0000000000044070                rte_eth_dev_l2_tunnel_offload_set
                0x0000000000044120                rte_eth_dev_adjust_nb_rx_tx_desc
 *fill*         0x00000000000442da        0x6 
 .text          0x00000000000442e0      0xc5b /root/framework/dpdk/build/lib/librte_ethdev.a(rte_flow.o)
                0x00000000000442e0                rte_flow_ops_get
                0x00000000000443c0                rte_flow_validate
                0x0000000000044510                rte_flow_create
                0x0000000000044660                rte_flow_destroy
                0x00000000000447b0                rte_flow_flush
                0x00000000000448f0                rte_flow_query
                0x0000000000044a40                rte_flow_isolate
                0x0000000000044b90                rte_flow_copy
 *fill*         0x0000000000044f3b        0x5 
 .text          0x0000000000044f40     0x25e2 /root/framework/dpdk/build/lib/librte_ethdev.a(rte_tm.o)
                0x0000000000044f40                rte_tm_ops_get
                0x0000000000045040                rte_tm_get_number_of_leaf_nodes
                0x00000000000451b0                rte_tm_node_type_get
                0x00000000000452e0                rte_tm_capabilities_get
                0x0000000000045410                rte_tm_level_capabilities_get
                0x0000000000045540                rte_tm_node_capabilities_get
                0x0000000000045670                rte_tm_wred_profile_add
                0x00000000000457a0                rte_tm_wred_profile_delete
                0x00000000000458d0                rte_tm_shared_wred_context_add_update
                0x0000000000045a00                rte_tm_shared_wred_context_delete
                0x0000000000045b30                rte_tm_shaper_profile_add
                0x0000000000045c60                rte_tm_shaper_profile_delete
                0x0000000000045d90                rte_tm_shared_shaper_add_update
                0x0000000000045ec0                rte_tm_shared_shaper_delete
                0x0000000000045ff0                rte_tm_node_add
                0x0000000000046150                rte_tm_node_delete
                0x0000000000046280                rte_tm_node_suspend
                0x00000000000463b0                rte_tm_node_resume
                0x00000000000464e0                rte_tm_hierarchy_commit
                0x0000000000046610                rte_tm_node_parent_update
                0x0000000000046760                rte_tm_node_shaper_update
                0x00000000000468a0                rte_tm_node_shared_shaper_update
                0x00000000000469e0                rte_tm_node_stats_update
                0x0000000000046b20                rte_tm_node_wfq_weight_mode_update
                0x0000000000046c60                rte_tm_node_cman_update
                0x0000000000046da0                rte_tm_node_wred_context_update
                0x0000000000046ee0                rte_tm_node_shared_wred_context_update
                0x0000000000047020                rte_tm_node_stats_read
                0x0000000000047170                rte_tm_mark_vlan_dei
                0x00000000000472b0                rte_tm_mark_ip_ecn
                0x00000000000473f0                rte_tm_mark_ip_dscp
 *fill*         0x0000000000047522        0xe 
 .text          0x0000000000047530     0x25f6 /root/framework/dpdk/build/lib/librte_cryptodev.a(rte_cryptodev.o)
                0x0000000000047590                rte_cryptodev_get_cipher_algo_enum
                0x0000000000047820                rte_cryptodev_get_auth_algo_enum
                0x0000000000047880                rte_cryptodev_get_aead_algo_enum
                0x00000000000478e0                rte_cryptodev_sym_capability_get
                0x00000000000479a0                rte_cryptodev_sym_capability_check_cipher
                0x0000000000047a10                rte_cryptodev_sym_capability_check_auth
                0x0000000000047aa0                rte_cryptodev_sym_capability_check_aead
                0x0000000000047b70                rte_cryptodev_get_feature_name
                0x0000000000047c40                rte_cryptodev_create_vdev
                0x0000000000047c50                rte_cryptodev_pmd_get_dev
                0x0000000000047c70                rte_cryptodev_pmd_get_named_dev
                0x0000000000047ce0                rte_cryptodev_pmd_is_valid_dev
                0x0000000000047d10                rte_cryptodev_get_dev_id
                0x0000000000047da0                rte_cryptodev_count
                0x0000000000047db0                rte_cryptodev_device_count_by_driver
                0x0000000000047e10                rte_cryptodev_devices_get
                0x0000000000047ed0                rte_cryptodev_socket_id
                0x0000000000047f10                rte_cryptodev_pmd_allocate
                0x0000000000048110                rte_cryptodev_pmd_release_device
                0x00000000000482a0                rte_cryptodev_queue_pair_count
                0x00000000000482c0                rte_cryptodev_queue_pair_start
                0x00000000000483a0                rte_cryptodev_queue_pair_stop
                0x0000000000048480                rte_cryptodev_configure
                0x0000000000048880                rte_cryptodev_start
                0x0000000000048960                rte_cryptodev_stop
                0x0000000000048a20                rte_cryptodev_close
                0x0000000000048b80                rte_cryptodev_queue_pair_setup
                0x0000000000048ca0                rte_cryptodev_stats_get
                0x0000000000048da0                rte_cryptodev_stats_reset
                0x0000000000048e30                rte_cryptodev_info_get
                0x0000000000048ea0                rte_cryptodev_callback_register
                0x0000000000048ff0                rte_cryptodev_callback_unregister
                0x0000000000049170                rte_cryptodev_pmd_callback_process
                0x0000000000049230                rte_cryptodev_sym_session_init
                0x00000000000492e0                rte_cryptodev_sym_session_create
                0x0000000000049420                rte_cryptodev_queue_pair_attach_sym_session
                0x0000000000049510                rte_cryptodev_queue_pair_detach_sym_session
                0x0000000000049600                rte_cryptodev_sym_session_clear
                0x0000000000049640                rte_cryptodev_sym_session_free
                0x0000000000049770                rte_cryptodev_get_header_session_size
                0x0000000000049780                rte_cryptodev_get_private_session_size
                0x00000000000497e0                rte_crypto_op_pool_create
                0x0000000000049940                rte_cryptodev_pmd_create_dev_name
                0x0000000000049a10                rte_cryptodev_driver_id_get
                0x0000000000049aa0                rte_cryptodev_driver_name_get
                0x0000000000049ae0                rte_cryptodev_allocate_driver
 *fill*         0x0000000000049b26        0xa 
 .text          0x0000000000049b30      0x4e5 /root/framework/dpdk/build/lib/librte_cryptodev.a(rte_cryptodev_pmd.o)
                0x0000000000049bf0                rte_cryptodev_vdev_pmd_init
                0x0000000000049c90                rte_cryptodev_vdev_parse_init_params
                0x0000000000049d80                rte_cryptodev_pci_generic_probe
                0x0000000000049f40                rte_cryptodev_pci_generic_remove
 *fill*         0x000000000004a015        0xb 
 .text          0x000000000004a020     0x2c24 /root/framework/dpdk/build/lib/librte_eventdev.a(rte_eventdev.o)
                0x000000000004a250                rte_event_dev_count
                0x000000000004a260                rte_event_dev_get_dev_id
                0x000000000004a2e0                rte_event_dev_socket_id
                0x000000000004a350                rte_event_dev_info_get
                0x000000000004a410                rte_event_dev_configure
                0x000000000004b2f0                rte_event_queue_default_conf_get
                0x000000000004b3e0                rte_event_queue_setup
                0x000000000004b610                rte_event_queue_count
                0x000000000004b630                rte_event_queue_priority
                0x000000000004b660                rte_event_port_default_conf_get
                0x000000000004b740                rte_event_port_dequeue_depth
                0x000000000004b760                rte_event_port_enqueue_depth
                0x000000000004b780                rte_event_port_count
                0x000000000004b7a0                rte_event_port_link
                0x000000000004bb00                rte_event_port_unlink
                0x000000000004bde0                rte_event_port_setup
                0x000000000004c080                rte_event_port_links_get
                0x000000000004c180                rte_event_dequeue_timeout_ticks
                0x000000000004c210                rte_event_dev_dump
                0x000000000004c2a0                rte_event_dev_xstats_names_get
                0x000000000004c3c0                rte_event_dev_xstats_get
                0x000000000004c450                rte_event_dev_xstats_by_name_get
                0x000000000004c500                rte_event_dev_xstats_reset
                0x000000000004c590                rte_event_dev_start
                0x000000000004c660                rte_event_dev_stop
                0x000000000004c710                rte_event_dev_close
                0x000000000004c7e0                rte_event_pmd_allocate
                0x000000000004cba0                rte_event_pmd_release
 *fill*         0x000000000004cc44        0xc 
 .text          0x000000000004cc50      0x3c8 /root/framework/dpdk/build/lib/librte_eventdev.a(rte_event_ring.o)
                0x000000000004cc50                rte_event_ring_init
                0x000000000004cc60                rte_event_ring_create
                0x000000000004ce70                rte_event_ring_lookup
                0x000000000004cf10                rte_event_ring_free
 *fill*         0x000000000004d018        0x8 
 .text          0x000000000004d020     0x1e34 /root/framework/dpdk/build/lib/librte_mempool.a(rte_mempool.o)
                0x000000000004d1d0                rte_mempool_obj_iter
                0x000000000004d220                rte_mempool_mem_iter
                0x000000000004d270                rte_mempool_calc_obj_size
                0x000000000004d390                rte_mempool_xmem_size
                0x000000000004d400                rte_mempool_xmem_usage
                0x000000000004d4b0                rte_mempool_populate_phys
                0x000000000004d740                rte_mempool_populate_phys_tab
                0x000000000004d940                rte_mempool_populate_virt
                0x000000000004db00                rte_mempool_populate_default
                0x000000000004df70                rte_mempool_populate_anon
                0x000000000004e0e0                rte_mempool_free
                0x000000000004e1c0                rte_mempool_cache_create
                0x000000000004e270                rte_mempool_cache_free
                0x000000000004e280                rte_mempool_create_empty
                0x000000000004e5c0                rte_mempool_create
                0x000000000004e6f0                rte_mempool_xmem_create
                0x000000000004e840                rte_mempool_avail_count
                0x000000000004e8d0                rte_mempool_in_use_count
                0x000000000004e970                rte_mempool_check_cookies
                0x000000000004e980                rte_mempool_audit
                0x000000000004e9f0                rte_mempool_dump
                0x000000000004ecc0                rte_mempool_list_dump
                0x000000000004ed30                rte_mempool_lookup
                0x000000000004edd0                rte_mempool_walk
 *fill*         0x000000000004ee54        0xc 
 .text          0x000000000004ee60      0x302 /root/framework/dpdk/build/lib/librte_mempool.a(rte_mempool_ops.o)
                0x000000000004ee60                rte_mempool_register_ops
                0x000000000004efe0                rte_mempool_ops_alloc
                0x000000000004f030                rte_mempool_ops_free
                0x000000000004f080                rte_mempool_ops_get_count
                0x000000000004f0d0                rte_mempool_set_ops_byname
 *fill*         0x000000000004f162        0xe 
 .text          0x000000000004f170     0x12f5 /root/framework/dpdk/build/lib/librte_mempool_ring.a(rte_mempool_ring.o)
 *fill*         0x0000000000050465        0xb 
 .text          0x0000000000050470      0x7ec /root/framework/dpdk/build/lib/librte_ring.a(rte_ring.o)
                0x0000000000050470                rte_ring_get_memsize
                0x00000000000504c0                rte_ring_init
                0x00000000000505e0                rte_ring_create
                0x0000000000050800                rte_ring_free
                0x0000000000050910                rte_ring_dump
                0x0000000000050a30                rte_ring_list_dump
                0x0000000000050bc0                rte_ring_lookup
 *fill*         0x0000000000050c5c        0x4 
 .text          0x0000000000050c60     0x1719 /root/framework/dpdk/build/lib/librte_eal.a(eal.o)
                0x0000000000050d10                rte_eal_get_configuration
                0x0000000000050d20                eal_parse_sysfs_value
                0x0000000000050e30                eal_proc_type_detect
                0x0000000000050ef0                rte_set_application_usage_hook
                0x0000000000050f00                rte_eal_iopl_init
                0x0000000000050f20                rte_eal_init
                0x0000000000052240                rte_eal_lcore_role
                0x0000000000052250                rte_eal_process_type
                0x0000000000052260                rte_eal_has_hugepages
                0x0000000000052270                rte_eal_check_module
 *fill*         0x0000000000052379        0x7 
 .text          0x0000000000052380      0xa43 /root/framework/dpdk/build/lib/librte_eal.a(eal_hugepage_info.o)
                0x0000000000052920                eal_hugepage_info_init
 *fill*         0x0000000000052dc3        0xd 
 .text          0x0000000000052dd0     0x2dd8 /root/framework/dpdk/build/lib/librte_eal.a(eal_memory.o)
                0x0000000000053240                rte_mem_virt2phy
                0x00000000000533d0                rte_eal_hugepage_init
                0x00000000000554b0                rte_eal_hugepage_attach
                0x0000000000055ba0                rte_eal_using_phys_addrs
 *fill*         0x0000000000055ba8        0x8 
 .text          0x0000000000055bb0      0x415 /root/framework/dpdk/build/lib/librte_eal.a(eal_thread.o)
                0x0000000000055bb0                rte_eal_remote_launch
                0x0000000000055c90                eal_thread_init_master
                0x0000000000055d10                eal_thread_loop
                0x0000000000055fa0                rte_sys_gettid
                0x0000000000055fc0                rte_thread_setname
 *fill*         0x0000000000055fc5        0xb 
 .text          0x0000000000055fd0       0xf7 /root/framework/dpdk/build/lib/librte_eal.a(eal_log.o)
                0x0000000000056060                rte_eal_log_init
 .text          0x00000000000560c7        0x0 /root/framework/dpdk/build/lib/librte_eal.a(eal_vfio.o)
 .text          0x00000000000560c7        0x0 /root/framework/dpdk/build/lib/librte_eal.a(eal_vfio_mp_sync.o)
 *fill*         0x00000000000560c7        0x9 
 .text          0x00000000000560d0      0xe6d /root/framework/dpdk/build/lib/librte_eal.a(eal_pci.o)
                0x00000000000569c0                rte_pci_map_device
                0x0000000000056a30                rte_pci_unmap_device
                0x0000000000056a70                pci_find_max_end_va
                0x0000000000056ac0                pci_parse_one_sysfs_resource
                0x0000000000056b70                pci_update_device
                0x0000000000056be0                rte_pci_scan
                0x0000000000056dd0                rte_pci_read_config
                0x0000000000056e10                rte_pci_write_config
                0x0000000000056e50                rte_pci_ioport_map
                0x0000000000056eb0                rte_pci_ioport_read
                0x0000000000056ee0                rte_pci_ioport_write
                0x0000000000056f10                rte_pci_ioport_unmap
 *fill*         0x0000000000056f3d        0x3 
 .text          0x0000000000056f40      0xaa3 /root/framework/dpdk/build/lib/librte_eal.a(eal_pci_uio.o)
                0x00000000000572d0                pci_uio_read_config
                0x00000000000572e0                pci_uio_write_config
                0x00000000000572f0                pci_uio_free_resource
                0x0000000000057340                pci_uio_alloc_resource
                0x00000000000575b0                pci_uio_map_resource_by_index
                0x00000000000577d0                pci_uio_ioport_map
                0x0000000000057930                pci_uio_ioport_read
                0x0000000000057980                pci_uio_ioport_write
                0x00000000000579e0                pci_uio_ioport_unmap
 .text          0x00000000000579e3        0x0 /root/framework/dpdk/build/lib/librte_eal.a(eal_pci_vfio.o)
 *fill*         0x00000000000579e3        0xd 
 .text          0x00000000000579f0      0x144 /root/framework/dpdk/build/lib/librte_eal.a(eal_debug.o)
                0x00000000000579f0                rte_dump_stack
                0x0000000000057a60                rte_dump_registers
                0x0000000000057a70                rte_exit
 *fill*         0x0000000000057b34        0xc 
 .text          0x0000000000057b40      0x13b /root/framework/dpdk/build/lib/librte_eal.a(eal_lcore.o)
                0x0000000000057b40                eal_cpu_detected
                0x0000000000057b90                eal_cpu_socket_id
                0x0000000000057c00                eal_cpu_core_id
 *fill*         0x0000000000057c7b        0x5 
 .text          0x0000000000057c80      0x2bf /root/framework/dpdk/build/lib/librte_eal.a(eal_timer.o)
                0x0000000000057d60                get_tsc_freq
                0x0000000000057f20                rte_eal_timer_init
 *fill*         0x0000000000057f3f        0x1 
 .text          0x0000000000057f40     0x17e5 /root/framework/dpdk/build/lib/librte_eal.a(eal_interrupts.o)
                0x0000000000058570                rte_intr_callback_register
                0x0000000000058770                rte_intr_callback_unregister
                0x0000000000058960                rte_intr_enable
                0x0000000000058aa0                rte_intr_disable
                0x0000000000058be0                rte_eal_intr_init
                0x0000000000058cc0                rte_intr_tls_epfd
                0x0000000000058d10                rte_epoll_wait
                0x0000000000058ed0                rte_epoll_ctl
                0x00000000000590d0                rte_intr_rx_ctl
                0x0000000000059360                rte_intr_free_epoll_fd
                0x0000000000059480                rte_intr_efd_enable
                0x0000000000059580                rte_intr_efd_disable
                0x00000000000596e0                rte_intr_dp_is_en
                0x00000000000596f0                rte_intr_allow_others
                0x0000000000059710                rte_intr_cap_multiple
 *fill*         0x0000000000059725        0xb 
 .text          0x0000000000059730      0x6ea /root/framework/dpdk/build/lib/librte_eal.a(eal_alarm.o)
                0x0000000000059890                rte_eal_alarm_init
                0x00000000000598e0                rte_eal_alarm_set
                0x0000000000059b10                rte_eal_alarm_cancel
 *fill*         0x0000000000059e1a        0x6 
 .text          0x0000000000059e20      0x14a /root/framework/dpdk/build/lib/librte_eal.a(eal_common_lcore.o)
                0x0000000000059e20                rte_eal_cpu_init
 *fill*         0x0000000000059f6a        0x6 
 .text          0x0000000000059f70      0x1f8 /root/framework/dpdk/build/lib/librte_eal.a(eal_common_timer.o)
                0x0000000000059f70                rte_delay_us_block
                0x000000000005a070                rte_get_tsc_hz
                0x000000000005a080                set_tsc_freq
                0x000000000005a160                rte_delay_us_callback_register
 *fill*         0x000000000005a168        0x8 
 .text          0x000000000005a170      0xb74 /root/framework/dpdk/build/lib/librte_eal.a(eal_common_memzone.o)
                0x000000000005a960                rte_memzone_reserve_bounded
                0x000000000005a970                rte_memzone_reserve_aligned
                0x000000000005a980                rte_memzone_reserve
                0x000000000005a990                rte_memzone_free
                0x000000000005aa80                rte_memzone_lookup
                0x000000000005ab20                rte_memzone_dump
                0x000000000005abd0                rte_eal_memzone_init
                0x000000000005ac70                rte_memzone_walk
 *fill*         0x000000000005ace4        0xc 
 .text          0x000000000005acf0      0x5a8 /root/framework/dpdk/build/lib/librte_eal.a(eal_common_log.o)
                0x000000000005acf0                rte_openlog_stream
                0x000000000005ad00                rte_log_set_global_level
                0x000000000005ad10                rte_set_log_level
                0x000000000005ad20                rte_log_get_global_level
                0x000000000005ad30                rte_get_log_level
                0x000000000005ad40                rte_log_get_level
                0x000000000005ad70                rte_set_log_type
                0x000000000005ae00                rte_get_log_type
                0x000000000005ae10                rte_log_set_level
                0x000000000005ae40                rte_log_set_level_regexp
                0x000000000005af00                rte_log_cur_msg_loglevel
                0x000000000005af10                rte_log_cur_msg_logtype
                0x000000000005af20                rte_log_register
                0x000000000005b000                rte_log_dump
                0x000000000005b1e0                rte_vlog
                0x000000000005b290                eal_log_set_default
 *fill*         0x000000000005b298        0x8 
 .text          0x000000000005b2a0      0x301 /root/framework/dpdk/build/lib/librte_eal.a(eal_common_launch.o)
                0x000000000005b2a0                rte_eal_wait_lcore
                0x000000000005b320                rte_eal_mp_remote_launch
                0x000000000005b4b0                rte_eal_get_lcore_state
                0x000000000005b4d0                rte_eal_mp_wait_lcore
 *fill*         0x000000000005b5a1        0xf 
 .text          0x000000000005b5b0      0x6c9 /root/framework/dpdk/build/lib/librte_eal.a(eal_common_vdev.o)
                0x000000000005b910                rte_vdev_register
                0x000000000005b930                rte_vdev_unregister
                0x000000000005b960                rte_vdev_init
                0x000000000005bb50                rte_vdev_uninit
 *fill*         0x000000000005bc79        0x7 
 .text          0x000000000005bc80      0xd7b /root/framework/dpdk/build/lib/librte_eal.a(eal_common_pci.o)
                0x000000000005c0e0                rte_pci_probe
                0x000000000005c360                pci_get_sysfs_path
                0x000000000005c390                pci_name_set
                0x000000000005c4d0                pci_map_resource
                0x000000000005c580                pci_unmap_resource
                0x000000000005c600                rte_pci_probe_one
                0x000000000005c6e0                rte_pci_detach
                0x000000000005c880                rte_pci_dump
                0x000000000005c920                rte_pci_register
                0x000000000005c950                rte_pci_unregister
                0x000000000005c990                rte_pci_add_device
                0x000000000005c9b0                rte_pci_insert_device
                0x000000000005c9d0                rte_pci_remove_device
 *fill*         0x000000000005c9fb        0x5 
 .text          0x000000000005ca00      0x5bf /root/framework/dpdk/build/lib/librte_eal.a(eal_common_pci_uio.o)
                0x000000000005ca00                pci_uio_map_resource
                0x000000000005ce00                pci_uio_unmap_resource
 *fill*         0x000000000005cfbf        0x1 
 .text          0x000000000005cfc0      0x1c7 /root/framework/dpdk/build/lib/librte_eal.a(eal_common_memory.o)
                0x000000000005cfc0                rte_eal_get_physmem_layout
                0x000000000005cfe0                rte_eal_get_physmem_size
                0x000000000005d020                rte_dump_physmem_layout
                0x000000000005d0a0                rte_memory_get_nchannel
                0x000000000005d0c0                rte_memory_get_nrank
                0x000000000005d0e0                rte_mem_lock_page
                0x000000000005d100                rte_eal_memory_init
 *fill*         0x000000000005d187        0x9 
 .text          0x000000000005d190      0x4f9 /root/framework/dpdk/build/lib/librte_eal.a(eal_common_tailqs.o)
                0x000000000005d190                rte_eal_tailq_lookup
                0x000000000005d1f0                rte_dump_tailq
                0x000000000005d280                rte_eal_tailq_register
                0x000000000005d490                rte_eal_tailqs_init
 *fill*         0x000000000005d689        0x7 
 .text          0x000000000005d690       0x85 /root/framework/dpdk/build/lib/librte_eal.a(eal_common_errno.o)
                0x000000000005d690                rte_strerror
 *fill*         0x000000000005d715        0xb 
 .text          0x000000000005d720      0x13d /root/framework/dpdk/build/lib/librte_eal.a(eal_common_cpuflags.o)
                0x000000000005d720                rte_cpu_check_supported
                0x000000000005d7b0                rte_cpu_is_supported
 *fill*         0x000000000005d85d        0x3 
 .text          0x000000000005d860       0x8d /root/framework/dpdk/build/lib/librte_eal.a(eal_common_string_fns.o)
                0x000000000005d860                rte_strsplit
 *fill*         0x000000000005d8ed        0x3 
 .text          0x000000000005d8f0      0x2d2 /root/framework/dpdk/build/lib/librte_eal.a(eal_common_hexdump.o)
                0x000000000005d8f0                rte_hexdump
                0x000000000005dad0                rte_memdump
 *fill*         0x000000000005dbc2        0xe 
 .text          0x000000000005dbd0      0x51e /root/framework/dpdk/build/lib/librte_eal.a(eal_common_devargs.o)
                0x000000000005dc00                rte_eal_parse_devargs_str
                0x000000000005dc90                rte_eal_devargs_parse
                0x000000000005de20                rte_eal_devargs_insert
                0x000000000005ded0                rte_eal_devargs_add
                0x000000000005dfa0                rte_eal_devargs_remove
                0x000000000005e050                rte_eal_devargs_type_count
                0x000000000005e080                rte_eal_devargs_dump
 *fill*         0x000000000005e0ee        0x2 
 .text          0x000000000005e0f0      0x4cc /root/framework/dpdk/build/lib/librte_eal.a(eal_common_bus.o)
                0x000000000005e100                rte_bus_register
                0x000000000005e280                rte_bus_unregister
                0x000000000005e2c0                rte_bus_scan
                0x000000000005e310                rte_bus_probe
                0x000000000005e3c0                rte_bus_dump
                0x000000000005e430                rte_bus_find
                0x000000000005e4a0                rte_bus_find_by_device
                0x000000000005e4f0                rte_bus_find_by_name
                0x000000000005e540                rte_bus_find_by_device_name
 *fill*         0x000000000005e5bc        0x4 
 .text          0x000000000005e5c0      0x4af /root/framework/dpdk/build/lib/librte_eal.a(eal_common_dev.o)
                0x000000000005e5f0                rte_eal_dev_detach
                0x000000000005e6a0                rte_eal_hotplug_add
                0x000000000005e890                rte_eal_dev_attach
                0x000000000005e990                rte_eal_hotplug_remove
 *fill*         0x000000000005ea6f        0x1 
 .text          0x000000000005ea70     0x1eb3 /root/framework/dpdk/build/lib/librte_eal.a(eal_common_options.o)
                0x000000000005efb0                eal_option_device_parse
                0x000000000005f060                eal_reset_internal_config
                0x000000000005f130                eal_plugins_init
                0x000000000005f210                eal_parse_common_option
                0x00000000000606a0                eal_adjust_config
                0x0000000000060840                eal_check_common_options
                0x0000000000060910                eal_common_usage
 *fill*         0x0000000000060923        0xd 
 .text          0x0000000000060930      0x344 /root/framework/dpdk/build/lib/librte_eal.a(eal_common_thread.o)
                0x0000000000060930                rte_socket_id
                0x0000000000060940                eal_cpuset_socket_id
                0x00000000000609d0                rte_thread_set_affinity
                0x0000000000060ae0                rte_thread_get_affinity
                0x0000000000060b30                eal_thread_dump_affinity
 *fill*         0x0000000000060c74        0xc 
 .text          0x0000000000060c80       0xa9 /root/framework/dpdk/build/lib/librte_eal.a(eal_common_proc.o)
                0x0000000000060c80                rte_eal_primary_proc_alive
 *fill*         0x0000000000060d29        0x7 
 .text          0x0000000000060d30     0x26cf /root/framework/dpdk/build/lib/librte_eal.a(rte_malloc.o)
                0x0000000000060d30                rte_free
                0x0000000000060d90                rte_malloc_socket
                0x0000000000060eb0                rte_malloc
                0x0000000000060fd0                rte_zmalloc_socket
                0x00000000000610f0                rte_zmalloc
                0x0000000000061210                rte_calloc_socket
                0x0000000000061330                rte_calloc
                0x0000000000061450                rte_realloc
                0x00000000000631f0                rte_malloc_validate
                0x0000000000063250                rte_malloc_get_socket_stats
                0x00000000000632a0                rte_malloc_dump_stats
                0x00000000000633a0                rte_malloc_set_limit
                0x00000000000633b0                rte_malloc_virt2phy
 *fill*         0x00000000000633ff        0x1 
 .text          0x0000000000063400      0x73a /root/framework/dpdk/build/lib/librte_eal.a(malloc_elem.o)
                0x0000000000063400                malloc_elem_init
                0x0000000000063440                malloc_elem_mkend
                0x0000000000063490                malloc_elem_can_hold
                0x00000000000634f0                malloc_elem_free_list_index
                0x0000000000063530                malloc_elem_free_list_insert
                0x00000000000635c0                malloc_elem_alloc
                0x0000000000063850                malloc_elem_free
                0x00000000000639d0                malloc_elem_resize
 *fill*         0x0000000000063b3a        0x6 
 .text          0x0000000000063b40      0x3e7 /root/framework/dpdk/build/lib/librte_eal.a(malloc_heap.o)
                0x0000000000063b40                malloc_heap_alloc
                0x0000000000063de0                malloc_heap_get_stats
                0x0000000000063e70                rte_eal_malloc_heap_init
 *fill*         0x0000000000063f27        0x9 
 .text          0x0000000000063f30      0x342 /root/framework/dpdk/build/lib/librte_eal.a(rte_keepalive.o)
                0x0000000000063f30                rte_keepalive_dispatch_pings
                0x0000000000064140                rte_keepalive_create
                0x00000000000641e0                rte_keepalive_register_relay_callback
                0x00000000000641f0                rte_keepalive_register_core
                0x0000000000064240                rte_keepalive_mark_alive
                0x0000000000064260                rte_keepalive_mark_sleep
 *fill*         0x0000000000064272        0xe 
 .text          0x0000000000064280     0x10da /root/framework/dpdk/build/lib/librte_eal.a(rte_service.o)
                0x0000000000064450                rte_service_init
                0x0000000000064590                rte_service_set_stats_enable
                0x00000000000645b0                rte_service_get_count
                0x00000000000645c0                rte_service_get_by_id
                0x00000000000645f0                rte_service_get_by_name
                0x0000000000064650                rte_service_get_name
                0x0000000000064660                rte_service_probe_capability
                0x0000000000064670                rte_service_is_running
                0x00000000000646a0                rte_service_register
                0x0000000000064730                rte_service_unregister
                0x00000000000647c0                rte_service_start
                0x00000000000647d0                rte_service_stop
                0x00000000000647e0                rte_service_lcore_count
                0x0000000000064930                rte_service_lcore_list
                0x0000000000064ac0                rte_service_start_with_defaults
                0x0000000000064dd0                rte_service_get_enabled_on_lcore
                0x0000000000064e30                rte_service_enable_on_lcore
                0x0000000000064ea0                rte_service_disable_on_lcore
                0x0000000000064f10                rte_service_lcore_reset_all
                0x0000000000064f70                rte_service_lcore_add
                0x0000000000064ff0                rte_service_lcore_del
                0x0000000000065080                rte_service_lcore_start
                0x00000000000650e0                rte_service_lcore_stop
                0x0000000000065170                rte_service_dump
 *fill*         0x000000000006535a        0x6 
 .text          0x0000000000065360       0xb3 /root/framework/dpdk/build/lib/librte_eal.a(rte_cpuflags.o)
                0x0000000000065360                rte_cpu_get_flag_enabled
                0x00000000000653f0                rte_cpu_get_flag_name
 .text          0x0000000000065413        0x0 /root/framework/dpdk/build/lib/librte_eal.a(rte_spinlock.o)
 *fill*         0x0000000000065413        0xd 
 .text          0x0000000000065420      0x64a /root/framework/dpdk/build/lib/librte_cmdline.a(cmdline.o)
                0x0000000000065420                cmdline_write_char
                0x0000000000065570                cmdline_set_prompt
                0x00000000000655b0                cmdline_new
                0x0000000000065680                cmdline_free
                0x00000000000656e0                cmdline_printf
                0x0000000000065810                cmdline_in
                0x0000000000065950                cmdline_quit
                0x0000000000065970                cmdline_poll
                0x0000000000065a20                cmdline_interact
 *fill*         0x0000000000065a6a        0x6 
 .text          0x0000000000065a70      0x88c /root/framework/dpdk/build/lib/librte_cmdline.a(cmdline_cirbuf.o)
                0x0000000000065a70                cirbuf_init
                0x0000000000065aa0                cirbuf_add_buf_head
                0x0000000000065b80                cirbuf_add_buf_tail
                0x0000000000065c50                cirbuf_add_head_safe
                0x0000000000065ca0                cirbuf_add_head
                0x0000000000065cf0                cirbuf_add_tail_safe
                0x0000000000065d40                cirbuf_add_tail
                0x0000000000065d80                cirbuf_align_left
                0x0000000000065ec0                cirbuf_align_right
                0x0000000000066010                cirbuf_del_buf_head
                0x0000000000066060                cirbuf_del_buf_tail
                0x00000000000660c0                cirbuf_del_head_safe
                0x0000000000066100                cirbuf_del_head
                0x0000000000066120                cirbuf_del_tail_safe
                0x0000000000066160                cirbuf_del_tail
                0x0000000000066190                cirbuf_get_buf_head
                0x0000000000066230                cirbuf_get_buf_tail
                0x00000000000662e0                cirbuf_get_head
                0x00000000000662f0                cirbuf_get_tail
 *fill*         0x00000000000662fc        0x4 
 .text          0x0000000000066300      0xd86 /root/framework/dpdk/build/lib/librte_cmdline.a(cmdline_parse.o)
                0x0000000000066480                cmdline_isendoftoken
                0x00000000000664b0                cmdline_isendofcommand
                0x00000000000664e0                cmdline_parse
                0x0000000000066900                cmdline_complete
 *fill*         0x0000000000067086        0xa 
 .text          0x0000000000067090      0x266 /root/framework/dpdk/build/lib/librte_cmdline.a(cmdline_parse_etheraddr.o)
                0x0000000000067090                cmdline_get_help_etheraddr
                0x00000000000670b0                cmdline_parse_etheraddr
 *fill*         0x00000000000672f6        0xa 
 .text          0x0000000000067300      0x9b9 /root/framework/dpdk/build/lib/librte_cmdline.a(cmdline_parse_ipaddr.o)
                0x0000000000067300                cmdline_get_help_ipaddr
                0x00000000000673f0                cmdline_parse_ipaddr
 *fill*         0x0000000000067cb9        0x7 
 .text          0x0000000000067cc0      0x6c3 /root/framework/dpdk/build/lib/librte_cmdline.a(cmdline_parse_num.o)
                0x0000000000067cc0                cmdline_parse_num
                0x0000000000068330                cmdline_get_help_num
 *fill*         0x0000000000068383        0xd 
 .text          0x0000000000068390      0x428 /root/framework/dpdk/build/lib/librte_cmdline.a(cmdline_parse_string.o)
                0x0000000000068390                cmdline_complete_get_nb_string
                0x0000000000068400                cmdline_parse_string
                0x00000000000685f0                cmdline_get_help_string
                0x00000000000686d0                cmdline_complete_get_elt_string
 *fill*         0x00000000000687b8        0x8 
 .text          0x00000000000687c0     0x1641 /root/framework/dpdk/build/lib/librte_cmdline.a(cmdline_rdline.o)
                0x0000000000068940                rdline_init
                0x00000000000689c0                rdline_newline
                0x0000000000068a90                rdline_stop
                0x0000000000068aa0                rdline_quit
                0x0000000000068ab0                rdline_restart
                0x0000000000068ac0                rdline_reset
                0x0000000000068b20                rdline_get_buffer
                0x0000000000068b90                rdline_redisplay
                0x0000000000068c50                rdline_char_in
                0x0000000000069be0                rdline_get_history_item
                0x0000000000069ce0                rdline_add_history
                0x0000000000069de0                rdline_clear_history
 *fill*         0x0000000000069e01        0xf 
 .text          0x0000000000069e10      0x148 /root/framework/dpdk/build/lib/librte_cmdline.a(cmdline_vt100.o)
                0x0000000000069e10                vt100_init
                0x0000000000069e20                vt100_parser
 *fill*         0x0000000000069f58        0x8 
 .text          0x0000000000069f60      0x1a1 /root/framework/dpdk/build/lib/librte_cmdline.a(cmdline_socket.o)
                0x0000000000069f60                cmdline_file_new
                0x0000000000069fc0                cmdline_stdin_new
                0x000000000006a0d0                cmdline_stdin_exit
 *fill*         0x000000000006a101        0xf 
 .text          0x000000000006a110      0x230 /root/framework/dpdk/build/lib/librte_cmdline.a(cmdline_parse_portlist.o)
                0x000000000006a110                cmdline_get_help_portlist
                0x000000000006a130                cmdline_parse_portlist
 .text          0x000000000006a340     0x1c85 /root/framework/dpdk/build/lib/librte_reorder.a(rte_reorder.o)
                0x000000000006a340                rte_reorder_init
                0x000000000006a460                rte_reorder_create
                0x000000000006a650                rte_reorder_reset
                0x000000000006b100                rte_reorder_free
                0x000000000006bc50                rte_reorder_find_existing
                0x000000000006bcf0                rte_reorder_insert
                0x000000000006bef0                rte_reorder_drain
 *fill*         0x000000000006bfc5        0xb 
 .text          0x000000000006bfd0      0x2d5 /root/framework/dpdk/build/lib/librte_mempool_stack.a(rte_mempool_stack.o)
 *fill*         0x000000000006c2a5        0xb 
 .text          0x000000000006c2b0     0x59ac /root/framework/dpdk/build/lib/librte_pmd_af_packet.a(rte_eth_af_packet.o)
 *fill*         0x0000000000071c5c        0x4 
 .text          0x0000000000071c60     0x6b69 /root/framework/dpdk/build/lib/librte_pmd_avp.a(avp_ethdev.o)
 *fill*         0x00000000000787c9        0x7 
 .text          0x00000000000787d0      0x8ed /root/framework/dpdk/build/lib/librte_pmd_failsafe.a(failsafe.o)
                0x0000000000078f90                failsafe_hotplug_alarm_install
                0x0000000000079030                failsafe_hotplug_alarm_cancel
 *fill*         0x00000000000790bd        0x3 
 .text          0x00000000000790c0      0xd3a /root/framework/dpdk/build/lib/librte_pmd_failsafe.a(failsafe_args.o)
                0x00000000000794b0                failsafe_args_parse
                0x0000000000079b20                failsafe_args_free
                0x0000000000079ba0                failsafe_args_count_subdevice
                0x0000000000079d70                failsafe_args_parse_subs
 *fill*         0x0000000000079dfa        0x6 
 .text          0x0000000000079e00      0x3f9 /root/framework/dpdk/build/lib/librte_pmd_failsafe.a(failsafe_eal.o)
                0x0000000000079e00                failsafe_eal_init
                0x000000000007a0b0                failsafe_eal_uninit
 *fill*         0x000000000007a1f9        0x7 
 .text          0x000000000007a200     0x2725 /root/framework/dpdk/build/lib/librte_pmd_failsafe.a(failsafe_ops.o)
 *fill*         0x000000000007c925        0xb 
 .text          0x000000000007c930      0x53b /root/framework/dpdk/build/lib/librte_pmd_failsafe.a(failsafe_rxtx.o)
                0x000000000007c930                failsafe_rx_burst_fast
                0x000000000007ca20                failsafe_tx_burst_fast
                0x000000000007cab0                failsafe_rx_burst
                0x000000000007cbb0                failsafe_tx_burst
                0x000000000007cc50                set_burst_fn
 *fill*         0x000000000007ce6b        0x5 
 .text          0x000000000007ce70      0xf72 /root/framework/dpdk/build/lib/librte_pmd_failsafe.a(failsafe_ether.o)
                0x000000000007ce70                failsafe_dev_remove
                0x000000000007d0c0                failsafe_eth_dev_state_sync
                0x000000000007dc20                failsafe_eth_rmv_event_callback
                0x000000000007ddb0                failsafe_eth_lsc_event_callback
 *fill*         0x000000000007dde2        0xe 
 .text          0x000000000007ddf0      0x9cb /root/framework/dpdk/build/lib/librte_pmd_failsafe.a(failsafe_flow.o)
 *fill*         0x000000000007e7bb        0x5 
 .text          0x000000000007e7c0     0x4a0f /root/framework/dpdk/build/lib/librte_pmd_nfp.a(nfp_net.o)
 *fill*         0x00000000000831cf        0x1 
 .text          0x00000000000831d0     0x786f /root/framework/dpdk/build/lib/librte_pmd_tap.a(rte_eth_tap.o)
 *fill*         0x000000000008aa3f        0x1 
 .text          0x000000000008aa40     0x25b5 /root/framework/dpdk/build/lib/librte_pmd_tap.a(tap_flow.o)
                0x000000000008c100                tap_flow_flush
                0x000000000008c5a0                tap_flow_implicit_create
                0x000000000008cbb0                tap_flow_implicit_destroy
                0x000000000008cd80                tap_flow_implicit_flush
                0x000000000008cfb0                tap_dev_filter_ctrl
 *fill*         0x000000000008cff5        0xb 
 .text          0x000000000008d000      0x6a3 /root/framework/dpdk/build/lib/librte_pmd_tap.a(tap_netlink.o)
                0x000000000008d140                nl_init
                0x000000000008d220                nl_final
                0x000000000008d260                nl_send
                0x000000000008d330                nl_recv_ack
                0x000000000008d340                nl_recv
                0x000000000008d510                nlattr_add
                0x000000000008d560                nlattr_add8
                0x000000000008d590                nlattr_add16
                0x000000000008d5c0                nlattr_add32
                0x000000000008d5f0                nlattr_nested_start
                0x000000000008d670                nlattr_nested_finish
 *fill*         0x000000000008d6a3        0xd 
 .text          0x000000000008d6b0      0x3a7 /root/framework/dpdk/build/lib/librte_pmd_tap.a(tap_tcmsgs.o)
                0x000000000008d820                tc_init_msg
                0x000000000008d850                qdisc_add_multiq
                0x000000000008d900                qdisc_add_ingress
                0x000000000008d990                qdisc_flush
                0x000000000008d9a0                qdisc_create_multiq
                0x000000000008da00                qdisc_create_ingress
 *fill*         0x000000000008da57        0x9 
 .text          0x000000000008da60       0x65 /root/framework/dpdk/build/lib/librte_pmd_virtio.a(virtqueue.o)
                0x000000000008da60                virtqueue_detatch_unused
 *fill*         0x000000000008dac5        0xb 
 .text          0x000000000008dad0      0xc21 /root/framework/dpdk/build/lib/librte_pmd_virtio.a(virtio_pci.o)
                0x000000000008e230                vtpci_read_dev_config
                0x000000000008e250                vtpci_write_dev_config
                0x000000000008e270                vtpci_negotiate_features
                0x000000000008e2a0                vtpci_reset
                0x000000000008e2e0                vtpci_reinit_complete
                0x000000000008e330                vtpci_set_status
                0x000000000008e380                vtpci_get_status
                0x000000000008e3a0                vtpci_isr
                0x000000000008e3c0                vtpci_init
 *fill*         0x000000000008e6f1        0xf 
 .text          0x000000000008e700     0x72a8 /root/framework/dpdk/build/lib/librte_pmd_virtio.a(virtio_rxtx.o)
                0x000000000008f890                virtio_dev_rx_queue_done
                0x000000000008f8b0                virtio_dev_cq_start
                0x000000000008f8c0                virtio_dev_rx_queue_setup
                0x0000000000090560                virtio_dev_tx_queue_setup
                0x0000000000090960                virtio_recv_pkts
                0x0000000000092170                virtio_recv_mergeable_pkts
                0x00000000000933b0                virtio_xmit_pkts
 *fill*         0x00000000000959a8        0x8 
 .text          0x00000000000959b0     0x341d /root/framework/dpdk/build/lib/librte_pmd_virtio.a(virtio_ethdev.o)
                0x0000000000097960                eth_virtio_dev_init
                0x0000000000098cf0                virtio_interrupt_handler
 *fill*         0x0000000000098dcd        0x3 
 .text          0x0000000000098dd0     0x2d60 /root/framework/dpdk/build/lib/librte_pmd_virtio.a(virtio_rxtx_simple.o)
                0x000000000009b900                virtio_xmit_pkts_simple
 .text          0x000000000009bb30      0x4e7 /root/framework/dpdk/build/lib/librte_pmd_virtio.a(virtio_rxtx_simple_sse.o)
                0x000000000009bb30                virtio_recv_pkts_vec
 *fill*         0x000000000009c017        0x9 
 .text          0x000000000009c020      0x931 /root/framework/dpdk/build/lib/librte_pmd_virtio.a(vhost_user.o)
 *fill*         0x000000000009c951        0xf 
 .text          0x000000000009c960      0x567 /root/framework/dpdk/build/lib/librte_pmd_virtio.a(vhost_kernel.o)
 *fill*         0x000000000009cec7        0x9 
 .text          0x000000000009ced0      0x1c7 /root/framework/dpdk/build/lib/librte_pmd_virtio.a(vhost_kernel_tap.o)
                0x000000000009ced0                vhost_kernel_open_tap
 *fill*         0x000000000009d097        0x9 
 .text          0x000000000009d0a0      0xdf7 /root/framework/dpdk/build/lib/librte_pmd_virtio.a(virtio_user_dev.o)
                0x000000000009d0a0                virtio_user_start_device
                0x000000000009d3b0                virtio_user_stop_device
                0x000000000009d400                is_vhost_user_by_type
                0x000000000009d450                virtio_user_dev_init
                0x000000000009db90                virtio_user_dev_uninit
                0x000000000009dc60                virtio_user_handle_cq
 *fill*         0x000000000009de97        0x9 
 .text          0x000000000009dea0      0x8ff /root/framework/dpdk/build/lib/librte_pmd_virtio.a(virtio_user_ethdev.o)
 *fill*         0x000000000009e79f        0x1 
 .text          0x000000000009e7a0     0x3e4b /root/framework/dpdk/build/lib/librte_pmd_vhost.a(rte_eth_vhost.o)
                0x00000000000a2430                rte_eth_vhost_get_queue_event
                0x00000000000a2540                rte_eth_vhost_get_vid_from_port_id
 *fill*         0x00000000000a25eb        0x5 
 .text          0x00000000000a25f0      0xe7e /root/framework/dpdk/build/lib/librte_pmd_null_crypto.a(null_crypto_pmd.o)
                0x00000000000a33f0                null_crypto_set_session_parameters
 *fill*         0x00000000000a346e        0x2 
 .text          0x00000000000a3470      0x771 /root/framework/dpdk/build/lib/librte_pmd_null_crypto.a(null_crypto_pmd_ops.o)
 *fill*         0x00000000000a3be1        0xf 
 .text          0x00000000000a3bf0      0x95c /root/framework/dpdk/build/lib/librte_pmd_crypto_scheduler.a(scheduler_pmd.o)
 *fill*         0x00000000000a454c        0x4 
 .text          0x00000000000a4550      0xc8a /root/framework/dpdk/build/lib/librte_pmd_crypto_scheduler.a(scheduler_pmd_ops.o)
 *fill*         0x00000000000a51da        0x6 
 .text          0x00000000000a51e0     0x2e5e /root/framework/dpdk/build/lib/librte_pmd_crypto_scheduler.a(rte_cryptodev_scheduler.o)
                0x00000000000a7130                rte_cryptodev_scheduler_slave_attach
                0x00000000000a73c0                rte_cryptodev_scheduler_slave_detach
                0x00000000000a7730                rte_cryptodev_scheduler_mode_get
                0x00000000000a77d0                rte_cryptodev_scheduler_ordering_set
                0x00000000000a78a0                rte_cryptodev_scheduler_ordering_get
                0x00000000000a7940                rte_cryptodev_scheduler_load_user_scheduler
                0x00000000000a7b80                rte_cryptodev_scheduler_mode_set
                0x00000000000a7d70                rte_cryptodev_scheduler_slaves_get
                0x00000000000a7e70                rte_cryptodev_scheduler_option_set
                0x00000000000a7f40                rte_cryptodev_scheduler_option_get
 *fill*         0x00000000000a803e        0x2 
 .text          0x00000000000a8040      0xdfe /root/framework/dpdk/build/lib/librte_pmd_crypto_scheduler.a(scheduler_roundrobin.o)
 *fill*         0x00000000000a8e3e        0x2 
 .text          0x00000000000a8e40     0x1233 /root/framework/dpdk/build/lib/librte_pmd_crypto_scheduler.a(scheduler_pkt_size_distr.o)
 *fill*         0x00000000000aa073        0xd 
 .text          0x00000000000aa080      0xd94 /root/framework/dpdk/build/lib/librte_pmd_crypto_scheduler.a(scheduler_failover.o)
 *fill*         0x00000000000aae14        0xc 
 .text          0x00000000000aae20     0x2d93 /root/framework/dpdk/build/lib/librte_pmd_crypto_scheduler.a(scheduler_multicore.o)
 .text          0x00000000000adbb3      0xc6f /root/framework/dpdk/build/lib/librte_pmd_skeleton_event.a(skeleton_eventdev.o)
 *fill*         0x00000000000ae822        0xe 
 .text          0x00000000000ae830     0x1d67 /root/framework/dpdk/build/lib/librte_pmd_sw_event.a(sw_evdev.o)
 *fill*         0x00000000000b0597        0x9 
 .text          0x00000000000b05a0      0xa2d /root/framework/dpdk/build/lib/librte_pmd_sw_event.a(sw_evdev_worker.o)
                0x00000000000b08a0                sw_event_enqueue_burst
                0x00000000000b0ae0                sw_event_enqueue
                0x00000000000b0af0                sw_event_dequeue_burst
                0x00000000000b0fc0                sw_event_dequeue
 *fill*         0x00000000000b0fcd        0x3 
 .text          0x00000000000b0fd0     0x1e8f /root/framework/dpdk/build/lib/librte_pmd_sw_event.a(sw_evdev_scheduler.o)
                0x00000000000b15b0                sw_event_schedule
 *fill*         0x00000000000b2e5f        0x1 
 .text          0x00000000000b2e60     0x179a /root/framework/dpdk/build/lib/librte_pmd_sw_event.a(sw_evdev_xstats.o)
                0x00000000000b3650                sw_xstats_init
                0x00000000000b3bb0                sw_xstats_uninit
                0x00000000000b3bd0                sw_xstats_get_names
                0x00000000000b3e20                sw_xstats_get
                0x00000000000b4140                sw_xstats_get_by_name
                0x00000000000b41e0                sw_xstats_reset
 *fill*         0x00000000000b45fa        0x6 
 .text          0x00000000000b4600       0xd8 /root/framework/dpdk/build/lib/librte_pmd_octeontx_ssovf.a(ssovf_worker.o)
                0x00000000000b4600                ssows_flush_events
                0x00000000000b4680                ssows_reset
 .text          0x00000000000b46d8     0x12ba /root/framework/dpdk/build/lib/librte_pmd_octeontx_ssovf.a(ssovf_evdev.o)
 .text          0x00000000000b5992      0x841 /root/framework/dpdk/build/lib/librte_pmd_octeontx_ssovf.a(ssovf_probe.o)
                0x00000000000b5992                octeontx_ssovf_info
                0x00000000000b5c90                octeontx_ssovf_bar
 .text          0x00000000000b61d3      0x5da /root/framework/dpdk/build/lib/librte_pmd_octeontx_ssovf.a(ssovf_mbox.o)
                0x00000000000b6738                octeontx_ssovf_mbox_send
 *fill*         0x00000000000b67ad        0x3 
 .text          0x00000000000b67b0       0x72 /usr/lib/x86_64-linux-gnu/libc_nonshared.a(elf-init.oS)
                0x00000000000b67b0                __libc_csu_init
                0x00000000000b6820                __libc_csu_fini
 .text          0x00000000000b6822        0x0 /usr/lib/gcc/x86_64-linux-gnu/6/crtendS.o
 .text          0x00000000000b6822        0x0 /usr/lib/gcc/x86_64-linux-gnu/6/../../../x86_64-linux-gnu/crtn.o
 *(.gnu.warning)

.fini           0x00000000000b6824        0x9
 *(SORT(.fini))
 .fini          0x00000000000b6824        0x4 /usr/lib/gcc/x86_64-linux-gnu/6/../../../x86_64-linux-gnu/crti.o
                0x00000000000b6824                _fini
 .fini          0x00000000000b6828        0x5 /usr/lib/gcc/x86_64-linux-gnu/6/../../../x86_64-linux-gnu/crtn.o
                [!provide]                        PROVIDE (__etext, .)
                [!provide]                        PROVIDE (_etext, .)
                [!provide]                        PROVIDE (etext, .)

.rodata         0x00000000000b6840    0x1bf53
 *(.rodata .rodata.* .gnu.linkonce.r.*)
 .rodata.cst4   0x00000000000b6840        0x4 /usr/lib/gcc/x86_64-linux-gnu/6/../../../x86_64-linux-gnu/Scrt1.o
                0x00000000000b6840                _IO_stdin_used
 *fill*         0x00000000000b6844        0xc 
 .rodata        0x00000000000b6850      0x6a9 main.o
 *fill*         0x00000000000b6ef9        0x7 
 .rodata.str1.8
                0x00000000000b6f00      0x91b /root/framework/dpdk/build/lib/librte_pdump.a(rte_pdump.o)
 .rodata.str1.1
                0x00000000000b781b       0x63 /root/framework/dpdk/build/lib/librte_pdump.a(rte_pdump.o)
                                         0x66 (size before relaxing)
 *fill*         0x00000000000b787e        0x2 
 .rodata        0x00000000000b7880      0x167 /root/framework/dpdk/build/lib/librte_pdump.a(rte_pdump.o)
 *fill*         0x00000000000b79e7       0x19 
 .rodata        0x00000000000b7a00     0x2060 /root/framework/dpdk/build/lib/librte_hash.a(rte_cuckoo_hash.o)
 .rodata.str1.1
                0x00000000000b9a60        0x6 /root/framework/dpdk/build/lib/librte_hash.a(rte_cuckoo_hash.o)
                                         0x20 (size before relaxing)
 *fill*         0x00000000000b9a66        0x2 
 .rodata.str1.8
                0x00000000000b9a68       0xcd /root/framework/dpdk/build/lib/librte_hash.a(rte_cuckoo_hash.o)
 .rodata.str1.1
                0x00000000000b9b35       0x1c /root/framework/dpdk/build/lib/librte_hash.a(rte_fbk_hash.o)
                                         0x25 (size before relaxing)
 *fill*         0x00000000000b9b51        0x7 
 .rodata.str1.8
                0x00000000000b9b58       0x51 /root/framework/dpdk/build/lib/librte_hash.a(rte_fbk_hash.o)
                                         0x79 (size before relaxing)
 *fill*         0x00000000000b9ba9       0x17 
 .rodata        0x00000000000b9bc0     0x2020 /root/framework/dpdk/build/lib/librte_hash.a(rte_fbk_hash.o)
 .rodata.str1.8
                0x00000000000bbbe0      0x4f8 /root/framework/dpdk/build/lib/librte_vhost.a(socket.o)
 .rodata.str1.1
                0x00000000000bc0d8       0x9c /root/framework/dpdk/build/lib/librte_vhost.a(socket.o)
 *fill*         0x00000000000bc174        0x4 
 .rodata.str1.8
                0x00000000000bc178      0x178 /root/framework/dpdk/build/lib/librte_vhost.a(vhost.o)
 .rodata        0x00000000000bc2f0       0x19 /root/framework/dpdk/build/lib/librte_vhost.a(vhost.o)
 *fill*         0x00000000000bc309        0x7 
 .rodata.cst16  0x00000000000bc310       0x10 /root/framework/dpdk/build/lib/librte_vhost.a(vhost.o)
 .rodata.str1.1
                0x00000000000bc320      0x1d8 /root/framework/dpdk/build/lib/librte_vhost.a(vhost_user.o)
                                        0x1de (size before relaxing)
 .rodata.str1.8
                0x00000000000bc4f8      0x8f9 /root/framework/dpdk/build/lib/librte_vhost.a(vhost_user.o)
                                        0x951 (size before relaxing)
 *fill*         0x00000000000bcdf1        0xf 
 .rodata        0x00000000000bce00       0x64 /root/framework/dpdk/build/lib/librte_vhost.a(vhost_user.o)
 .rodata.str1.1
                0x00000000000bce64        0x6 /root/framework/dpdk/build/lib/librte_vhost.a(virtio_net.o)
 *fill*         0x00000000000bce64        0x4 
 .rodata.str1.8