Archive member included to satisfy reference by file (symbol)

/root/framework/dpdk/build/lib/librte_hash.a(rte_cuckoo_hash.o)
                              (--whole-archive)
/root/framework/dpdk/build/lib/librte_hash.a(rte_fbk_hash.o)
                              (--whole-archive)
/root/framework/dpdk/build/lib/librte_vhost.a(fd_man.o)
                              (--whole-archive)
/root/framework/dpdk/build/lib/librte_vhost.a(socket.o)
                              (--whole-archive)
/root/framework/dpdk/build/lib/librte_vhost.a(vhost.o)
                              (--whole-archive)
/root/framework/dpdk/build/lib/librte_vhost.a(vhost_user.o)
                              (--whole-archive)
/root/framework/dpdk/build/lib/librte_vhost.a(virtio_net.o)
                              (--whole-archive)
/root/framework/dpdk/build/lib/librte_kvargs.a(rte_kvargs.o)
                              (--whole-archive)
/root/framework/dpdk/build/lib/librte_mbuf.a(rte_mbuf.o)
                              (--whole-archive)
/root/framework/dpdk/build/lib/librte_mbuf.a(rte_mbuf_ptype.o)
                              (--whole-archive)
/root/framework/dpdk/build/lib/librte_net.a(rte_net.o)
                              (--whole-archive)
/root/framework/dpdk/build/lib/librte_net.a(rte_net_crc.o)
                              (--whole-archive)
/root/framework/dpdk/build/lib/librte_ethdev.a(rte_ethdev.o)
                              (--whole-archive)
/root/framework/dpdk/build/lib/librte_ethdev.a(rte_flow.o)
                              (--whole-archive)
/root/framework/dpdk/build/lib/librte_ethdev.a(rte_tm.o)
                              (--whole-archive)
/root/framework/dpdk/build/lib/librte_cryptodev.a(rte_cryptodev.o)
                              (--whole-archive)
/root/framework/dpdk/build/lib/librte_cryptodev.a(rte_cryptodev_pmd.o)
                              (--whole-archive)
/root/framework/dpdk/build/lib/librte_eventdev.a(rte_eventdev.o)
                              (--whole-archive)
/root/framework/dpdk/build/lib/librte_eventdev.a(rte_event_ring.o)
                              (--whole-archive)
/root/framework/dpdk/build/lib/librte_mempool.a(rte_mempool.o)
                              (--whole-archive)
/root/framework/dpdk/build/lib/librte_mempool.a(rte_mempool_ops.o)
                              (--whole-archive)
/root/framework/dpdk/build/lib/librte_mempool_ring.a(rte_mempool_ring.o)
                              (--whole-archive)
/root/framework/dpdk/build/lib/librte_ring.a(rte_ring.o)
                              (--whole-archive)
/root/framework/dpdk/build/lib/librte_eal.a(eal.o)
                              (--whole-archive)
/root/framework/dpdk/build/lib/librte_eal.a(eal_hugepage_info.o)
                              (--whole-archive)
/root/framework/dpdk/build/lib/librte_eal.a(eal_memory.o)
                              (--whole-archive)
/root/framework/dpdk/build/lib/librte_eal.a(eal_thread.o)
                              (--whole-archive)
/root/framework/dpdk/build/lib/librte_eal.a(eal_log.o)
                              (--whole-archive)
/root/framework/dpdk/build/lib/librte_eal.a(eal_vfio.o)
                              (--whole-archive)
/root/framework/dpdk/build/lib/librte_eal.a(eal_vfio_mp_sync.o)
                              (--whole-archive)
/root/framework/dpdk/build/lib/librte_eal.a(eal_pci.o)
                              (--whole-archive)
/root/framework/dpdk/build/lib/librte_eal.a(eal_pci_uio.o)
                              (--whole-archive)
/root/framework/dpdk/build/lib/librte_eal.a(eal_pci_vfio.o)
                              (--whole-archive)
/root/framework/dpdk/build/lib/librte_eal.a(eal_debug.o)
                              (--whole-archive)
/root/framework/dpdk/build/lib/librte_eal.a(eal_lcore.o)
                              (--whole-archive)
/root/framework/dpdk/build/lib/librte_eal.a(eal_timer.o)
                              (--whole-archive)
/root/framework/dpdk/build/lib/librte_eal.a(eal_interrupts.o)
                              (--whole-archive)
/root/framework/dpdk/build/lib/librte_eal.a(eal_alarm.o)
                              (--whole-archive)
/root/framework/dpdk/build/lib/librte_eal.a(eal_common_lcore.o)
                              (--whole-archive)
/root/framework/dpdk/build/lib/librte_eal.a(eal_common_timer.o)
                              (--whole-archive)
/root/framework/dpdk/build/lib/librte_eal.a(eal_common_memzone.o)
                              (--whole-archive)
/root/framework/dpdk/build/lib/librte_eal.a(eal_common_log.o)
                              (--whole-archive)
/root/framework/dpdk/build/lib/librte_eal.a(eal_common_launch.o)
                              (--whole-archive)
/root/framework/dpdk/build/lib/librte_eal.a(eal_common_vdev.o)
                              (--whole-archive)
/root/framework/dpdk/build/lib/librte_eal.a(eal_common_pci.o)
                              (--whole-archive)
[...]
Memory Configuration

Name             Origin             Length             Attributes
*default*        0x0000000000000000 0xffffffffffffffff

Linker script and memory map

LOAD /usr/lib/gcc/x86_64-linux-gnu/6/../../../x86_64-linux-gnu/Scrt1.o
LOAD /usr/lib/gcc/x86_64-linux-gnu/6/../../../x86_64-linux-gnu/crti.o
LOAD /usr/lib/gcc/x86_64-linux-gnu/6/crtbeginS.o
LOAD main.o
LOAD cperf_ops.o
LOAD cperf_options_parsing.o
LOAD cperf_test_vectors.o
LOAD cperf_test_throughput.o
LOAD cperf_test_latency.o
LOAD cperf_test_verify.o
LOAD cperf_test_vector_parsing.o
LOAD /root/framework/dpdk/build/lib/librte_port.a
LOAD /root/framework/dpdk/build/lib/librte_pdump.a
LOAD /root/framework/dpdk/build/lib/librte_distributor.a
LOAD /root/framework/dpdk/build/lib/librte_ip_frag.a
LOAD /root/framework/dpdk/build/lib/librte_gro.a
LOAD /root/framework/dpdk/build/lib/librte_meter.a
LOAD /root/framework/dpdk/build/lib/librte_sched.a
LOAD /root/framework/dpdk/build/lib/librte_jobstats.a
LOAD /root/framework/dpdk/build/lib/librte_metrics.a
LOAD /root/framework/dpdk/build/lib/librte_bitratestats.a
LOAD /root/framework/dpdk/build/lib/librte_latencystats.a
LOAD /root/framework/dpdk/build/lib/librte_power.a
LOAD /root/framework/dpdk/build/lib/librte_timer.a
LOAD /root/framework/dpdk/build/lib/librte_efd.a
LOAD /root/framework/dpdk/build/lib/librte_cfgfile.a
LOAD /root/framework/dpdk/build/lib/librte_hash.a
LOAD /root/framework/dpdk/build/lib/librte_vhost.a
LOAD /root/framework/dpdk/build/lib/librte_kvargs.a
LOAD /root/framework/dpdk/build/lib/librte_mbuf.a
LOAD /root/framework/dpdk/build/lib/librte_net.a
LOAD /root/framework/dpdk/build/lib/librte_ethdev.a
LOAD /root/framework/dpdk/build/lib/librte_cryptodev.a
LOAD /root/framework/dpdk/build/lib/librte_eventdev.a
LOAD /root/framework/dpdk/build/lib/librte_mempool.a
LOAD /root/framework/dpdk/build/lib/librte_mempool_ring.a
LOAD /root/framework/dpdk/build/lib/librte_ring.a
LOAD /root/framework/dpdk/build/lib/librte_eal.a
LOAD /root/framework/dpdk/build/lib/librte_cmdline.a
LOAD /root/framework/dpdk/build/lib/librte_reorder.a
LOAD /root/framework/dpdk/build/lib/librte_mempool_stack.a
LOAD /root/framework/dpdk/build/lib/librte_pmd_af_packet.a
LOAD /root/framework/dpdk/build/lib/librte_pmd_avp.a
LOAD /root/framework/dpdk/build/lib/librte_pmd_failsafe.a
LOAD /root/framework/dpdk/build/lib/librte_pmd_nfp.a
LOAD /root/framework/dpdk/build/lib/librte_pmd_tap.a
LOAD /root/framework/dpdk/build/lib/librte_pmd_virtio.a
LOAD /root/framework/dpdk/build/lib/librte_pmd_vhost.a
LOAD /root/framework/dpdk/build/lib/librte_pmd_null_crypto.a
LOAD /root/framework/dpdk/build/lib/librte_pmd_crypto_scheduler.a
LOAD /root/framework/dpdk/build/lib/librte_pmd_skeleton_event.a
LOAD /root/framework/dpdk/build/lib/librte_pmd_sw_event.a
LOAD /root/framework/dpdk/build/lib/librte_pmd_octeontx_ssovf.a
LOAD /usr/lib/gcc/x86_64-linux-gnu/6/../../../x86_64-linux-gnu/librt.so
LOAD /usr/lib/gcc/x86_64-linux-gnu/6/../../../x86_64-linux-gnu/libm.so
START GROUP
LOAD /lib/x86_64-linux-gnu/libm.so.6
LOAD /usr/lib/x86_64-linux-gnu/libmvec_nonshared.a
LOAD /lib/x86_64-linux-gnu/libmvec.so.1
END GROUP
LOAD /usr/lib/gcc/x86_64-linux-gnu/6/../../../x86_64-linux-gnu/libnuma.so
LOAD /usr/lib/gcc/x86_64-linux-gnu/6/../../../x86_64-linux-gnu/libdl.so
LOAD /usr/lib/gcc/x86_64-linux-gnu/6/libgcc.a
LOAD /usr/lib/gcc/x86_64-linux-gnu/6/libgcc_s.so
START GROUP
LOAD /usr/lib/gcc/x86_64-linux-gnu/6/libgcc_s.so.1
LOAD /usr/lib/gcc/x86_64-linux-gnu/6/libgcc.a
END GROUP
LOAD /usr/lib/gcc/x86_64-linux-gnu/6/../../../x86_64-linux-gnu/libpthread.so
START GROUP
LOAD /lib/x86_64-linux-gnu/libpthread.so.0
LOAD /usr/lib/x86_64-linux-gnu/libpthread_nonshared.a
END GROUP
LOAD /usr/lib/gcc/x86_64-linux-gnu/6/../../../x86_64-linux-gnu/libc.so
START GROUP
LOAD /lib/x86_64-linux-gnu/libc.so.6
LOAD /usr/lib/x86_64-linux-gnu/libc_nonshared.a
LOAD /lib/x86_64-linux-gnu/ld-linux-x86-64.so.2
END GROUP
LOAD /usr/lib/gcc/x86_64-linux-gnu/6/libgcc.a
LOAD /usr/lib/gcc/x86_64-linux-gnu/6/libgcc_s.so
START GROUP
LOAD /usr/lib/gcc/x86_64-linux-gnu/6/libgcc_s.so.1
LOAD /usr/lib/gcc/x86_64-linux-gnu/6/libgcc.a
END GROUP
LOAD /usr/lib/gcc/x86_64-linux-gnu/6/crtendS.o
LOAD /usr/lib/gcc/x86_64-linux-gnu/6/../../../x86_64-linux-gnu/crtn.o
                [!provide]                        PROVIDE (__executable_start, SEGMENT_START ("text-segment", 0x0))
                0x0000000000000270                . = (SEGMENT_START ("text-segment", 0x0) + SIZEOF_HEADERS)

.interp         0x0000000000000270       0x1c
 *(.interp)
 .interp        0x0000000000000270       0x1c /usr/lib/gcc/x86_64-linux-gnu/6/../../../x86_64-linux-gnu/Scrt1.o

.note.ABI-tag   0x000000000000028c       0x20
 .note.ABI-tag  0x000000000000028c       0x20 /usr/lib/gcc/x86_64-linux-gnu/6/../../../x86_64-linux-gnu/Scrt1.o

.note.gnu.build-id
                0x00000000000002ac       0x24
 *(.note.gnu.build-id)
 .note.gnu.build-id
                0x00000000000002ac       0x24 /usr/lib/gcc/x86_64-linux-gnu/6/../../../x86_64-linux-gnu/Scrt1.o

.hash
 *(.hash)

.gnu.hash       0x00000000000002d0     0x1a54
 *(.gnu.hash)
 .gnu.hash      0x00000000000002d0     0x1a54 /usr/lib/gcc/x86_64-linux-gnu/6/../../../x86_64-linux-gnu/Scrt1.o

.dynsym         0x0000000000001d28     0x63d8
 *(.dynsym)
 .dynsym        0x0000000000001d28     0x63d8 /usr/lib/gcc/x86_64-linux-gnu/6/../../../x86_64-linux-gnu/Scrt1.o

.dynstr         0x0000000000008100     0x52f8
 *(.dynstr)
 .dynstr        0x0000000000008100     0x52f8 /usr/lib/gcc/x86_64-linux-gnu/6/../../../x86_64-linux-gnu/Scrt1.o

.gnu.version    0x000000000000d3f8      0x852
 *(.gnu.version)
 .gnu.version   0x000000000000d3f8      0x852 /usr/lib/gcc/x86_64-linux-gnu/6/../../../x86_64-linux-gnu/Scrt1.o

.gnu.version_d  0x000000000000dc50        0x0
 *(.gnu.version_d)
 .gnu.version_d
                0x000000000000dc50        0x0 /usr/lib/gcc/x86_64-linux-gnu/6/../../../x86_64-linux-gnu/Scrt1.o

.gnu.version_r  0x000000000000dc50      0x130
 *(.gnu.version_r)
 .gnu.version_r
                0x000000000000dc50      0x130 /usr/lib/gcc/x86_64-linux-gnu/6/../../../x86_64-linux-gnu/Scrt1.o

.rela.dyn       0x000000000000dd80     0x58c8
 *(.rela.init)
 *(.rela.text .rela.text.* .rela.gnu.linkonce.t.*)
 .rela.text     0x000000000000dd80        0x0 /usr/lib/gcc/x86_64-linux-gnu/6/../../../x86_64-linux-gnu/Scrt1.o
 .rela.text.startup
                0x000000000000dd80        0x0 /usr/lib/gcc/x86_64-linux-gnu/6/../../../x86_64-linux-gnu/Scrt1.o
 *(.rela.fini)
 *(.rela.rodata .rela.rodata.* .rela.gnu.linkonce.r.*)
 *(.rela.data .rela.data.* .rela.gnu.linkonce.d.*)
 .rela.data.rel.ro
                0x000000000000dd80      0x858 /usr/lib/gcc/x86_64-linux-gnu/6/../../../x86_64-linux-gnu/Scrt1.o
 .rela.data.rel.local
                0x000000000000e5d8     0x1cb0 /usr/lib/gcc/x86_64-linux-gnu/6/../../../x86_64-linux-gnu/Scrt1.o
 .rela.data     0x0000000000010288      0x600 /usr/lib/gcc/x86_64-linux-gnu/6/../../../x86_64-linux-gnu/Scrt1.o
 .rela.data.rel.ro.local
                0x0000000000010888     0x27a8 /usr/lib/gcc/x86_64-linux-gnu/6/../../../x86_64-linux-gnu/Scrt1.o
 .rela.data.rel
                0x0000000000013030       0xc0 /usr/lib/gcc/x86_64-linux-gnu/6/../../../x86_64-linux-gnu/Scrt1.o
 *(.rela.tdata .rela.tdata.* .rela.gnu.linkonce.td.*)
 *(.rela.tbss .rela.tbss.* .rela.gnu.linkonce.tb.*)
 *(.rela.ctors)
 *(.rela.dtors)
 *(.rela.got)
 .rela.got      0x00000000000130f0       0xf0 /usr/lib/gcc/x86_64-linux-gnu/6/../../../x86_64-linux-gnu/Scrt1.o
 *(.rela.bss .rela.bss.* .rela.gnu.linkonce.b.*)
 .rela.bss      0x00000000000131e0       0x90 /usr/lib/gcc/x86_64-linux-gnu/6/../../../x86_64-linux-gnu/Scrt1.o
 *(.rela.ldata .rela.ldata.* .rela.gnu.linkonce.l.*)
 *(.rela.lbss .rela.lbss.* .rela.gnu.linkonce.lb.*)
 *(.rela.lrodata .rela.lrodata.* .rela.gnu.linkonce.lr.*)
 *(.rela.ifunc)
 .rela.fini_array
                0x0000000000013270       0x18 /usr/lib/gcc/x86_64-linux-gnu/6/../../../x86_64-linux-gnu/Scrt1.o
 .rela.init_array
                0x0000000000013288      0x390 /usr/lib/gcc/x86_64-linux-gnu/6/../../../x86_64-linux-gnu/Scrt1.o
 .rela.init_array.00101
                0x0000000000013618       0x30 /usr/lib/gcc/x86_64-linux-gnu/6/../../../x86_64-linux-gnu/Scrt1.o

.rela.plt       0x0000000000013648      0xe70
 *(.rela.plt)
 .rela.plt      0x0000000000013648      0xe70 /usr/lib/gcc/x86_64-linux-gnu/6/../../../x86_64-linux-gnu/Scrt1.o
                [!provide]                        PROVIDE (__rela_iplt_start, .)
 *(.rela.iplt)
                [!provide]                        PROVIDE (__rela_iplt_end, .)

.init           0x00000000000144b8       0x17
 *(SORT(.init))
 .init          0x00000000000144b8       0x12 /usr/lib/gcc/x86_64-linux-gnu/6/../../../x86_64-linux-gnu/crti.o
                0x00000000000144b8                _init
 .init          0x00000000000144ca        0x5 /usr/lib/gcc/x86_64-linux-gnu/6/../../../x86_64-linux-gnu/crtn.o

.plt            0x00000000000144d0      0x9b0
 *(.plt)
 .plt           0x00000000000144d0      0x9b0 /usr/lib/gcc/x86_64-linux-gnu/6/../../../x86_64-linux-gnu/Scrt1.o
 *(.iplt)

.plt.got        0x0000000000014e80        0x8
 *(.plt.got)
 .plt.got       0x0000000000014e80        0x8 /usr/lib/gcc/x86_64-linux-gnu/6/../../../x86_64-linux-gnu/Scrt1.o

.plt.bnd
 *(.plt.bnd)

.text           0x0000000000014e90    0xb4402
 *(.text.unlikely .text.*_unlikely .text.unlikely.*)
 .text.unlikely
                0x0000000000014e90      0x20a /root/framework/dpdk/build/lib/librte_vhost.a(vhost_user.o)
 .text.unlikely
                0x000000000001509a       0x3a /root/framework/dpdk/build/lib/librte_cryptodev.a(rte_cryptodev.o)
 .text.unlikely
                0x00000000000150d4       0xbf /root/framework/dpdk/build/lib/librte_eal.a(eal_debug.o)
                0x00000000000150d4                __rte_panic
 .text.unlikely
                0x0000000000015193       0x92 /root/framework/dpdk/build/lib/librte_eal.a(eal_common_log.o)
                0x0000000000015193                rte_log
 .text.unlikely
                0x0000000000015225       0x4f /root/framework/dpdk/build/lib/librte_pmd_af_packet.a(rte_eth_af_packet.o)
 .text.unlikely
                0x0000000000015274       0x7d /root/framework/dpdk/build/lib/librte_pmd_avp.a(avp_ethdev.o)
 .text.unlikely
                0x00000000000152f1      0x2c6 /root/framework/dpdk/build/lib/librte_pmd_tap.a(rte_eth_tap.o)
 .text.unlikely
                0x00000000000155b7       0xd8 /root/framework/dpdk/build/lib/librte_pmd_virtio.a(virtio_rxtx_simple.o)
                0x00000000000155b7                virtqueue_enqueue_recv_refill_simple
                0x0000000000015620                virtio_rxq_vec_setup
 *(.text.exit .text.exit.*)
 *(.text.startup .text.startup.*)
 *fill*         0x000000000001568f        0x1 
 .text.startup  0x0000000000015690       0x6c /root/framework/dpdk/build/lib/librte_hash.a(rte_cuckoo_hash.o)
 *fill*         0x00000000000156fc        0x4 
 .text.startup  0x0000000000015700       0x6c /root/framework/dpdk/build/lib/librte_hash.a(rte_fbk_hash.o)
 *fill*         0x000000000001576c        0x4 
 .text.startup  0x0000000000015770      0x193 /root/framework/dpdk/build/lib/librte_net.a(rte_net_crc.o)
 *fill*         0x0000000000015903        0xd 
 .text.startup  0x0000000000015910       0x3c /root/framework/dpdk/build/lib/librte_eventdev.a(rte_event_ring.o)
 *fill*         0x000000000001594c        0x4 
 .text.startup  0x0000000000015950       0x3c /root/framework/dpdk/build/lib/librte_mempool.a(rte_mempool.o)
 *fill*         0x000000000001598c        0x4 
 .text.startup  0x0000000000015990       0x3c /root/framework/dpdk/build/lib/librte_mempool_ring.a(rte_mempool_ring.o)
                0x0000000000015990                mp_hdlr_init_ops_mp_mc
                0x00000000000159a0                mp_hdlr_init_ops_sp_sc
                0x00000000000159b0                mp_hdlr_init_ops_mp_sc
                0x00000000000159c0                mp_hdlr_init_ops_sp_mc
 *fill*         0x00000000000159cc        0x4 
 .text.startup  0x00000000000159d0       0x3c /root/framework/dpdk/build/lib/librte_ring.a(rte_ring.o)
 *fill*         0x0000000000015a0c        0x4 
 .text.startup  0x0000000000015a10        0xf /root/framework/dpdk/build/lib/librte_eal.a(eal_common_timer.o)
 *fill*         0x0000000000015a1f        0x1 
 .text.startup  0x0000000000015a20       0x83 /root/framework/dpdk/build/lib/librte_eal.a(eal_common_log.o)
 *fill*         0x0000000000015aa3        0xd 
 .text.startup  0x0000000000015ab0       0x1a /root/framework/dpdk/build/lib/librte_eal.a(eal_common_vdev.o)
 *fill*         0x0000000000015aca        0x6 
 .text.startup  0x0000000000015ad0       0x1a /root/framework/dpdk/build/lib/librte_eal.a(eal_common_pci.o)
 *fill*         0x0000000000015aea        0x6 
 .text.startup  0x0000000000015af0       0x3c /root/framework/dpdk/build/lib/librte_eal.a(eal_common_pci_uio.o)
 *fill*         0x0000000000015b2c        0x4 
 .text.startup  0x0000000000015b30       0x19 /root/framework/dpdk/build/lib/librte_eal.a(rte_spinlock.o)
 *fill*         0x0000000000015b49        0x7 
 .text.startup  0x0000000000015b50       0x3c /root/framework/dpdk/build/lib/librte_reorder.a(rte_reorder.o)
 *fill*         0x0000000000015b8c        0x4 
 .text.startup  0x0000000000015b90        0xc /root/framework/dpdk/build/lib/librte_mempool_stack.a(rte_mempool_stack.o)
                0x0000000000015b90                mp_hdlr_init_ops_stack
 *fill*         0x0000000000015b9c        0x4 
 .text.startup  0x0000000000015ba0       0x28 /root/framework/dpdk/build/lib/librte_pmd_af_packet.a(rte_eth_af_packet.o)
 *fill*         0x0000000000015bc8        0x8 
 .text.startup  0x0000000000015bd0       0x1a /root/framework/dpdk/build/lib/librte_pmd_avp.a(avp_ethdev.o)
 *fill*         0x0000000000015bea        0x6 
 .text.startup  0x0000000000015bf0       0x25 /root/framework/dpdk/build/lib/librte_pmd_failsafe.a(failsafe.o)
 *fill*         0x0000000000015c15        0xb 
 .text.startup  0x0000000000015c20       0x1a /root/framework/dpdk/build/lib/librte_pmd_nfp.a(nfp_net.o)
 *fill*         0x0000000000015c3a        0x6 
 .text.startup  0x0000000000015c40       0x28 /root/framework/dpdk/build/lib/librte_pmd_tap.a(rte_eth_tap.o)
 *fill*         0x0000000000015c68        0x8 
 .text.startup  0x0000000000015c70       0x1c /root/framework/dpdk/build/lib/librte_pmd_virtio.a(virtio_ethdev.o)
 *fill*         0x0000000000015c8c        0x4 
 .text.startup  0x0000000000015c90       0x28 /root/framework/dpdk/build/lib/librte_pmd_virtio.a(virtio_user_ethdev.o)
 *fill*         0x0000000000015cb8        0x8 
 .text.startup  0x0000000000015cc0       0x28 /root/framework/dpdk/build/lib/librte_pmd_vhost.a(rte_eth_vhost.o)
 *fill*         0x0000000000015ce8        0x8 
 .text.startup  0x0000000000015cf0       0x4b /root/framework/dpdk/build/lib/librte_pmd_null_crypto.a(null_crypto_pmd.o)
 *fill*         0x0000000000015d3b        0x5 
 .text.startup  0x0000000000015d40       0x4b /root/framework/dpdk/build/lib/librte_pmd_crypto_scheduler.a(scheduler_pmd.o)
 *fill*         0x0000000000015d8b        0x5 
 .text.startup  0x0000000000015d90       0x25 /root/framework/dpdk/build/lib/librte_pmd_sw_event.a(sw_evdev.o)
 *fill*         0x0000000000015db5        0xb 
 .text.startup  0x0000000000015dc0        0xa /root/framework/dpdk/build/lib/librte_pmd_sw_event.a(sw_evdev_scheduler.o)
 *(.text.hot .text.hot.*)
 *fill*         0x0000000000015dca        0x6 
 .text.hot      0x0000000000015dd0      0x76b /root/framework/dpdk/build/lib/librte_pmd_octeontx_ssovf.a(ssovf_worker.o)
                0x0000000000015dd0                ssows_deq
                0x0000000000015e50                ssows_deq_timeout
                0x0000000000015f30                ssows_deq_burst
                0x0000000000015fb0                ssows_deq_timeout_burst
                0x0000000000016090                ssows_enq
                0x0000000000016230                ssows_enq_burst
                0x00000000000163d0                ssows_enq_new_burst
                0x0000000000016430                ssows_enq_fwd_burst
 *(.text .stub .text.* .gnu.linkonce.t.*)
 *fill*         0x000000000001653b        0x5 
 .text          0x0000000000016540       0x2b /usr/lib/gcc/x86_64-linux-gnu/6/../../../x86_64-linux-gnu/Scrt1.o
                0x0000000000016540                _start
 .text          0x000000000001656b        0x0 /usr/lib/gcc/x86_64-linux-gnu/6/../../../x86_64-linux-gnu/crti.o
 *fill*         0x000000000001656b        0x5 
 .text          0x0000000000016570      0x100 /usr/lib/gcc/x86_64-linux-gnu/6/crtbeginS.o
 .text          0x0000000000016670     0x12c4 main.o
                0x0000000000017198                main
 .text          0x0000000000017934     0x1250 cperf_ops.o
                0x0000000000018a66                cperf_get_op_functions
 .text          0x0000000000018b84     0x1c49 cperf_options_parsing.o
                0x0000000000019a3f                cperf_options_default
                0x0000000000019ce1                cperf_options_parse
                0x0000000000019ec1                cperf_options_check
                0x000000000001a1d5                cperf_options_dump
 .text          0x000000000001a7cd      0x6d3 cperf_test_vectors.o
                0x000000000001a7cd                cperf_test_vector_get_dummy
 .text          0x000000000001aea0     0x834f cperf_test_throughput.o
                0x0000000000021ed0                cperf_throughput_test_constructor
                0x0000000000022340                cperf_throughput_test_runner
                0x00000000000231a5                cperf_throughput_test_destructor
 .text          0x00000000000231ef     0x8c5a cperf_test_latency.o
                0x000000000002a22f                cperf_latency_test_constructor
                0x000000000002a72c                cperf_latency_test_runner
                0x000000000002bdff                cperf_latency_test_destructor
 .text          0x000000000002be49     0x80e0 cperf_test_verify.o
                0x000000000003308b                cperf_verify_test_constructor
                0x00000000000337f6                cperf_verify_test_runner
                0x0000000000033edf                cperf_verify_test_destructor
 .text          0x0000000000033f29     0x14c6 cperf_test_vector_parsing.o
                0x0000000000033f29                free_test_vector
                0x0000000000033ff9                show_test_vector
                0x0000000000035316                cperf_test_vector_get_from_file
 *fill*         0x00000000000353ef        0x1 
 .text          0x00000000000353f0     0xbc86 /root/framework/dpdk/build/lib/librte_hash.a(rte_cuckoo_hash.o)
                0x000000000003b660                rte_hash_find_existing
                0x000000000003b700                rte_hash_set_cmp_func
                0x000000000003b720                rte_hash_create
                0x000000000003bd50                rte_hash_free
                0x000000000003be90                rte_hash_hash
                0x000000000003beb0                rte_hash_reset
                0x000000000003c020                rte_hash_add_key_with_hash
                0x000000000003c030                rte_hash_add_key
                0x000000000003c070                rte_hash_add_key_with_hash_data
                0x000000000003c090                rte_hash_add_key_data
                0x000000000003c0e0                rte_hash_lookup_with_hash
                0x000000000003c850                rte_hash_lookup
                0x000000000003cfd0                rte_hash_lookup_with_hash_data
                0x000000000003d870                rte_hash_lookup_data
                0x000000000003e130                rte_hash_del_key_with_hash
                0x000000000003f3c0                rte_hash_del_key
                0x0000000000040670                rte_hash_get_key_with_position
                0x0000000000040fa0                rte_hash_lookup_bulk
                0x0000000000040fb0                rte_hash_lookup_bulk_data
                0x0000000000040ff0                rte_hash_iterate
 *fill*         0x0000000000041076        0xa 
 .text          0x0000000000041080      0x41b /root/framework/dpdk/build/lib/librte_hash.a(rte_fbk_hash.o)
                0x00000000000410e0                rte_fbk_hash_find_existing
                0x0000000000041180                rte_fbk_hash_create
                0x00000000000413d0                rte_fbk_hash_free
 *fill*         0x000000000004149b        0x5 
 .text          0x00000000000414a0      0x6b6 /root/framework/dpdk/build/lib/librte_vhost.a(fd_man.o)
                0x00000000000414a0                fdset_init
                0x00000000000414e0                fdset_add
                0x0000000000041720                fdset_del
                0x0000000000041810                fdset_event_dispatch
 *fill*         0x0000000000041b56        0xa 
 .text          0x0000000000041b60     0x159f /root/framework/dpdk/build/lib/librte_vhost.a(socket.o)
                0x0000000000042360                read_fd_message
                0x00000000000424d0                send_fd_message
                0x00000000000425e0                rte_vhost_driver_disable_features
                0x0000000000042690                rte_vhost_driver_enable_features
                0x0000000000042740                rte_vhost_driver_set_features
                0x00000000000427f0                rte_vhost_driver_get_features
                0x00000000000428b0                rte_vhost_driver_register
                0x0000000000042b60                rte_vhost_driver_unregister
                0x0000000000042e00                rte_vhost_driver_callback_register
                0x0000000000042ea0                vhost_driver_callback_get
                0x0000000000042f40                rte_vhost_driver_start
 *fill*         0x00000000000430ff        0x1 
 .text          0x0000000000043100      0xaef /root/framework/dpdk/build/lib/librte_vhost.a(vhost.o)
                0x0000000000043100                get_device
                0x0000000000043140                cleanup_device
                0x00000000000431b0                alloc_vring_queue
                0x0000000000043230                reset_device
                0x00000000000432b0                vhost_new_device
                0x0000000000043350                vhost_destroy_device
                0x0000000000043460                vhost_set_ifname
                0x00000000000434c0                vhost_enable_dequeue_zero_copy
                0x0000000000043500                rte_vhost_get_mtu
                0x0000000000043580                rte_vhost_get_numa_node
                0x0000000000043620                rte_vhost_get_queue_num
                0x0000000000043670                rte_vhost_get_vring_num
                0x00000000000436c0                rte_vhost_get_ifname
                0x0000000000043740                rte_vhost_get_negotiated_features
                0x0000000000043790                rte_vhost_get_mem_table
                0x0000000000043840                rte_vhost_get_vhost_vring
                0x00000000000438e0                rte_vhost_avail_entries
                0x0000000000043950                rte_vhost_enable_guest_notification
                0x00000000000439d0                rte_vhost_log_write
                0x0000000000043a80                rte_vhost_log_used_vring
                0x0000000000043b50                rte_vhost_rx_queue_count
 *fill*         0x0000000000043bef        0x1 
 .text          0x0000000000043bf0     0x1379 /root/framework/dpdk/build/lib/librte_vhost.a(vhost_user.o)
                0x0000000000043c60                vhost_backend_cleanup
                0x0000000000043d20                vhost_user_msg_handler
 *fill*         0x0000000000044f69        0x7 
 .text          0x0000000000044f70     0x57d7 /root/framework/dpdk/build/lib/librte_vhost.a(virtio_net.o)
                0x0000000000047170                rte_vhost_enqueue_burst
                0x00000000000488b0                rte_vhost_dequeue_burst
 *fill*         0x000000000004a747        0x9 
 .text          0x000000000004a750      0x428 /root/framework/dpdk/build/lib/librte_kvargs.a(rte_kvargs.o)
                0x000000000004a750                rte_kvargs_count
                0x000000000004a7e0                rte_kvargs_process
                0x000000000004a8b0                rte_kvargs_free
                0x000000000004a8e0                rte_kvargs_parse
 *fill*         0x000000000004ab78        0x8 
 .text          0x000000000004ab80     0x2bbc /root/framework/dpdk/build/lib/librte_mbuf.a(rte_mbuf.o)
                0x000000000004ab80                rte_pktmbuf_init
                0x000000000004ac20                rte_ctrlmbuf_init
                0x000000000004acd0                rte_pktmbuf_pool_init
                0x000000000004ad20                rte_pktmbuf_pool_create
                0x000000000004ae50                rte_mbuf_sanity_check
                0x000000000004af60                rte_pktmbuf_dump
                0x000000000004b050                __rte_pktmbuf_read
                0x000000000004ce80                rte_get_rx_ol_flag_name
                0x000000000004cfd0                rte_get_rx_ol_flag_list
                0x000000000004d200                rte_get_tx_ol_flag_name
                0x000000000004d420                rte_get_tx_ol_flag_list
 *fill*         0x000000000004d73c        0x4 
 .text          0x000000000004d740      0x80e /root/framework/dpdk/build/lib/librte_mbuf.a(rte_mbuf_ptype.o)
                0x000000000004d740                rte_get_ptype_l2_name
                0x000000000004d7e0                rte_get_ptype_l3_name
                0x000000000004d850                rte_get_ptype_l4_name
                0x000000000004d8c0                rte_get_ptype_tunnel_name
                0x000000000004d930                rte_get_ptype_inner_l2_name
                0x000000000004d970                rte_get_ptype_inner_l3_name
                0x000000000004d9e0                rte_get_ptype_inner_l4_name
                0x000000000004da50                rte_get_ptype_name
 *fill*         0x000000000004df4e        0x2 
 .text          0x000000000004df50      0xb8d /root/framework/dpdk/build/lib/librte_net.a(rte_net.o)
                0x000000000004e280                rte_net_get_ptype
 *fill*         0x000000000004eadd        0x3 
 .text          0x000000000004eae0      0x4cc /root/framework/dpdk/build/lib/librte_net.a(rte_net_crc.o)
                0x000000000004ef80                rte_net_crc_set_alg
                0x000000000004efa0                rte_net_crc_calc
 *fill*         0x000000000004efac        0x4 
 .text          0x000000000004efb0     0x7d9a /root/framework/dpdk/build/lib/librte_ethdev.a(rte_ethdev.o)
                0x000000000004f690                rte_eth_tx_buffer_drop_callback
                0x000000000004fbf0                rte_eth_find_next
                0x000000000004fc70                rte_eth_dev_allocated
                0x000000000004fce0                rte_eth_dev_allocate
                0x000000000004feb0                rte_eth_dev_attach_secondary
                0x000000000004fff0                rte_eth_dev_release_port
                0x0000000000050010                rte_eth_dev_is_valid_port
                0x0000000000050050                rte_eth_dev_socket_id
                0x00000000000500a0                rte_eth_dev_count
                0x0000000000050100                rte_eth_dev_get_name_by_port
                0x0000000000050160                rte_eth_dev_get_port_by_name
                0x0000000000050240                rte_eth_dev_attach
                0x00000000000503e0                rte_eth_dev_detach
                0x0000000000050480                rte_eth_dev_rx_queue_start
                0x0000000000050510                rte_eth_dev_rx_queue_stop
                0x00000000000505a0                rte_eth_dev_tx_queue_start
                0x0000000000050630                rte_eth_dev_tx_queue_stop
                0x00000000000506c0                rte_eth_speed_bitflag
                0x00000000000507c0                rte_eth_dev_configure
                0x0000000000050a00                _rte_eth_dev_reset
                0x0000000000050a40                rte_eth_dev_start
                0x0000000000050e80                rte_eth_dev_stop
                0x0000000000050f00                rte_eth_dev_set_link_up
                0x0000000000050f80                rte_eth_dev_set_link_down
                0x0000000000051000                rte_eth_dev_close
                0x00000000000510b0                rte_eth_rx_queue_setup
                0x0000000000051370                rte_eth_tx_queue_setup
                0x00000000000515a0                rte_eth_tx_buffer_count_callback
                0x0000000000051b20                rte_eth_tx_buffer_set_err_callback
                0x0000000000051b30                rte_eth_tx_buffer_init
                0x0000000000051b70                rte_eth_tx_done_cleanup
                0x0000000000051bf0                rte_eth_promiscuous_enable
                0x0000000000051c60                rte_eth_promiscuous_disable
                0x0000000000051cd0                rte_eth_promiscuous_get
                0x0000000000051d20                rte_eth_allmulticast_enable
                0x0000000000051d90                rte_eth_allmulticast_disable
                0x0000000000051e00                rte_eth_allmulticast_get
                0x0000000000051e60                rte_eth_link_get
                0x0000000000051f20                rte_eth_link_get_nowait
                0x0000000000051fd0                rte_eth_stats_get
                0x0000000000052080                rte_eth_stats_reset
                0x0000000000052100                rte_eth_xstats_get_id_by_name
                0x0000000000052210                rte_eth_xstats_get_names_by_id
                0x0000000000052550                rte_eth_xstats_get_names
                0x00000000000527a0                rte_eth_xstats_get_by_id
                0x00000000000531b0                rte_eth_xstats_get
                0x00000000000534c0                rte_eth_xstats_reset
                0x0000000000053550                rte_eth_dev_set_tx_queue_stats_mapping
                0x00000000000535e0                rte_eth_dev_set_rx_queue_stats_mapping
                0x0000000000053670                rte_eth_dev_fw_version_get
                0x0000000000053700                rte_eth_dev_info_get
                0x00000000000537d0                rte_eth_dev_get_supported_ptypes
                0x00000000000538a0                rte_eth_macaddr_get
                0x00000000000538f0                rte_eth_dev_get_mtu
                0x0000000000053950                rte_eth_dev_set_mtu
                0x00000000000539f0                rte_eth_dev_vlan_filter
                0x0000000000053b10                rte_eth_dev_set_vlan_strip_on_queue
                0x0000000000053bb0                rte_eth_dev_set_vlan_ether_type
                0x0000000000053c40                rte_eth_dev_set_vlan_offload
                0x0000000000053dd0                rte_eth_dev_get_vlan_offload
                0x0000000000053e40                rte_eth_dev_set_vlan_pvid
                0x0000000000053ec0                rte_eth_dev_flow_ctrl_get
                0x0000000000053f60                rte_eth_dev_flow_ctrl_set
                0x0000000000054000                rte_eth_dev_priority_flow_ctrl_set
                0x00000000000540a0                rte_eth_dev_rss_reta_update
                0x00000000000541f0                rte_eth_dev_rss_reta_query
                0x00000000000542e0                rte_eth_dev_rss_hash_update
                0x0000000000054390                rte_eth_dev_rss_hash_conf_get
                0x0000000000054420                rte_eth_dev_udp_tunnel_port_add
                0x00000000000544c0                rte_eth_dev_udp_tunnel_port_delete
                0x0000000000054560                rte_eth_led_on
                0x00000000000545f0                rte_eth_led_off
                0x0000000000054680                rte_eth_dev_mac_addr_add
                0x00000000000549f0                rte_eth_dev_mac_addr_remove
                0x0000000000054bc0                rte_eth_dev_default_mac_addr_set
                0x0000000000054c90                rte_eth_dev_uc_hash_table_set
                0x0000000000055040                rte_eth_dev_uc_all_hash_table_set
                0x00000000000550d0                rte_eth_set_queue_rate_limit
                0x0000000000055230                rte_eth_mirror_rule_set
                0x0000000000055300                rte_eth_mirror_rule_reset
                0x0000000000055390                rte_eth_dev_callback_register
                0x00000000000554b0                rte_eth_dev_callback_unregister
                0x00000000000555d0                _rte_eth_dev_callback_process
                0x0000000000055800                rte_eth_dev_rx_intr_ctl
                0x00000000000558f0                rte_eth_dma_zone_reserve
                0x0000000000055980                rte_eth_dev_rx_intr_ctl_q
                0x0000000000055a30                rte_eth_dev_rx_intr_enable
                0x0000000000055ac0                rte_eth_dev_rx_intr_disable
                0x0000000000055b50                rte_eth_dev_filter_supported
                0x0000000000055be0                rte_eth_dev_filter_ctrl
                0x0000000000055c70                rte_eth_add_rx_callback
                0x0000000000055d80                rte_eth_add_first_rx_callback
                0x0000000000055e80                rte_eth_add_tx_callback
                0x0000000000055f90                rte_eth_remove_rx_callback
                0x0000000000056070                rte_eth_remove_tx_callback
                0x0000000000056160                rte_eth_rx_queue_info_get
                0x0000000000056220                rte_eth_tx_queue_info_get
                0x00000000000562e0                rte_eth_dev_set_mc_addr_list
                0x0000000000056360                rte_eth_timesync_enable
                0x00000000000563f0                rte_eth_timesync_disable
                0x0000000000056480                rte_eth_timesync_read_rx_timestamp
                0x0000000000056510                rte_eth_timesync_read_tx_timestamp
                0x00000000000565a0                rte_eth_timesync_adjust_time
                0x0000000000056630                rte_eth_timesync_read_time
                0x00000000000566c0                rte_eth_timesync_write_time
                0x0000000000056750                rte_eth_dev_get_reg_info
                0x00000000000567e0                rte_eth_dev_get_eeprom_length
                0x0000000000056870                rte_eth_dev_get_eeprom
                0x0000000000056900                rte_eth_dev_set_eeprom
                0x0000000000056990                rte_eth_dev_get_dcb_info
                0x0000000000056a40                rte_eth_dev_l2_tunnel_eth_type_conf
                0x0000000000056ae0                rte_eth_dev_l2_tunnel_offload_set
                0x0000000000056b90                rte_eth_dev_adjust_nb_rx_tx_desc
 *fill*         0x0000000000056d4a        0x6 
 .text          0x0000000000056d50      0xc5b /root/framework/dpdk/build/lib/librte_ethdev.a(rte_flow.o)
                0x0000000000056d50                rte_flow_ops_get
                0x0000000000056e30                rte_flow_validate
                0x0000000000056f80                rte_flow_create
                0x00000000000570d0                rte_flow_destroy
                0x0000000000057220                rte_flow_flush
                0x0000000000057360                rte_flow_query
                0x00000000000574b0                rte_flow_isolate
                0x0000000000057600                rte_flow_copy
 *fill*         0x00000000000579ab        0x5 
 .text          0x00000000000579b0     0x25e2 /root/framework/dpdk/build/lib/librte_ethdev.a(rte_tm.o)
                0x00000000000579b0                rte_tm_ops_get
                0x0000000000057ab0                rte_tm_get_number_of_leaf_nodes
                0x0000000000057c20                rte_tm_node_type_get
                0x0000000000057d50                rte_tm_capabilities_get
                0x0000000000057e80                rte_tm_level_capabilities_get
                0x0000000000057fb0                rte_tm_node_capabilities_get
                0x00000000000580e0                rte_tm_wred_profile_add
                0x0000000000058210                rte_tm_wred_profile_delete
                0x0000000000058340                rte_tm_shared_wred_context_add_update
                0x0000000000058470                rte_tm_shared_wred_context_delete
                0x00000000000585a0                rte_tm_shaper_profile_add
                0x00000000000586d0                rte_tm_shaper_profile_delete
                0x0000000000058800                rte_tm_shared_shaper_add_update
                0x0000000000058930                rte_tm_shared_shaper_delete
                0x0000000000058a60                rte_tm_node_add
                0x0000000000058bc0                rte_tm_node_delete
                0x0000000000058cf0                rte_tm_node_suspend
                0x0000000000058e20                rte_tm_node_resume
                0x0000000000058f50                rte_tm_hierarchy_commit
                0x0000000000059080                rte_tm_node_parent_update
                0x00000000000591d0                rte_tm_node_shaper_update
                0x0000000000059310                rte_tm_node_shared_shaper_update
                0x0000000000059450                rte_tm_node_stats_update
                0x0000000000059590                rte_tm_node_wfq_weight_mode_update
                0x00000000000596d0                rte_tm_node_cman_update
                0x0000000000059810                rte_tm_node_wred_context_update
                0x0000000000059950                rte_tm_node_shared_wred_context_update
                0x0000000000059a90                rte_tm_node_stats_read
                0x0000000000059be0                rte_tm_mark_vlan_dei
                0x0000000000059d20                rte_tm_mark_ip_ecn
                0x0000000000059e60                rte_tm_mark_ip_dscp
 *fill*         0x0000000000059f92        0xe 
 .text          0x0000000000059fa0     0x25f6 /root/framework/dpdk/build/lib/librte_cryptodev.a(rte_cryptodev.o)
                0x000000000005a000                rte_cryptodev_get_cipher_algo_enum
                0x000000000005a290                rte_cryptodev_get_auth_algo_enum
                0x000000000005a2f0                rte_cryptodev_get_aead_algo_enum
                0x000000000005a350                rte_cryptodev_sym_capability_get
                0x000000000005a410                rte_cryptodev_sym_capability_check_cipher
                0x000000000005a480                rte_cryptodev_sym_capability_check_auth
                0x000000000005a510                rte_cryptodev_sym_capability_check_aead
                0x000000000005a5e0                rte_cryptodev_get_feature_name
                0x000000000005a6b0                rte_cryptodev_create_vdev
                0x000000000005a6c0                rte_cryptodev_pmd_get_dev
                0x000000000005a6e0                rte_cryptodev_pmd_get_named_dev
                0x000000000005a750                rte_cryptodev_pmd_is_valid_dev
                0x000000000005a780                rte_cryptodev_get_dev_id
                0x000000000005a810                rte_cryptodev_count
                0x000000000005a820                rte_cryptodev_device_count_by_driver
                0x000000000005a880                rte_cryptodev_devices_get
                0x000000000005a940                rte_cryptodev_socket_id
                0x000000000005a980                rte_cryptodev_pmd_allocate
                0x000000000005ab80                rte_cryptodev_pmd_release_device
                0x000000000005ad10                rte_cryptodev_queue_pair_count
                0x000000000005ad30                rte_cryptodev_queue_pair_start
                0x000000000005ae10                rte_cryptodev_queue_pair_stop
                0x000000000005aef0                rte_cryptodev_configure
                0x000000000005b2f0                rte_cryptodev_start
                0x000000000005b3d0                rte_cryptodev_stop
                0x000000000005b490                rte_cryptodev_close
                0x000000000005b5f0                rte_cryptodev_queue_pair_setup
                0x000000000005b710                rte_cryptodev_stats_get
                0x000000000005b810                rte_cryptodev_stats_reset
                0x000000000005b8a0                rte_cryptodev_info_get
                0x000000000005b910                rte_cryptodev_callback_register
                0x000000000005ba60                rte_cryptodev_callback_unregister
                0x000000000005bbe0                rte_cryptodev_pmd_callback_process
                0x000000000005bca0                rte_cryptodev_sym_session_init
                0x000000000005bd50                rte_cryptodev_sym_session_create
                0x000000000005be90                rte_cryptodev_queue_pair_attach_sym_session
                0x000000000005bf80                rte_cryptodev_queue_pair_detach_sym_session
                0x000000000005c070                rte_cryptodev_sym_session_clear
                0x000000000005c0b0                rte_cryptodev_sym_session_free
                0x000000000005c1e0                rte_cryptodev_get_header_session_size
                0x000000000005c1f0                rte_cryptodev_get_private_session_size
                0x000000000005c250                rte_crypto_op_pool_create
                0x000000000005c3b0                rte_cryptodev_pmd_create_dev_name
                0x000000000005c480                rte_cryptodev_driver_id_get
                0x000000000005c510                rte_cryptodev_driver_name_get
                0x000000000005c550                rte_cryptodev_allocate_driver
 *fill*         0x000000000005c596        0xa 
 .text          0x000000000005c5a0      0x4e5 /root/framework/dpdk/build/lib/librte_cryptodev.a(rte_cryptodev_pmd.o)
                0x000000000005c660                rte_cryptodev_vdev_pmd_init
                0x000000000005c700                rte_cryptodev_vdev_parse_init_params
                0x000000000005c7f0                rte_cryptodev_pci_generic_probe
                0x000000000005c9b0                rte_cryptodev_pci_generic_remove
 *fill*         0x000000000005ca85        0xb 
 .text          0x000000000005ca90     0x2c24 /root/framework/dpdk/build/lib/librte_eventdev.a(rte_eventdev.o)
                0x000000000005ccc0                rte_event_dev_count
                0x000000000005ccd0                rte_event_dev_get_dev_id
                0x000000000005cd50                rte_event_dev_socket_id
                0x000000000005cdc0                rte_event_dev_info_get
                0x000000000005ce80                rte_event_dev_configure
                0x000000000005dd60                rte_event_queue_default_conf_get
                0x000000000005de50                rte_event_queue_setup
                0x000000000005e080                rte_event_queue_count
                0x000000000005e0a0                rte_event_queue_priority
                0x000000000005e0d0                rte_event_port_default_conf_get
                0x000000000005e1b0                rte_event_port_dequeue_depth
                0x000000000005e1d0                rte_event_port_enqueue_depth
                0x000000000005e1f0                rte_event_port_count
                0x000000000005e210                rte_event_port_link
                0x000000000005e570                rte_event_port_unlink
                0x000000000005e850                rte_event_port_setup
                0x000000000005eaf0                rte_event_port_links_get
                0x000000000005ebf0                rte_event_dequeue_timeout_ticks
                0x000000000005ec80                rte_event_dev_dump
                0x000000000005ed10                rte_event_dev_xstats_names_get
                0x000000000005ee30                rte_event_dev_xstats_get
                0x000000000005eec0                rte_event_dev_xstats_by_name_get
                0x000000000005ef70                rte_event_dev_xstats_reset
                0x000000000005f000                rte_event_dev_start
                0x000000000005f0d0                rte_event_dev_stop
                0x000000000005f180                rte_event_dev_close
                0x000000000005f250                rte_event_pmd_allocate
                0x000000000005f610                rte_event_pmd_release
 *fill*         0x000000000005f6b4        0xc 
 .text          0x000000000005f6c0      0x3c8 /root/framework/dpdk/build/lib/librte_eventdev.a(rte_event_ring.o)
                0x000000000005f6c0                rte_event_ring_init
                0x000000000005f6d0                rte_event_ring_create
                0x000000000005f8e0                rte_event_ring_lookup
                0x000000000005f980                rte_event_ring_free
 *fill*         0x000000000005fa88        0x8 
 .text          0x000000000005fa90     0x1e34 /root/framework/dpdk/build/lib/librte_mempool.a(rte_mempool.o)
                0x000000000005fc40                rte_mempool_obj_iter
                0x000000000005fc90                rte_mempool_mem_iter
                0x000000000005fce0                rte_mempool_calc_obj_size
                0x000000000005fe00                rte_mempool_xmem_size
                0x000000000005fe70                rte_mempool_xmem_usage
                0x000000000005ff20                rte_mempool_populate_phys
                0x00000000000601b0                rte_mempool_populate_phys_tab
                0x00000000000603b0                rte_mempool_populate_virt
                0x0000000000060570                rte_mempool_populate_default
                0x00000000000609e0                rte_mempool_populate_anon
                0x0000000000060b50                rte_mempool_free
                0x0000000000060c30                rte_mempool_cache_create
                0x0000000000060ce0                rte_mempool_cache_free
                0x0000000000060cf0                rte_mempool_create_empty
                0x0000000000061030                rte_mempool_create
                0x0000000000061160                rte_mempool_xmem_create
                0x00000000000612b0                rte_mempool_avail_count
                0x0000000000061340                rte_mempool_in_use_count
                0x00000000000613e0                rte_mempool_check_cookies
                0x00000000000613f0                rte_mempool_audit
                0x0000000000061460                rte_mempool_dump
                0x0000000000061730                rte_mempool_list_dump
                0x00000000000617a0                rte_mempool_lookup
                0x0000000000061840                rte_mempool_walk
 *fill*         0x00000000000618c4        0xc 
 .text          0x00000000000618d0      0x302 /root/framework/dpdk/build/lib/librte_mempool.a(rte_mempool_ops.o)
                0x00000000000618d0                rte_mempool_register_ops
                0x0000000000061a50                rte_mempool_ops_alloc
                0x0000000000061aa0                rte_mempool_ops_free
                0x0000000000061af0                rte_mempool_ops_get_count
                0x0000000000061b40                rte_mempool_set_ops_byname
 *fill*         0x0000000000061bd2        0xe 
 .text          0x0000000000061be0     0x12f5 /root/framework/dpdk/build/lib/librte_mempool_ring.a(rte_mempool_ring.o)
 *fill*         0x0000000000062ed5        0xb 
 .text          0x0000000000062ee0      0x7ec /root/framework/dpdk/build/lib/librte_ring.a(rte_ring.o)
                0x0000000000062ee0                rte_ring_get_memsize
                0x0000000000062f30                rte_ring_init
                0x0000000000063050                rte_ring_create
                0x0000000000063270                rte_ring_free
                0x0000000000063380                rte_ring_dump
                0x00000000000634a0                rte_ring_list_dump
                0x0000000000063630                rte_ring_lookup
 *fill*         0x00000000000636cc        0x4 
 .text          0x00000000000636d0     0x1719 /root/framework/dpdk/build/lib/librte_eal.a(eal.o)
                0x0000000000063780                rte_eal_get_configuration
                0x0000000000063790                eal_parse_sysfs_value
                0x00000000000638a0                eal_proc_type_detect
                0x0000000000063960                rte_set_application_usage_hook
                0x0000000000063970                rte_eal_iopl_init
                0x0000000000063990                rte_eal_init
                0x0000000000064cb0                rte_eal_lcore_role
                0x0000000000064cc0                rte_eal_process_type
                0x0000000000064cd0                rte_eal_has_hugepages
                0x0000000000064ce0                rte_eal_check_module
 *fill*         0x0000000000064de9        0x7 
 .text          0x0000000000064df0      0xa43 /root/framework/dpdk/build/lib/librte_eal.a(eal_hugepage_info.o)
                0x0000000000065390                eal_hugepage_info_init
 *fill*         0x0000000000065833        0xd 
 .text          0x0000000000065840     0x2dd8 /root/framework/dpdk/build/lib/librte_eal.a(eal_memory.o)
                0x0000000000065cb0                rte_mem_virt2phy
                0x0000000000065e40                rte_eal_hugepage_init
                0x0000000000067f20                rte_eal_hugepage_attach
                0x0000000000068610                rte_eal_using_phys_addrs
 *fill*         0x0000000000068618        0x8 
 .text          0x0000000000068620      0x415 /root/framework/dpdk/build/lib/librte_eal.a(eal_thread.o)
                0x0000000000068620                rte_eal_remote_launch
                0x0000000000068700                eal_thread_init_master
                0x0000000000068780                eal_thread_loop
                0x0000000000068a10                rte_sys_gettid
                0x0000000000068a30                rte_thread_setname
 *fill*         0x0000000000068a35        0xb 
 .text          0x0000000000068a40       0xf7 /root/framework/dpdk/build/lib/librte_eal.a(eal_log.o)
                0x0000000000068ad0                rte_eal_log_init
 .text          0x0000000000068b37        0x0 /root/framework/dpdk/build/lib/librte_eal.a(eal_vfio.o)
 .text          0x0000000000068b37        0x0 /root/framework/dpdk/build/lib/librte_eal.a(eal_vfio_mp_sync.o)
 *fill*         0x0000000000068b37        0x9 
 .text          0x0000000000068b40      0xe6d /root/framework/dpdk/build/lib/librte_eal.a(eal_pci.o)
                0x0000000000069430                rte_pci_map_device
                0x00000000000694a0                rte_pci_unmap_device
                0x00000000000694e0                pci_find_max_end_va
                0x0000000000069530                pci_parse_one_sysfs_resource
                0x00000000000695e0                pci_update_device
                0x0000000000069650                rte_pci_scan
                0x0000000000069840                rte_pci_read_config
                0x0000000000069880                rte_pci_write_config
                0x00000000000698c0                rte_pci_ioport_map
                0x0000000000069920                rte_pci_ioport_read
                0x0000000000069950                rte_pci_ioport_write
                0x0000000000069980                rte_pci_ioport_unmap
 *fill*         0x00000000000699ad        0x3 
 .text          0x00000000000699b0      0xaa3 /root/framework/dpdk/build/lib/librte_eal.a(eal_pci_uio.o)
                0x0000000000069d40                pci_uio_read_config
                0x0000000000069d50                pci_uio_write_config
                0x0000000000069d60                pci_uio_free_resource
                0x0000000000069db0                pci_uio_alloc_resource
                0x000000000006a020                pci_uio_map_resource_by_index
                0x000000000006a240                pci_uio_ioport_map
                0x000000000006a3a0                pci_uio_ioport_read
                0x000000000006a3f0                pci_uio_ioport_write
                0x000000000006a450                pci_uio_ioport_unmap
 .text          0x000000000006a453        0x0 /root/framework/dpdk/build/lib/librte_eal.a(eal_pci_vfio.o)
 *fill*         0x000000000006a453        0xd 
 .text          0x000000000006a460      0x144 /root/framework/dpdk/build/lib/librte_eal.a(eal_debug.o)
                0x000000000006a460                rte_dump_stack
                0x000000000006a4d0                rte_dump_registers
                0x000000000006a4e0                rte_exit
 *fill*         0x000000000006a5a4        0xc 
 .text          0x000000000006a5b0      0x13b /root/framework/dpdk/build/lib/librte_eal.a(eal_lcore.o)
                0x000000000006a5b0                eal_cpu_detected
                0x000000000006a600                eal_cpu_socket_id
                0x000000000006a670                eal_cpu_core_id
 *fill*         0x000000000006a6eb        0x5 
 .text          0x000000000006a6f0      0x2bf /root/framework/dpdk/build/lib/librte_eal.a(eal_timer.o)
                0x000000000006a7d0                get_tsc_freq
                0x000000000006a990                rte_eal_timer_init
 *fill*         0x000000000006a9af        0x1 
 .text          0x000000000006a9b0     0x17e5 /root/framework/dpdk/build/lib/librte_eal.a(eal_interrupts.o)
                0x000000000006afe0                rte_intr_callback_register
                0x000000000006b1e0                rte_intr_callback_unregister
                0x000000000006b3d0                rte_intr_enable
                0x000000000006b510                rte_intr_disable
                0x000000000006b650                rte_eal_intr_init
                0x000000000006b730                rte_intr_tls_epfd
                0x000000000006b780                rte_epoll_wait
                0x000000000006b940                rte_epoll_ctl
                0x000000000006bb40                rte_intr_rx_ctl
                0x000000000006bdd0                rte_intr_free_epoll_fd
                0x000000000006bef0                rte_intr_efd_enable
                0x000000000006bff0                rte_intr_efd_disable
                0x000000000006c150                rte_intr_dp_is_en
                0x000000000006c160                rte_intr_allow_others
                0x000000000006c180                rte_intr_cap_multiple
 *fill*         0x000000000006c195        0xb 
 .text          0x000000000006c1a0      0x6ea /root/framework/dpdk/build/lib/librte_eal.a(eal_alarm.o)
                0x000000000006c300                rte_eal_alarm_init
                0x000000000006c350                rte_eal_alarm_set
                0x000000000006c580                rte_eal_alarm_cancel
 *fill*         0x000000000006c88a        0x6 
 .text          0x000000000006c890      0x14a /root/framework/dpdk/build/lib/librte_eal.a(eal_common_lcore.o)
                0x000000000006c890                rte_eal_cpu_init
 *fill*         0x000000000006c9da        0x6 
 .text          0x000000000006c9e0      0x1f8 /root/framework/dpdk/build/lib/librte_eal.a(eal_common_timer.o)
                0x000000000006c9e0                rte_delay_us_block
                0x000000000006cae0                rte_get_tsc_hz
                0x000000000006caf0                set_tsc_freq
                0x000000000006cbd0                rte_delay_us_callback_register
 *fill*         0x000000000006cbd8        0x8 
 .text          0x000000000006cbe0      0xb74 /root/framework/dpdk/build/lib/librte_eal.a(eal_common_memzone.o)
                0x000000000006d3d0                rte_memzone_reserve_bounded
                0x000000000006d3e0                rte_memzone_reserve_aligned
                0x000000000006d3f0                rte_memzone_reserve
                0x000000000006d400                rte_memzone_free
                0x000000000006d4f0                rte_memzone_lookup
                0x000000000006d590                rte_memzone_dump
                0x000000000006d640                rte_eal_memzone_init
                0x000000000006d6e0                rte_memzone_walk
 *fill*         0x000000000006d754        0xc 
 .text          0x000000000006d760      0x5a8 /root/framework/dpdk/build/lib/librte_eal.a(eal_common_log.o)
                0x000000000006d760                rte_openlog_stream
                0x000000000006d770                rte_log_set_global_level
                0x000000000006d780                rte_set_log_level
                0x000000000006d790                rte_log_get_global_level
                0x000000000006d7a0                rte_get_log_level
                0x000000000006d7b0                rte_log_get_level
                0x000000000006d7e0                rte_set_log_type
                0x000000000006d870                rte_get_log_type
                0x000000000006d880                rte_log_set_level
                0x000000000006d8b0                rte_log_set_level_regexp
                0x000000000006d970                rte_log_cur_msg_loglevel
                0x000000000006d980                rte_log_cur_msg_logtype
                0x000000000006d990                rte_log_register
                0x000000000006da70                rte_log_dump
                0x000000000006dc50                rte_vlog
                0x000000000006dd00                eal_log_set_default
 *fill*         0x000000000006dd08        0x8 
 .text          0x000000000006dd10      0x301 /root/framework/dpdk/build/lib/librte_eal.a(eal_common_launch.o)
                0x000000000006dd10                rte_eal_wait_lcore
                0x000000000006dd90                rte_eal_mp_remote_launch
                0x000000000006df20                rte_eal_get_lcore_state
                0x000000000006df40                rte_eal_mp_wait_lcore
 *fill*         0x000000000006e011        0xf 
 .text          0x000000000006e020      0x6c9 /root/framework/dpdk/build/lib/librte_eal.a(eal_common_vdev.o)
                0x000000000006e380                rte_vdev_register
                0x000000000006e3a0                rte_vdev_unregister
                0x000000000006e3d0                rte_vdev_init
                0x000000000006e5c0                rte_vdev_uninit
 *fill*         0x000000000006e6e9        0x7 
 .text          0x000000000006e6f0      0xd7b /root/framework/dpdk/build/lib/librte_eal.a(eal_common_pci.o)
                0x000000000006eb50                rte_pci_probe
                0x000000000006edd0                pci_get_sysfs_path
                0x000000000006ee00                pci_name_set
                0x000000000006ef40                pci_map_resource
                0x000000000006eff0                pci_unmap_resource
                0x000000000006f070                rte_pci_probe_one
                0x000000000006f150                rte_pci_detach
                0x000000000006f2f0                rte_pci_dump
                0x000000000006f390                rte_pci_register
                0x000000000006f3c0                rte_pci_unregister
                0x000000000006f400                rte_pci_add_device
                0x000000000006f420                rte_pci_insert_device
                0x000000000006f440                rte_pci_remove_device
 *fill*         0x000000000006f46b        0x5 
 .text          0x000000000006f470      0x5bf /root/framework/dpdk/build/lib/librte_eal.a(eal_common_pci_uio.o)
                0x000000000006f470                pci_uio_map_resource
                0x000000000006f870                pci_uio_unmap_resource
 *fill*         0x000000000006fa2f        0x1 
 .text          0x000000000006fa30      0x1c7 /root/framework/dpdk/build/lib/librte_eal.a(eal_common_memory.o)
                0x000000000006fa30                rte_eal_get_physmem_layout
                0x000000000006fa50                rte_eal_get_physmem_size
                0x000000000006fa90                rte_dump_physmem_layout
                0x000000000006fb10                rte_memory_get_nchannel
                0x000000000006fb30                rte_memory_get_nrank
                0x000000000006fb50                rte_mem_lock_page
                0x000000000006fb70                rte_eal_memory_init
 *fill*         0x000000000006fbf7        0x9 
 .text          0x000000000006fc00      0x4f9 /root/framework/dpdk/build/lib/librte_eal.a(eal_common_tailqs.o)
                0x000000000006fc00                rte_eal_tailq_lookup
                0x000000000006fc60                rte_dump_tailq
                0x000000000006fcf0                rte_eal_tailq_register
                0x000000000006ff00                rte_eal_tailqs_init
 *fill*         0x00000000000700f9        0x7 
 .text          0x0000000000070100       0x85 /root/framework/dpdk/build/lib/librte_eal.a(eal_common_errno.o)
                0x0000000000070100                rte_strerror
 *fill*         0x0000000000070185        0xb 
 .text          0x0000000000070190      0x13d /root/framework/dpdk/build/lib/librte_eal.a(eal_common_cpuflags.o)
                0x0000000000070190                rte_cpu_check_supported
                0x0000000000070220                rte_cpu_is_supported
 *fill*         0x00000000000702cd        0x3 
 .text          0x00000000000702d0       0x8d /root/framework/dpdk/build/lib/librte_eal.a(eal_common_string_fns.o)
                0x00000000000702d0                rte_strsplit
 *fill*         0x000000000007035d        0x3 
 .text          0x0000000000070360      0x2d2 /root/framework/dpdk/build/lib/librte_eal.a(eal_common_hexdump.o)
                0x0000000000070360                rte_hexdump
                0x0000000000070540                rte_memdump
 *fill*         0x0000000000070632        0xe 
 .text          0x0000000000070640      0x51e /root/framework/dpdk/build/lib/librte_eal.a(eal_common_devargs.o)
                0x0000000000070670                rte_eal_parse_devargs_str
                0x0000000000070700                rte_eal_devargs_parse
                0x0000000000070890                rte_eal_devargs_insert
                0x0000000000070940                rte_eal_devargs_add
                0x0000000000070a10                rte_eal_devargs_remove
                0x0000000000070ac0                rte_eal_devargs_type_count
                0x0000000000070af0                rte_eal_devargs_dump
 *fill*         0x0000000000070b5e        0x2 
 .text          0x0000000000070b60      0x4cc /root/framework/dpdk/build/lib/librte_eal.a(eal_common_bus.o)
                0x0000000000070b70                rte_bus_register
                0x0000000000070cf0                rte_bus_unregister
                0x0000000000070d30                rte_bus_scan
                0x0000000000070d80                rte_bus_probe
                0x0000000000070e30                rte_bus_dump
                0x0000000000070ea0                rte_bus_find
                0x0000000000070f10                rte_bus_find_by_device
                0x0000000000070f60                rte_bus_find_by_name
                0x0000000000070fb0                rte_bus_find_by_device_name
 *fill*         0x000000000007102c        0x4 
 .text          0x0000000000071030      0x4af /root/framework/dpdk/build/lib/librte_eal.a(eal_common_dev.o)
                0x0000000000071060                rte_eal_dev_detach
                0x0000000000071110                rte_eal_hotplug_add
                0x0000000000071300                rte_eal_dev_attach
                0x0000000000071400                rte_eal_hotplug_remove
 *fill*         0x00000000000714df        0x1 
 .text          0x00000000000714e0     0x1eb3 /root/framework/dpdk/build/lib/librte_eal.a(eal_common_options.o)
                0x0000000000071a20                eal_option_device_parse
                0x0000000000071ad0                eal_reset_internal_config
                0x0000000000071ba0                eal_plugins_init
                0x0000000000071c80                eal_parse_common_option
                0x0000000000073110                eal_adjust_config
                0x00000000000732b0                eal_check_common_options
                0x0000000000073380                eal_common_usage
 *fill*         0x0000000000073393        0xd 
 .text          0x00000000000733a0      0x344 /root/framework/dpdk/build/lib/librte_eal.a(eal_common_thread.o)
                0x00000000000733a0                rte_socket_id
                0x00000000000733b0                eal_cpuset_socket_id
                0x0000000000073440                rte_thread_set_affinity
                0x0000000000073550                rte_thread_get_affinity
                0x00000000000735a0                eal_thread_dump_affinity
 *fill*         0x00000000000736e4        0xc 
 .text          0x00000000000736f0       0xa9 /root/framework/dpdk/build/lib/librte_eal.a(eal_common_proc.o)
                0x00000000000736f0                rte_eal_primary_proc_alive
 *fill*         0x0000000000073799        0x7 
 .text          0x00000000000737a0     0x26cf /root/framework/dpdk/build/lib/librte_eal.a(rte_malloc.o)
                0x00000000000737a0                rte_free
                0x0000000000073800                rte_malloc_socket
                0x0000000000073920                rte_malloc
                0x0000000000073a40                rte_zmalloc_socket
                0x0000000000073b60                rte_zmalloc
                0x0000000000073c80                rte_calloc_socket
                0x0000000000073da0                rte_calloc
                0x0000000000073ec0                rte_realloc
                0x0000000000075c60                rte_malloc_validate
                0x0000000000075cc0                rte_malloc_get_socket_stats
                0x0000000000075d10                rte_malloc_dump_stats
                0x0000000000075e10                rte_malloc_set_limit
                0x0000000000075e20                rte_malloc_virt2phy
 *fill*         0x0000000000075e6f        0x1 
 .text          0x0000000000075e70      0x73a /root/framework/dpdk/build/lib/librte_eal.a(malloc_elem.o)
                0x0000000000075e70                malloc_elem_init
                0x0000000000075eb0                malloc_elem_mkend
                0x0000000000075f00                malloc_elem_can_hold
                0x0000000000075f60                malloc_elem_free_list_index
                0x0000000000075fa0                malloc_elem_free_list_insert
                0x0000000000076030                malloc_elem_alloc
                0x00000000000762c0                malloc_elem_free
                0x0000000000076440                malloc_elem_resize
 *fill*         0x00000000000765aa        0x6 
 .text          0x00000000000765b0      0x3e7 /root/framework/dpdk/build/lib/librte_eal.a(malloc_heap.o)
                0x00000000000765b0                malloc_heap_alloc
                0x0000000000076850                malloc_heap_get_stats
                0x00000000000768e0                rte_eal_malloc_heap_init
 *fill*         0x0000000000076997        0x9 
 .text          0x00000000000769a0      0x342 /root/framework/dpdk/build/lib/librte_eal.a(rte_keepalive.o)
                0x00000000000769a0                rte_keepalive_dispatch_pings
                0x0000000000076bb0                rte_keepalive_create
                0x0000000000076c50                rte_keepalive_register_relay_callback
                0x0000000000076c60                rte_keepalive_register_core
                0x0000000000076cb0                rte_keepalive_mark_alive
                0x0000000000076cd0                rte_keepalive_mark_sleep
 *fill*         0x0000000000076ce2        0xe 
 .text          0x0000000000076cf0     0x10da /root/framework/dpdk/build/lib/librte_eal.a(rte_service.o)
                0x0000000000076ec0                rte_service_init
                0x0000000000077000                rte_service_set_stats_enable
                0x0000000000077020                rte_service_get_count
                0x0000000000077030                rte_service_get_by_id
                0x0000000000077060                rte_service_get_by_name
                0x00000000000770c0                rte_service_get_name
                0x00000000000770d0                rte_service_probe_capability
                0x00000000000770e0                rte_service_is_running
                0x0000000000077110                rte_service_register
                0x00000000000771a0                rte_service_unregister
                0x0000000000077230                rte_service_start
                0x0000000000077240                rte_service_stop
                0x0000000000077250                rte_service_lcore_count
                0x00000000000773a0                rte_service_lcore_list
                0x0000000000077530                rte_service_start_with_defaults
                0x0000000000077840                rte_service_get_enabled_on_lcore
                0x00000000000778a0                rte_service_enable_on_lcore
                0x0000000000077910                rte_service_disable_on_lcore
                0x0000000000077980                rte_service_lcore_reset_all
                0x00000000000779e0                rte_service_lcore_add
                0x0000000000077a60                rte_service_lcore_del
                0x0000000000077af0                rte_service_lcore_start
                0x0000000000077b50                rte_service_lcore_stop
                0x0000000000077be0                rte_service_dump
 *fill*         0x0000000000077dca        0x6 
 .text          0x0000000000077dd0       0xb3 /root/framework/dpdk/build/lib/librte_eal.a(rte_cpuflags.o)
                0x0000000000077dd0                rte_cpu_get_flag_enabled
                0x0000000000077e60                rte_cpu_get_flag_name
 .text          0x0000000000077e83        0x0 /root/framework/dpdk/build/lib/librte_eal.a(rte_spinlock.o)
 *fill*         0x0000000000077e83        0xd 
 .text          0x0000000000077e90      0x64a /root/framework/dpdk/build/lib/librte_cmdline.a(cmdline.o)
                0x0000000000077e90                cmdline_write_char
                0x0000000000077fe0                cmdline_set_prompt
                0x0000000000078020                cmdline_new
                0x00000000000780f0                cmdline_free
                0x0000000000078150                cmdline_printf
                0x0000000000078280                cmdline_in
                0x00000000000783c0                cmdline_quit
                0x00000000000783e0                cmdline_poll
                0x0000000000078490                cmdline_interact
 *fill*         0x00000000000784da        0x6 
 .text          0x00000000000784e0      0x88c /root/framework/dpdk/build/lib/librte_cmdline.a(cmdline_cirbuf.o)
                0x00000000000784e0                cirbuf_init
                0x0000000000078510                cirbuf_add_buf_head
                0x00000000000785f0                cirbuf_add_buf_tail
                0x00000000000786c0                cirbuf_add_head_safe
                0x0000000000078710                cirbuf_add_head
                0x0000000000078760                cirbuf_add_tail_safe
                0x00000000000787b0                cirbuf_add_tail
                0x00000000000787f0                cirbuf_align_left
                0x0000000000078930                cirbuf_align_right
                0x0000000000078a80                cirbuf_del_buf_head
                0x0000000000078ad0                cirbuf_del_buf_tail
                0x0000000000078b30                cirbuf_del_head_safe
                0x0000000000078b70                cirbuf_del_head
                0x0000000000078b90                cirbuf_del_tail_safe
                0x0000000000078bd0                cirbuf_del_tail
                0x0000000000078c00                cirbuf_get_buf_head
                0x0000000000078ca0                cirbuf_get_buf_tail
                0x0000000000078d50                cirbuf_get_head
                0x0000000000078d60                cirbuf_get_tail
 *fill*         0x0000000000078d6c        0x4 
 .text          0x0000000000078d70      0xd86 /root/framework/dpdk/build/lib/librte_cmdline.a(cmdline_parse.o)
                0x0000000000078ef0                cmdline_isendoftoken
                0x0000000000078f20                cmdline_isendofcommand
                0x0000000000078f50                cmdline_parse
                0x0000000000079370                cmdline_complete
 *fill*         0x0000000000079af6        0xa 
 .text          0x0000000000079b00      0x266 /root/framework/dpdk/build/lib/librte_cmdline.a(cmdline_parse_etheraddr.o)
                0x0000000000079b00                cmdline_get_help_etheraddr
                0x0000000000079b20                cmdline_parse_etheraddr
 *fill*         0x0000000000079d66        0xa 
 .text          0x0000000000079d70      0x9b9 /root/framework/dpdk/build/lib/librte_cmdline.a(cmdline_parse_ipaddr.o)
                0x0000000000079d70                cmdline_get_help_ipaddr
                0x0000000000079e60                cmdline_parse_ipaddr
 *fill*         0x000000000007a729        0x7 
 .text          0x000000000007a730      0x6c3 /root/framework/dpdk/build/lib/librte_cmdline.a(cmdline_parse_num.o)
                0x000000000007a730                cmdline_parse_num
                0x000000000007ada0                cmdline_get_help_num
 *fill*         0x000000000007adf3        0xd 
 .text          0x000000000007ae00      0x428 /root/framework/dpdk/build/lib/librte_cmdline.a(cmdline_parse_string.o)
                0x000000000007ae00                cmdline_complete_get_nb_string
                0x000000000007ae70                cmdline_parse_string
                0x000000000007b060                cmdline_get_help_string
                0x000000000007b140                cmdline_complete_get_elt_string
 *fill*         0x000000000007b228        0x8 
 .text          0x000000000007b230     0x1641 /root/framework/dpdk/build/lib/librte_cmdline.a(cmdline_rdline.o)
                0x000000000007b3b0                rdline_init
                0x000000000007b430                rdline_newline
                0x000000000007b500                rdline_stop
                0x000000000007b510                rdline_quit
                0x000000000007b520                rdline_restart
                0x000000000007b530                rdline_reset
                0x000000000007b590                rdline_get_buffer
                0x000000000007b600                rdline_redisplay
                0x000000000007b6c0                rdline_char_in
                0x000000000007c650                rdline_get_history_item
                0x000000000007c750                rdline_add_history
                0x000000000007c850                rdline_clear_history
 *fill*         0x000000000007c871        0xf 
 .text          0x000000000007c880      0x148 /root/framework/dpdk/build/lib/librte_cmdline.a(cmdline_vt100.o)
                0x000000000007c880                vt100_init
                0x000000000007c890                vt100_parser
 *fill*         0x000000000007c9c8        0x8 
 .text          0x000000000007c9d0      0x1a1 /root/framework/dpdk/build/lib/librte_cmdline.a(cmdline_socket.o)
                0x000000000007c9d0                cmdline_file_new
                0x000000000007ca30                cmdline_stdin_new
                0x000000000007cb40                cmdline_stdin_exit
 *fill*         0x000000000007cb71        0xf 
 .text          0x000000000007cb80      0x230 /root/framework/dpdk/build/lib/librte_cmdline.a(cmdline_parse_portlist.o)
                0x000000000007cb80                cmdline_get_help_portlist
                0x000000000007cba0                cmdline_parse_portlist
 .text          0x000000000007cdb0     0x1c85 /root/framework/dpdk/build/lib/librte_reorder.a(rte_reorder.o)
                0x000000000007cdb0                rte_reorder_init
                0x000000000007ced0                rte_reorder_create
                0x000000000007d0c0                rte_reorder_reset
                0x000000000007db70                rte_reorder_free
                0x000000000007e6c0                rte_reorder_find_existing
                0x000000000007e760                rte_reorder_insert
                0x000000000007e960                rte_reorder_drain
 *fill*         0x000000000007ea35        0xb 
 .text          0x000000000007ea40      0x2d5 /root/framework/dpdk/build/lib/librte_mempool_stack.a(rte_mempool_stack.o)
 *fill*         0x000000000007ed15        0xb 
 .text          0x000000000007ed20     0x59ac /root/framework/dpdk/build/lib/librte_pmd_af_packet.a(rte_eth_af_packet.o)
 *fill*         0x00000000000846cc        0x4 
 .text          0x00000000000846d0     0x6b69 /root/framework/dpdk/build/lib/librte_pmd_avp.a(avp_ethdev.o)
 *fill*         0x000000000008b239        0x7 
 .text          0x000000000008b240      0x8ed /root/framework/dpdk/build/lib/librte_pmd_failsafe.a(failsafe.o)
                0x000000000008ba00                failsafe_hotplug_alarm_install
                0x000000000008baa0                failsafe_hotplug_alarm_cancel
 *fill*         0x000000000008bb2d        0x3 
 .text          0x000000000008bb30      0xd3a /root/framework/dpdk/build/lib/librte_pmd_failsafe.a(failsafe_args.o)
                0x000000000008bf20                failsafe_args_parse
                0x000000000008c590                failsafe_args_free
                0x000000000008c610                failsafe_args_count_subdevice
                0x000000000008c7e0                failsafe_args_parse_subs
 *fill*         0x000000000008c86a        0x6 
 .text          0x000000000008c870      0x3f9 /root/framework/dpdk/build/lib/librte_pmd_failsafe.a(failsafe_eal.o)
                0x000000000008c870                failsafe_eal_init
                0x000000000008cb20                failsafe_eal_uninit
 *fill*         0x000000000008cc69        0x7 
 .text          0x000000000008cc70     0x2725 /root/framework/dpdk/build/lib/librte_pmd_failsafe.a(failsafe_ops.o)
 *fill*         0x000000000008f395        0xb 
 .text          0x000000000008f3a0      0x53b /root/framework/dpdk/build/lib/librte_pmd_failsafe.a(failsafe_rxtx.o)
                0x000000000008f3a0                failsafe_rx_burst_fast
                0x000000000008f490                failsafe_tx_burst_fast
                0x000000000008f520                failsafe_rx_burst
                0x000000000008f620                failsafe_tx_burst
                0x000000000008f6c0                set_burst_fn
 *fill*         0x000000000008f8db        0x5 
 .text          0x000000000008f8e0      0xf72 /root/framework/dpdk/build/lib/librte_pmd_failsafe.a(failsafe_ether.o)
                0x000000000008f8e0                failsafe_dev_remove
                0x000000000008fb30                failsafe_eth_dev_state_sync
                0x0000000000090690                failsafe_eth_rmv_event_callback
                0x0000000000090820                failsafe_eth_lsc_event_callback
 *fill*         0x0000000000090852        0xe 
 .text          0x0000000000090860      0x9cb /root/framework/dpdk/build/lib/librte_pmd_failsafe.a(failsafe_flow.o)
 *fill*         0x000000000009122b        0x5 
 .text          0x0000000000091230     0x4a0f /root/framework/dpdk/build/lib/librte_pmd_nfp.a(nfp_net.o)
 *fill*         0x0000000000095c3f        0x1 
 .text          0x0000000000095c40     0x786f /root/framework/dpdk/build/lib/librte_pmd_tap.a(rte_eth_tap.o)
 *fill*         0x000000000009d4af        0x1 
 .text          0x000000000009d4b0     0x25b5 /root/framework/dpdk/build/lib/librte_pmd_tap.a(tap_flow.o)
                0x000000000009eb70                tap_flow_flush
                0x000000000009f010                tap_flow_implicit_create
                0x000000000009f620                tap_flow_implicit_destroy
                0x000000000009f7f0                tap_flow_implicit_flush
                0x000000000009fa20                tap_dev_filter_ctrl
 *fill*         0x000000000009fa65        0xb 
 .text          0x000000000009fa70      0x6a3 /root/framework/dpdk/build/lib/librte_pmd_tap.a(tap_netlink.o)
                0x000000000009fbb0                nl_init
                0x000000000009fc90                nl_final
                0x000000000009fcd0                nl_send
                0x000000000009fda0                nl_recv_ack
                0x000000000009fdb0                nl_recv
                0x000000000009ff80                nlattr_add
                0x000000000009ffd0                nlattr_add8
                0x00000000000a0000                nlattr_add16
                0x00000000000a0030                nlattr_add32
                0x00000000000a0060                nlattr_nested_start
                0x00000000000a00e0                nlattr_nested_finish
 *fill*         0x00000000000a0113        0xd 
 .text          0x00000000000a0120      0x3a7 /root/framework/dpdk/build/lib/librte_pmd_tap.a(tap_tcmsgs.o)
                0x00000000000a0290                tc_init_msg
                0x00000000000a02c0                qdisc_add_multiq
                0x00000000000a0370                qdisc_add_ingress
                0x00000000000a0400                qdisc_flush
                0x00000000000a0410                qdisc_create_multiq
                0x00000000000a0470                qdisc_create_ingress
 *fill*         0x00000000000a04c7        0x9 
 .text          0x00000000000a04d0       0x65 /root/framework/dpdk/build/lib/librte_pmd_virtio.a(virtqueue.o)
                0x00000000000a04d0                virtqueue_detatch_unused
 *fill*         0x00000000000a0535        0xb 
 .text          0x00000000000a0540      0xc21 /root/framework/dpdk/build/lib/librte_pmd_virtio.a(virtio_pci.o)
                0x00000000000a0ca0                vtpci_read_dev_config
                0x00000000000a0cc0                vtpci_write_dev_config
                0x00000000000a0ce0                vtpci_negotiate_features
                0x00000000000a0d10                vtpci_reset
                0x00000000000a0d50                vtpci_reinit_complete
                0x00000000000a0da0                vtpci_set_status
                0x00000000000a0df0                vtpci_get_status
                0x00000000000a0e10                vtpci_isr
                0x00000000000a0e30                vtpci_init
 *fill*         0x00000000000a1161        0xf 
 .text          0x00000000000a1170     0x72a8 /root/framework/dpdk/build/lib/librte_pmd_virtio.a(virtio_rxtx.o)
                0x00000000000a2300                virtio_dev_rx_queue_done
                0x00000000000a2320                virtio_dev_cq_start
                0x00000000000a2330                virtio_dev_rx_queue_setup
                0x00000000000a2fd0                virtio_dev_tx_queue_setup
                0x00000000000a33d0                virtio_recv_pkts
                0x00000000000a4be0                virtio_recv_mergeable_pkts
                0x00000000000a5e20                virtio_xmit_pkts
 *fill*         0x00000000000a8418        0x8 
 .text          0x00000000000a8420     0x341d /root/framework/dpdk/build/lib/librte_pmd_virtio.a(virtio_ethdev.o)
                0x00000000000aa3d0                eth_virtio_dev_init
                0x00000000000ab760                virtio_interrupt_handler
 *fill*         0x00000000000ab83d        0x3 
 .text          0x00000000000ab840     0x2d60 /root/framework/dpdk/build/lib/librte_pmd_virtio.a(virtio_rxtx_simple.o)
                0x00000000000ae370                virtio_xmit_pkts_simple
 .text          0x00000000000ae5a0      0x4e7 /root/framework/dpdk/build/lib/librte_pmd_virtio.a(virtio_rxtx_simple_sse.o)
                0x00000000000ae5a0                virtio_recv_pkts_vec
 *fill*         0x00000000000aea87        0x9 
 .text          0x00000000000aea90      0x931 /root/framework/dpdk/build/lib/librte_pmd_virtio.a(vhost_user.o)
 *fill*         0x00000000000af3c1        0xf 
 .text          0x00000000000af3d0      0x567 /root/framework/dpdk/build/lib/librte_pmd_virtio.a(vhost_kernel.o)
 *fill*         0x00000000000af937        0x9 
 .text          0x00000000000af940      0x1c7 /root/framework/dpdk/build/lib/librte_pmd_virtio.a(vhost_kernel_tap.o)
                0x00000000000af940                vhost_kernel_open_tap
 *fill*         0x00000000000afb07        0x9 
 .text          0x00000000000afb10      0xdf7 /root/framework/dpdk/build/lib/librte_pmd_virtio.a(virtio_user_dev.o)
                0x00000000000afb10                virtio_user_start_device
                0x00000000000afe20                virtio_user_stop_device
                0x00000000000afe70                is_vhost_user_by_type
                0x00000000000afec0                virtio_user_dev_init
                0x00000000000b0600                virtio_user_dev_uninit
                0x00000000000b06d0                virtio_user_handle_cq
 *fill*         0x00000000000b0907        0x9 
 .text          0x00000000000b0910      0x8ff /root/framework/dpdk/build/lib/librte_pmd_virtio.a(virtio_user_ethdev.o)
 *fill*         0x00000000000b120f        0x1 
 .text          0x00000000000b1210     0x3e4b /root/framework/dpdk/build/lib/librte_pmd_vhost.a(rte_eth_vhost.o)
                0x00000000000b4ea0                rte_eth_vhost_get_queue_event
                0x00000000000b4fb0                rte_eth_vhost_get_vid_from_port_id
 *fill*         0x00000000000b505b        0x5 
 .text          0x00000000000b5060      0xe7e /root/framework/dpdk/build/lib/librte_pmd_null_crypto.a(null_crypto_pmd.o)
                0x00000000000b5e60                null_crypto_set_session_parameters
 *fill*         0x00000000000b5ede        0x2 
 .text          0x00000000000b5ee0      0x771 /root/framework/dpdk/build/lib/librte_pmd_null_crypto.a(null_crypto_pmd_ops.o)
 *fill*         0x00000000000b6651        0xf 
 .text          0x00000000000b6660      0x95c /root/framework/dpdk/build/lib/librte_pmd_crypto_scheduler.a(scheduler_pmd.o)
 *fill*         0x00000000000b6fbc        0x4 
 .text          0x00000000000b6fc0      0xc8a /root/framework/dpdk/build/lib/librte_pmd_crypto_scheduler.a(scheduler_pmd_ops.o)
 *fill*         0x00000000000b7c4a        0x6 
 .text          0x00000000000b7c50     0x2e5e /root/framework/dpdk/build/lib/librte_pmd_crypto_scheduler.a(rte_cryptodev_scheduler.o)
                0x00000000000b9ba0                rte_cryptodev_scheduler_slave_attach
                0x00000000000b9e30                rte_cryptodev_scheduler_slave_detach
                0x00000000000ba1a0                rte_cryptodev_scheduler_mode_get
                0x00000000000ba240                rte_cryptodev_scheduler_ordering_set
                0x00000000000ba310                rte_cryptodev_scheduler_ordering_get
                0x00000000000ba3b0                rte_cryptodev_scheduler_load_user_scheduler
                0x00000000000ba5f0                rte_cryptodev_scheduler_mode_set
                0x00000000000ba7e0                rte_cryptodev_scheduler_slaves_get
                0x00000000000ba8e0                rte_cryptodev_scheduler_option_set
                0x00000000000ba9b0                rte_cryptodev_scheduler_option_get
 *fill*         0x00000000000baaae        0x2 
 .text          0x00000000000baab0      0xdfe /root/framework/dpdk/build/lib/librte_pmd_crypto_scheduler.a(scheduler_roundrobin.o)
 *fill*         0x00000000000bb8ae        0x2 
 .text          0x00000000000bb8b0     0x1233 /root/framework/dpdk/build/lib/librte_pmd_crypto_scheduler.a(scheduler_pkt_size_distr.o)
 *fill*         0x00000000000bcae3        0xd 
 .text          0x00000000000bcaf0      0xd94 /root/framework/dpdk/build/lib/librte_pmd_crypto_scheduler.a(scheduler_failover.o)
 *fill*         0x00000000000bd884        0xc 
 .text          0x00000000000bd890     0x2d93 /root/framework/dpdk/build/lib/librte_pmd_crypto_scheduler.a(scheduler_multicore.o)
 .text          0x00000000000c0623      0xc6f /root/framework/dpdk/build/lib/librte_pmd_skeleton_event.a(skeleton_eventdev.o)
 *fill*         0x00000000000c1292        0xe 
 .text          0x00000000000c12a0     0x1d67 /root/framework/dpdk/build/lib/librte_pmd_sw_event.a(sw_evdev.o)
 *fill*         0x00000000000c3007        0x9 
 .text          0x00000000000c3010      0xa2d /root/framework/dpdk/build/lib/librte_pmd_sw_event.a(sw_evdev_worker.o)
                0x00000000000c3310                sw_event_enqueue_burst
                0x00000000000c3550                sw_event_enqueue
                0x00000000000c3560                sw_event_dequeue_burst
                0x00000000000c3a30                sw_event_dequeue
 *fill*         0x00000000000c3a3d        0x3 
 .text          0x00000000000c3a40     0x1e8f /root/framework/dpdk/build/lib/librte_pmd_sw_event.a(sw_evdev_scheduler.o)
                0x00000000000c4020                sw_event_schedule
 *fill*         0x00000000000c58cf        0x1 
 .text          0x00000000000c58d0     0x179a /root/framework/dpdk/build/lib/librte_pmd_sw_event.a(sw_evdev_xstats.o)
                0x00000000000c60c0                sw_xstats_init
                0x00000000000c6620                sw_xstats_uninit
                0x00000000000c6640                sw_xstats_get_names
                0x00000000000c6890                sw_xstats_get
                0x00000000000c6bb0                sw_xstats_get_by_name
                0x00000000000c6c50                sw_xstats_reset
 *fill*         0x00000000000c706a        0x6 
 .text          0x00000000000c7070       0xd8 /root/framework/dpdk/build/lib/librte_pmd_octeontx_ssovf.a(ssovf_worker.o)
                0x00000000000c7070                ssows_flush_events
                0x00000000000c70f0                ssows_reset
 .text          0x00000000000c7148     0x12ba /root/framework/dpdk/build/lib/librte_pmd_octeontx_ssovf.a(ssovf_evdev.o)
 .text          0x00000000000c8402      0x841 /root/framework/dpdk/build/lib/librte_pmd_octeontx_ssovf.a(ssovf_probe.o)
                0x00000000000c8402                octeontx_ssovf_info
                0x00000000000c8700                octeontx_ssovf_bar
 .text          0x00000000000c8c43      0x5da /root/framework/dpdk/build/lib/librte_pmd_octeontx_ssovf.a(ssovf_mbox.o)
                0x00000000000c91a8                octeontx_ssovf_mbox_send
 *fill*         0x00000000000c921d        0x3 
 .text          0x00000000000c9220       0x72 /usr/lib/x86_64-linux-gnu/libc_nonshared.a(elf-init.oS)
                0x00000000000c9220                __libc_csu_init
                0x00000000000c9290                __libc_csu_fini
 .text          0x00000000000c9292        0x0 /usr/lib/gcc/x86_64-linux-gnu/6/crtendS.o
 .text          0x00000000000c9292        0x0 /usr/lib/gcc/x86_64-linux-gnu/6/../../../x86_64-linux-gnu/crtn.o
 *(.gnu.warning)

.fini           0x00000000000c9294        0x9
 *(SORT(.fini))
 .fini          0x00000000000c9294        0x4 /usr/lib/gcc/x86_64-linux-gnu/6/../../../x86_64-linux-gnu/crti.o
                0x00000000000c9294                _fini
 .fini          0x00000000000c9298        0x5 /usr/lib/gcc/x86_64-linux-gnu/6/../../../x86_64-linux-gnu/crtn.o
                [!provide]                        PROVIDE (__etext, .)
                [!provide]                        PROVIDE (_etext, .)
                [!provide]                        PROVIDE (etext, .)

.rodata         0x00000000000c92a0    0x1c7d3
 *(.rodata .rodata.* .gnu.linkonce.r.*)
 .rodata.cst4   0x00000000000c92a0        0x4 /usr/lib/gcc/x86_64-linux-gnu/6/../../../x86_64-linux-gnu/Scrt1.o
                0x00000000000c92a0                _IO_stdin_used
 *fill*         0x00000000000c92a4        0x4 
 .rodata        0x00000000000c92a8      0x3dc main.o
 *fill*         0x00000000000c9684        0x4 
 .rodata        0x00000000000c9688      0x96a cperf_options_parsing.o
 *fill*         0x00000000000c9ff2        0xe 
 .rodata        0x00000000000ca000      0x310 cperf_test_throughput.o
 .rodata        0x00000000000ca310      0x354 cperf_test_latency.o
 *fill*         0x00000000000ca664        0xc 
 .rodata        0x00000000000ca670      0x304 cperf_test_verify.o
 *fill*         0x00000000000ca974        0x4 
 .rodata        0x00000000000ca978      0x2fa cperf_test_vector_parsing.o
 *fill*         0x00000000000cac72        0xe 
 .rodata        0x00000000000cac80     0x2060 /root/framework/dpdk/build/lib/librte_hash.a(rte_cuckoo_hash.o)
 .rodata.str1.1
                0x00000000000ccce0        0xc /root/framework/dpdk/build/lib/librte_hash.a(rte_cuckoo_hash.o)
                                         0x20 (size before relaxing)
 *fill*         0x00000000000cccec        0x4 
 .rodata.str1.8
                0x00000000000cccf0       0xcd /root/framework/dpdk/build/lib/librte_hash.a(rte_cuckoo_hash.o)
 .rodata.str1.1
                0x00000000000ccdbd       0x1c /root/framework/dpdk/build/lib/librte_hash.a(rte_fbk_hash.o)
                                         0x25 (size before relaxing)
 *fill*         0x00000000000ccdd9        0x7 
 .rodata.str1.8
                0x00000000000ccde0       0x51 /root/framework/dpdk/build/lib/librte_hash.a(rte_fbk_hash.o)
                                         0x79 (size before relaxing)
 *fill*         0x00000000000cce31        0xf 
 .rodata        0x00000000000cce40     0x2020 /root/framework/dpdk/build/lib/librte_hash.a(rte_fbk_hash.o)
 .rodata.str1.8